Microchip MPLAB XC8 Compiler V1.45 ()

Linker command line:

-W-3 --edf=C:\Program Files\Microchip\xc8\v1.45\dat\en_msgs.txt -cs \
  -h+dist/default/production\tx.X.production.sym \
  --cmf=dist/default/production\tx.X.production.cmf -z -Q16F877A \
  -oC:\Users\SPIRO\AppData\Local\Temp\s2jo.2 \
  -Mdist/default/production/tx.X.production.map -E1 -ver=XC8 \
  -ASTACK=0110h-016fh -pstack=STACK -ACODE=00h-07FFhx4 -ASTRCODE=00h-01FFFh \
  -ASTRING=00h-0FFhx32 -ACONST=00h-0FFhx32 -AENTRY=00h-0FFhx32 \
  -ACOMMON=070h-07Fh -ABANK0=020h-06Fh -ABANK1=0A0h-0EFh \
  -ABANK2=0110h-016Fh -ABANK3=0190h-01EFh \
  -ARAM=020h-06Fh,0A0h-0EFh,0110h-016Fh,0190h-01EFh \
  -AABS1=020h-07Fh,0A0h-0EFh,0110h-016Fh,0190h-01EFh -ASFR0=00h-01Fh \
  -ASFR1=080h-09Fh -ASFR2=0100h-010Fh -ASFR3=0180h-018Fh \
  -preset_vec=00h,intentry=04h,init,end_init -ppowerup=CODE -pcinit=CODE \
  -pfunctab=ENTRY -ACONFIG=02007h-02007h -pconfig=CONFIG -DCONFIG=2 \
  -AIDLOC=02000h-02003h -pidloc=IDLOC -DIDLOC=2 -AEEDATA=00h-0FFh/02100h \
  -peeprom_data=EEDATA -DEEDATA=2 -DCODE=2 -DSTRCODE=2 -DSTRING=2 -DCONST=2 \
  -DENTRY=2 -k C:\Users\SPIRO\AppData\Local\Temp\s2jo.obj \
  dist/default/production\tx.X.production.obj 

Object code version is 3.11

Machine type is 16F877A



                Name                               Link     Load   Length Selector   Space Scale
C:\Users\SPIRO\AppData\Local\Temp\s2jo.obj
                end_init                             12       12        3        8       0
                reset_vec                             0        0        3        0       0
                config                             2007     2007        1     400E       0
dist/default/production\tx.X.production.obj
                cinit                                15       15       4A        8       0
                intentry                              4        4        E        8       0
                text13                              542      542        6      6B2       0
                text12                              53C      53C        6      6B2       0
                text11                              3E9      3E9       3E      6B2       0
                text10                              4D7      4D7       18      6B2       0
                text9                               4BA      4BA       1D      6B2       0
                text8                               529      529        B      6B2       0
                text7                               24A      24A       61        8       0
                text6                               359      359       52      6B2       0
                text5                               3AB      3AB       3E      6B2       0
                text4                               1E7      1E7       63        8       0
                text3                               44F      44F       26      6B2       0
                text2                               475      475       23      6B2       0
                text1                               505      505       13      6B2       0
                maintext                             5F       5F      188        8       0
                cstackBANK0                          60       60        F       20       1
                cstackCOMMON                         75       75        5       70       1
                cstackBANK1                          E4       E4        3       A0       1
                clrtext                             534      534        8      6B2       0
                inittext                            518      518       11      6B2       0
                dataBANK3                           190      190       22      190       1
                bssBANK3                            1B2      1B2       1E      190       1
                dataBANK1                            CE       CE       16       A0       1
                bssBANK1                             A0       A0       2E       A0       1
                dataBANK0                            20       20       28       20       1
                bssBANK0                             48       48       18       20       1
                bssCOMMON                            70       70        5       70       1
                strings                             300      300       59      600       0
                idataBANK3                          498      498       22      6B2       0
                idataBANK1                          4EF      4EF       16      6B2       0
                idataBANK0                          427      427       28      6B2       0

TOTAL           Name                               Link     Load   Length     Space
        CLASS   STACK          

        CLASS   CODE           
                end_init                             12       12        3         0
                cinit                                15       15       4A         0
                intentry                              4        4        E         0
                reset_vec                             0        0        3         0
                text13                              542      542        6         0
                text12                              53C      53C        6         0
                text11                              3E9      3E9       3E         0
                text10                              4D7      4D7       18         0
                text9                               4BA      4BA       1D         0
                text8                               529      529        B         0
                text7                               24A      24A       61         0
                text6                               359      359       52         0
                text5                               3AB      3AB       3E         0
                text4                               1E7      1E7       63         0
                text3                               44F      44F       26         0
                text2                               475      475       23         0
                text1                               505      505       13         0
                maintext                             5F       5F      188         0
                clrtext                             534      534        8         0
                inittext                            518      518       11         0
                idataBANK3                          498      498       22         0
                idataBANK1                          4EF      4EF       16         0
                idataBANK0                          427      427       28         0

        CLASS   STRCODE        

        CLASS   STRING         
                strings                             300      300       59         0

        CLASS   CONST          

        CLASS   ENTRY          

        CLASS   COMMON         
                cstackCOMMON                         75       75        5         1
                bssCOMMON                            70       70        5         1

        CLASS   BANK0          
                cstackBANK0                          60       60        F         1
                dataBANK0                            20       20       28         1
                bssBANK0                             48       48       18         1

        CLASS   BANK1          
                cstackBANK1                          E4       E4        3         1
                dataBANK1                            CE       CE       16         1
                bssBANK1                             A0       A0       2E         1

        CLASS   BANK2          

        CLASS   BANK3          
                dataBANK3                           190      190       22         1
                bssBANK3                            1B2      1B2       1E         1

        CLASS   RAM            

        CLASS   ABS1           
                abs_s1                               7E       7E        2         1

        CLASS   SFR0           

        CLASS   SFR1           

        CLASS   SFR2           

        CLASS   SFR3           

        CLASS   CONFIG         
                config                             2007     2007        1         0

        CLASS   IDLOC          

        CLASS   EEDATA         



SEGMENTS        Name                           Load    Length   Top    Selector   Space  Class     Delta

                reset_vec                      000000  000003  000003         0       0  CODE        2
                intentry                       000004  0002A7  0002AB         8       0  CODE        2
                dataBANK0                      000020  00004F  00006F        20       1  BANK0       1
                bssCOMMON                      000070  00000A  00007A        70       1  COMMON      1
                bssBANK1                       0000A0  000047  0000E7        A0       1  BANK1       1
                dataBANK3                      000190  000040  0001D0       190       1  BANK3       1
                strings                        000300  000059  000359       600       0  STRING      2
                text6                          000359  0001EF  000548       6B2       0  CODE        2
                config                         002007  000001  002008      400E       0  CONFIG      2


UNUSED ADDRESS RANGES

        Name                Unused          Largest block    Delta
        BANK0            006F-006F              1           1
        BANK1            00E7-00EF              9           1
        BANK2            0110-016F             60           1
        BANK3            01D0-01EF             20           1
        CODE             0003-0003              1           2
                         02AB-02FF             55
                         0548-1FFF            800
        COMMON           007A-007D              4           1
        CONST            0003-0003              1           2
                         02AB-02FF             55
                         0548-1FFF            100
        EEDATA           2100-21FF            100           2
        ENTRY            0003-0003              1           2
                         02AB-02FF             55
                         0548-1FFF            100
        IDLOC            2000-2003              4           2
        RAM              006F-006F              1           1
                         00E7-00EF              9
                         0110-016F             60
                         01D0-01EF             20
        SFR0             0000-001F             20           1
        SFR1             0080-009F             20           1
        SFR2             0100-010F             10           1
        SFR3             0180-018F             10           1
        STACK            0110-016F             60           1
        STRCODE          0003-0003              1           2
                         02AB-02FF             55
                         0548-1FFF           1AB8
        STRING           0003-0003              1           2
                         02AB-02FF             55
                         0548-1FFF            100

                                  Symbol Table

Lcd_Cmd@a                  cstackBANK0  0063
Lcd_Port@a                 cstackBANK0  0060
Lcd_Set_Cursor@a           cstackBANK0  0067
Lcd_Set_Cursor@b           cstackBANK0  0064
Lcd_Set_Cursor@temp        cstackBANK0  006A
Lcd_Set_Cursor@y           cstackBANK0  0069
Lcd_Set_Cursor@z           cstackBANK0  0068
Lcd_String@a               cstackBANK0  0069
Lcd_String@b               cstackBANK0  0065
Lcd_String@c               cstackBANK0  0066
Lcd_String@i               cstackBANK0  006A
Lcd_String@temp            cstackBANK0  006E
Lcd_String@y               cstackBANK0  006D
Lcd_String@z               cstackBANK0  006C
Lcd_Write_Char@a           cstackBANK0  0064
Lcd_Write_Char@temp        cstackBANK0  0062
Lcd_Write_Char@y           cstackBANK0  0063
Lcd_Write_String@a         cstackBANK0  0067
Lcd_Write_String@i         cstackBANK0  0065
UART1_Write@data           cstackBANK0  0061
_ADCON0                    (abs)        001F
_ADCON1                    (abs)        009F
_ADRESH                    (abs)        001E
_ADRESL                    (abs)        009E
_AT                        dataBANK0    0045
_BRGH                      (abs)        04C2
_CREN                      (abs)        00C4
_GIE                       (abs)        005F
_GO_nDONE                  (abs)        00FA
_ISR                       text11       03E9
_Lcd_Clear                 text8        0529
_Lcd_Cmd                   text9        04BA
_Lcd_Init                  text7        024A
_Lcd_Port                  text10       04D7
_Lcd_Set_Cursor            text6        0359
_Lcd_String                text4        01E7
_Lcd_Write_Char            text5        03AB
_Lcd_Write_String          text3        044F
_OERR                      (abs)        00C1
_PEIE                      (abs)        005E
_PORTD                     (abs)        0008
_RB1                       (abs)        0031
_RB2                       (abs)        0032
_RCIE                      (abs)        0465
_RCIF                      (abs)        0065
_RCREG                     (abs)        001A
_RCSTA                     (abs)        0018
_RD0                       (abs)        0040
_RD1                       (abs)        0041
_RD2                       (abs)        0042
_RD4                       (abs)        0044
_RD5                       (abs)        0045
_RD6                       (abs)        0046
_RD7                       (abs)        0047
_RX9                       (abs)        00C6
_SPBRG                     (abs)        0099
_SPEN                      (abs)        00C7
_SYNC                      (abs)        04C4
_TRISB1                    (abs)        0431
_TRISB2                    (abs)        0432
_TRISC6                    (abs)        043E
_TRISC7                    (abs)        043F
_TRISD                     (abs)        0088
_TRMT                      (abs)        04C1
_TX9                       (abs)        04C6
_TXEN                      (abs)        04C5
_TXREG                     (abs)        0019
_TXSTA                     (abs)        0098
_UART1_Data_Ready          text13       0542
_UART1_Init                text2        0475
_UART1_Read                text12       053C
_UART1_Write               text1        0505
__CFG_BOREN$OFF            (abs)        0000
__CFG_CP$OFF               (abs)        0000
__CFG_CPD$OFF              (abs)        0000
__CFG_FOSC$HS              (abs)        0000
__CFG_LVP$OFF              (abs)        0000
__CFG_PWRTE$OFF            (abs)        0000
__CFG_WDTE$OFF             (abs)        0000
__CFG_WRT$OFF              (abs)        0000
__Habs1                    abs1         0000
__Hbank0                   bank0        0000
__Hbank1                   bank1        0000
__Hbank2                   bank2        0000
__Hbank3                   bank3        0000
__HbssBANK0                bssBANK0     0000
__HbssBANK1                bssBANK1     0000
__HbssBANK3                bssBANK3     0000
__HbssCOMMON               bssCOMMON    0000
__Hcinit                   cinit        005F
__Hclrtext                 clrtext      0000
__Hcode                    code         0000
__Hcommon                  common       0000
__Hconfig                  config       2008
__HcstackBANK0             cstackBANK0  0000
__HcstackBANK1             cstackBANK1  0000
__HcstackCOMMON            cstackCOMMON 0000
__HdataBANK0               dataBANK0    0000
__HdataBANK1               dataBANK1    0000
__HdataBANK3               dataBANK3    0000
__Heeprom_data             eeprom_data  0000
__Hend_init                end_init     0015
__Hfunctab                 functab      0000
__HidataBANK0              idataBANK0   0000
__HidataBANK1              idataBANK1   0000
__HidataBANK3              idataBANK3   0000
__Hidloc                   idloc        0000
__Hinit                    init         0012
__Hinittext                inittext     0000
__Hintentry                intentry     0012
__Hmaintext                maintext     0000
__Hpowerup                 powerup      0000
__Hram                     ram          0000
__Hreset_vec               reset_vec    0003
__Hsfr0                    sfr0         0000
__Hsfr1                    sfr1         0000
__Hsfr2                    sfr2         0000
__Hsfr3                    sfr3         0000
__Hspace_0                 (abs)        2008
__Hspace_1                 (abs)        01D0
__Hspace_2                 (abs)        0000
__Hspace_3                 (abs)        0000
__Hstack                   stack        0000
__Hstrings                 strings      0000
__Htext                    text         0000
__Labs1                    abs1         0000
__Lbank0                   bank0        0000
__Lbank1                   bank1        0000
__Lbank2                   bank2        0000
__Lbank3                   bank3        0000
__LbssBANK0                bssBANK0     0000
__LbssBANK1                bssBANK1     0000
__LbssBANK3                bssBANK3     0000
__LbssCOMMON               bssCOMMON    0000
__Lcinit                   cinit        0015
__Lclrtext                 clrtext      0000
__Lcode                    code         0000
__Lcommon                  common       0000
__Lconfig                  config       2007
__LcstackBANK0             cstackBANK0  0000
__LcstackBANK1             cstackBANK1  0000
__LcstackCOMMON            cstackCOMMON 0000
__LdataBANK0               dataBANK0    0000
__LdataBANK1               dataBANK1    0000
__LdataBANK3               dataBANK3    0000
__Leeprom_data             eeprom_data  0000
__Lend_init                end_init     0012
__Lfunctab                 functab      0000
__LidataBANK0              idataBANK0   0000
__LidataBANK1              idataBANK1   0000
__LidataBANK3              idataBANK3   0000
__Lidloc                   idloc        0000
__Linit                    init         0012
__Linittext                inittext     0000
__Lintentry                intentry     0004
__Lmaintext                maintext     0000
__Lpowerup                 powerup      0000
__Lram                     ram          0000
__Lreset_vec               reset_vec    0000
__Lsfr0                    sfr0         0000
__Lsfr1                    sfr1         0000
__Lsfr2                    sfr2         0000
__Lsfr3                    sfr3         0000
__Lspace_0                 (abs)        0000
__Lspace_1                 (abs)        0000
__Lspace_2                 (abs)        0000
__Lspace_3                 (abs)        0000
__Lstack                   stack        0000
__Lstrings                 strings      0000
__Ltext                    text         0000
__S0                       (abs)        2008
__S1                       (abs)        01D0
__S2                       (abs)        0000
__S3                       (abs)        0000
___int_sp                  stack        0000
___latbits                 (abs)        0002
___sp                      stack        0000
__end_of_ISR               text11       0427
__end_of_Lcd_Clear         text8        0534
__end_of_Lcd_Cmd           text9        04D7
__end_of_Lcd_Init          text7        02AB
__end_of_Lcd_Port          text10       04EF
__end_of_Lcd_Set_Cursor    text6        03AB
__end_of_Lcd_String        text4        024A
__end_of_Lcd_Write_Char    text5        03E9
__end_of_Lcd_Write_String  text3        0475
__end_of_UART1_Data_Ready  text13       0548
__end_of_UART1_Init        text2        0498
__end_of_UART1_Read        text12       0542
__end_of_UART1_Write       text1        0518
__end_of__initialization   cinit        005B
__end_of__stringtab        strings      0310
__end_of_main              maintext     01E7
__initialization           cinit        0015
__pbssBANK0                bssBANK0     0048
__pbssBANK1                bssBANK1     00A0
__pbssBANK3                bssBANK3     01B2
__pbssCOMMON               bssCOMMON    0070
__pcstackBANK0             cstackBANK0  0060
__pcstackBANK1             cstackBANK1  00E4
__pcstackCOMMON            cstackCOMMON 0075
__pdataBANK0               dataBANK0    0020
__pdataBANK1               dataBANK1    00CE
__pdataBANK3               dataBANK3    0190
__pidataBANK0              idataBANK0   0427
__pidataBANK1              idataBANK1   04EF
__pidataBANK3              idataBANK3   0498
__pintentry                intentry     0004
__pmaintext                maintext     005F
__pstrings                 strings      0300
__ptext1                   text1        0505
__ptext10                  text10       04D7
__ptext11                  text11       03E9
__ptext12                  text12       053C
__ptext13                  text13       0542
__ptext2                   text2        0475
__ptext3                   text3        044F
__ptext4                   text4        01E7
__ptext5                   text5        03AB
__ptext6                   text6        0359
__ptext7                   text7        024A
__ptext8                   text8        0529
__ptext9                   text9        04BA
__size_of_ISR              (abs)        0000
__size_of_Lcd_Clear        (abs)        0000
__size_of_Lcd_Cmd          (abs)        0000
__size_of_Lcd_Init         (abs)        0000
__size_of_Lcd_Port         (abs)        0000
__size_of_Lcd_Set_Cursor   (abs)        0000
__size_of_Lcd_String       (abs)        0000
__size_of_Lcd_Write_Char   (abs)        0000
__size_of_Lcd_Write_String (abs)        0000
__size_of_UART1_Data_Ready (abs)        0000
__size_of_UART1_Init       (abs)        0000
__size_of_UART1_Read       (abs)        0000
__size_of_UART1_Write      (abs)        0000
__size_of_main             (abs)        0000
__stringbase               strings      030F
__stringtab                strings      0300
_a                         bssCOMMON    0074
_a1                        dataBANK0    002B
_a2                        dataBANK0    0020
_a3                        dataBANK1    00D9
_a4                        dataBANK1    00CE
_gps_data                  bssBANK1     00AB
_gps_flag                  bssBANK0     005E
_i                         bssCOMMON    0072
_j                         bssCOMMON    0070
_k                         bssBANK0     005C
_main                      maintext     005F
_mode_text                 dataBANK0    0036
_noecho                    dataBANK0    0040
_rfid                      bssBANK0     0048
_rgps                      bssCOMMON    0073
btemp                      (abs)        007E
clear_ram0                 clrtext      0534
end_of_initialization      cinit        005B
init_fetch0                inittext     0518
init_ram0                  inittext     051C
interrupt_function         intentry     0004
intlevel0                  functab      0000
intlevel1                  functab      0000
intlevel2                  functab      0000
intlevel3                  functab      0000
intlevel4                  functab      0000
intlevel5                  functab      0000
reset_vec                  reset_vec    0000
saved_w                    (abs)        007E
stackhi                    (abs)        0000
stacklo                    (abs)        0000
start                      init         0012
start_initialization       cinit        0015
wtemp0                     (abs)        007E


FUNCTION INFORMATION:

 *************** function _main *****************
 Defined at:
		line 28 in file "tx.c"
 Parameters:    Size  Location     Type
		None
 Auto vars:     Size  Location     Type
		None
 Return value:  Size  Location     Type
                  1    wreg      void 
 Registers used:
		wreg, fsr0l, fsr0h, status,2, status,0, pclath, cstack
 Tracked objects:
		On entry : 
		On exit  : 
		Unchanged: 
 Data sizes:     COMMON   BANK0   BANK1   BANK3   BANK2
      Params:         0       0       0       0       0
      Locals:         0       0       0       0       0
      Temps:          0       0       3       0       0
      Totals:         0       0       3       0       0
Total ram usage:        3 bytes
 Hardware stack levels required when called:    5
 This function calls:
		_Lcd_Clear
		_Lcd_Init
		_Lcd_Set_Cursor
		_Lcd_String
		_Lcd_Write_String
		_UART1_Init
		_UART1_Write
 This function is called by:
		Startup code after reset
 This function uses a non-reentrant model


 *************** function _UART1_Write *****************
 Defined at:
		line 194 in file "pic16f87xa.c"
 Parameters:    Size  Location     Type
  data            1    wreg     unsigned char 
 Auto vars:     Size  Location     Type
  data            1    1[BANK0 ] unsigned char 
 Return value:  Size  Location     Type
                  1    wreg      void 
 Registers used:
		wreg
 Tracked objects:
		On entry : 
		On exit  : 
		Unchanged: 
 Data sizes:     COMMON   BANK0   BANK1   BANK3   BANK2
      Params:         0       0       0       0       0
      Locals:         0       1       0       0       0
      Temps:          0       1       0       0       0
      Totals:         0       2       0       0       0
Total ram usage:        2 bytes
 Hardware stack levels used:    1
 Hardware stack levels required when called:    2
 This function calls:
		Nothing
 This function is called by:
		_main
		_UART1_Send
		_GSM1_Init
		_GSM1_Send
		_GPS_GSM_Send1
		_GPS_GSM_Send2
 This function uses a non-reentrant model


 *************** function _UART1_Init *****************
 Defined at:
		line 177 in file "pic16f87xa.c"
 Parameters:    Size  Location     Type
		None
 Auto vars:     Size  Location     Type
		None
 Return value:  Size  Location     Type
                  1    wreg      void 
 Registers used:
		wreg
 Tracked objects:
		On entry : 
		On exit  : 
		Unchanged: 
 Data sizes:     COMMON   BANK0   BANK1   BANK3   BANK2
      Params:         0       0       0       0       0
      Locals:         0       0       0       0       0
      Temps:          0       0       0       0       0
      Totals:         0       0       0       0       0
Total ram usage:        0 bytes
 Hardware stack levels used:    1
 Hardware stack levels required when called:    2
 This function calls:
		Nothing
 This function is called by:
		_main
		_GSM1_Init
		_GSM1_Send
		_GPS_GSM_Send1
		_GPS_GSM_Send2
 This function uses a non-reentrant model


 *************** function _Lcd_Write_String *****************
 Defined at:
		line 136 in file "pic16f87xa.c"
 Parameters:    Size  Location     Type
  a               1    wreg     PTR unsigned char 
		 -> STR_23(8), STR_22(5), STR_21(4), STR_20(5), 
		 -> STR_19(5), 
 Auto vars:     Size  Location     Type
  a               1    7[BANK0 ] PTR unsigned char 
		 -> STR_23(8), STR_22(5), STR_21(4), STR_20(5), 
		 -> STR_19(5), 
  i               2    5[BANK0 ] int 
 Return value:  Size  Location     Type
                  1    wreg      void 
 Registers used:
		wreg, fsr0l, fsr0h, status,2, status,0, pclath, cstack
 Tracked objects:
		On entry : 
		On exit  : 
		Unchanged: 
 Data sizes:     COMMON   BANK0   BANK1   BANK3   BANK2
      Params:         0       0       0       0       0
      Locals:         0       3       0       0       0
      Temps:          0       0       0       0       0
      Totals:         0       3       0       0       0
Total ram usage:        3 bytes
 Hardware stack levels used:    1
 Hardware stack levels required when called:    4
 This function calls:
		_Lcd_Write_Char
 This function is called by:
		_main
 This function uses a non-reentrant model


 *************** function _Lcd_String *****************
 Defined at:
		line 142 in file "pic16f87xa.c"
 Parameters:    Size  Location     Type
  a               1    wreg     unsigned char 
  b               1    5[BANK0 ] unsigned char 
  c               1    6[BANK0 ] PTR unsigned char 
		 -> STR_18(15), STR_17(9), 
 Auto vars:     Size  Location     Type
  a               1    9[BANK0 ] unsigned char 
  i               2   10[BANK0 ] int 
  temp            1   14[BANK0 ] unsigned char 
  y               1   13[BANK0 ] unsigned char 
  z               1   12[BANK0 ] unsigned char 
 Return value:  Size  Location     Type
                  1    wreg      void 
 Registers used:
		wreg, fsr0l, fsr0h, status,2, status,0, pclath, cstack
 Tracked objects:
		On entry : 
		On exit  : 
		Unchanged: 
 Data sizes:     COMMON   BANK0   BANK1   BANK3   BANK2
      Params:         0       2       0       0       0
      Locals:         0       6       0       0       0
      Temps:          0       2       0       0       0
      Totals:         0      10       0       0       0
Total ram usage:       10 bytes
 Hardware stack levels used:    1
 Hardware stack levels required when called:    4
 This function calls:
		_Lcd_Cmd
		_Lcd_Write_Char
 This function is called by:
		_main
 This function uses a non-reentrant model


 *************** function _Lcd_Write_Char *****************
 Defined at:
		line 85 in file "pic16f87xa.c"
 Parameters:    Size  Location     Type
  a               1    wreg     unsigned char 
 Auto vars:     Size  Location     Type
  a               1    4[BANK0 ] unsigned char 
  y               1    3[BANK0 ] unsigned char 
  temp            1    2[BANK0 ] unsigned char 
 Return value:  Size  Location     Type
                  1    wreg      void 
 Registers used:
		wreg, status,2, status,0, pclath, cstack
 Tracked objects:
		On entry : 
		On exit  : 
		Unchanged: 
 Data sizes:     COMMON   BANK0   BANK1   BANK3   BANK2
      Params:         0       0       0       0       0
      Locals:         0       3       0       0       0
      Temps:          0       1       0       0       0
      Totals:         0       4       0       0       0
Total ram usage:        4 bytes
 Hardware stack levels used:    1
 Hardware stack levels required when called:    3
 This function calls:
		_Lcd_Port
 This function is called by:
		_Lcd_Write_String
		_Lcd_String
 This function uses a non-reentrant model


 *************** function _Lcd_Set_Cursor *****************
 Defined at:
		line 45 in file "pic16f87xa.c"
 Parameters:    Size  Location     Type
  a               1    wreg     unsigned char 
  b               1    4[BANK0 ] unsigned char 
 Auto vars:     Size  Location     Type
  a               1    7[BANK0 ] unsigned char 
  temp            1   10[BANK0 ] unsigned char 
  y               1    9[BANK0 ] unsigned char 
  z               1    8[BANK0 ] unsigned char 
 Return value:  Size  Location     Type
                  1    wreg      void 
 Registers used:
		wreg, status,2, status,0, pclath, cstack
 Tracked objects:
		On entry : 
		On exit  : 
		Unchanged: 
 Data sizes:     COMMON   BANK0   BANK1   BANK3   BANK2
      Params:         0       1       0       0       0
      Locals:         0       4       0       0       0
      Temps:          0       2       0       0       0
      Totals:         0       7       0       0       0
Total ram usage:        7 bytes
 Hardware stack levels used:    1
 Hardware stack levels required when called:    4
 This function calls:
		_Lcd_Cmd
 This function is called by:
		_main
 This function uses a non-reentrant model


 *************** function _Lcd_Init *****************
 Defined at:
		line 66 in file "pic16f87xa.c"
 Parameters:    Size  Location     Type
		None
 Auto vars:     Size  Location     Type
		None
 Return value:  Size  Location     Type
                  1    wreg      void 
 Registers used:
		wreg, status,2, status,0, pclath, cstack
 Tracked objects:
		On entry : 
		On exit  : 
		Unchanged: 
 Data sizes:     COMMON   BANK0   BANK1   BANK3   BANK2
      Params:         0       0       0       0       0
      Locals:         0       0       0       0       0
      Temps:          0       2       0       0       0
      Totals:         0       2       0       0       0
Total ram usage:        2 bytes
 Hardware stack levels used:    1
 Hardware stack levels required when called:    4
 This function calls:
		_Lcd_Cmd
		_Lcd_Port
 This function is called by:
		_main
 This function uses a non-reentrant model


 *************** function _Lcd_Clear *****************
 Defined at:
		line 39 in file "pic16f87xa.c"
 Parameters:    Size  Location     Type
		None
 Auto vars:     Size  Location     Type
		None
 Return value:  Size  Location     Type
                  2  110[None  ] int 
 Registers used:
		wreg, status,2, status,0, pclath, cstack
 Tracked objects:
		On entry : 
		On exit  : 
		Unchanged: 
 Data sizes:     COMMON   BANK0   BANK1   BANK3   BANK2
      Params:         0       0       0       0       0
      Locals:         0       0       0       0       0
      Temps:          0       0       0       0       0
      Totals:         0       0       0       0       0
Total ram usage:        0 bytes
 Hardware stack levels used:    1
 Hardware stack levels required when called:    4
 This function calls:
		_Lcd_Cmd
 This function is called by:
		_main
 This function uses a non-reentrant model


 *************** function _Lcd_Cmd *****************
 Defined at:
		line 29 in file "pic16f87xa.c"
 Parameters:    Size  Location     Type
  a               1    wreg     unsigned char 
 Auto vars:     Size  Location     Type
  a               1    3[BANK0 ] unsigned char 
 Return value:  Size  Location     Type
                  1    wreg      void 
 Registers used:
		wreg, status,2, status,0, pclath, cstack
 Tracked objects:
		On entry : 
		On exit  : 
		Unchanged: 
 Data sizes:     COMMON   BANK0   BANK1   BANK3   BANK2
      Params:         0       0       0       0       0
      Locals:         0       1       0       0       0
      Temps:          0       2       0       0       0
      Totals:         0       3       0       0       0
Total ram usage:        3 bytes
 Hardware stack levels used:    1
 Hardware stack levels required when called:    3
 This function calls:
		_Lcd_Port
 This function is called by:
		_Lcd_Clear
		_Lcd_Set_Cursor
		_Lcd_Init
		_Lcd_String
		_Lcd_Char
		_Lcd_Shift_Right
		_Lcd_Shift_Left
 This function uses a non-reentrant model


 *************** function _Lcd_Port *****************
 Defined at:
		line 7 in file "pic16f87xa.c"
 Parameters:    Size  Location     Type
  a               1    wreg     unsigned char 
 Auto vars:     Size  Location     Type
  a               1    0[BANK0 ] unsigned char 
 Return value:  Size  Location     Type
                  1    wreg      void 
 Registers used:
		wreg
 Tracked objects:
		On entry : 
		On exit  : 
		Unchanged: 
 Data sizes:     COMMON   BANK0   BANK1   BANK3   BANK2
      Params:         0       0       0       0       0
      Locals:         0       1       0       0       0
      Temps:          0       0       0       0       0
      Totals:         0       1       0       0       0
Total ram usage:        1 bytes
 Hardware stack levels used:    1
 Hardware stack levels required when called:    2
 This function calls:
		Nothing
 This function is called by:
		_Lcd_Cmd
		_Lcd_Init
		_Lcd_Write_Char
		_Lcd_Char
 This function uses a non-reentrant model


 *************** function _ISR *****************
 Defined at:
		line 113 in file "tx.c"
 Parameters:    Size  Location     Type
		None
 Auto vars:     Size  Location     Type
		None
 Return value:  Size  Location     Type
                  1    wreg      void 
 Registers used:
		wreg, fsr0l, fsr0h, status,2, status,0, pclath, cstack
 Tracked objects:
		On entry : 
		On exit  : 
		Unchanged: 
 Data sizes:     COMMON   BANK0   BANK1   BANK3   BANK2
      Params:         0       0       0       0       0
      Locals:         0       0       0       0       0
      Temps:          5       0       0       0       0
      Totals:         5       0       0       0       0
Total ram usage:        5 bytes
 Hardware stack levels used:    1
 Hardware stack levels required when called:    1
 This function calls:
		_UART1_Data_Ready
		_UART1_Read
 This function is called by:
		Interrupt level 1
 This function uses a non-reentrant model


 *************** function _UART1_Read *****************
 Defined at:
		line 312 in file "pic16f87xa.c"
 Parameters:    Size  Location     Type
		None
 Auto vars:     Size  Location     Type
		None
 Return value:  Size  Location     Type
                  1    wreg      unsigned char 
 Registers used:
		wreg
 Tracked objects:
		On entry : 
		On exit  : 
		Unchanged: 
 Data sizes:     COMMON   BANK0   BANK1   BANK3   BANK2
      Params:         0       0       0       0       0
      Locals:         0       0       0       0       0
      Temps:          0       0       0       0       0
      Totals:         0       0       0       0       0
Total ram usage:        0 bytes
 Hardware stack levels used:    1
 This function calls:
		Nothing
 This function is called by:
		_ISR
		_UART1_Read_Text
 This function uses a non-reentrant model


 *************** function _UART1_Data_Ready *****************
 Defined at:
		line 308 in file "pic16f87xa.c"
 Parameters:    Size  Location     Type
		None
 Auto vars:     Size  Location     Type
		None
 Return value:  Size  Location     Type
                  1    wreg      unsigned char 
 Registers used:
		wreg
 Tracked objects:
		On entry : 
		On exit  : 
		Unchanged: 
 Data sizes:     COMMON   BANK0   BANK1   BANK3   BANK2
      Params:         0       0       0       0       0
      Locals:         0       0       0       0       0
      Temps:          0       0       0       0       0
      Totals:         0       0       0       0       0
Total ram usage:        0 bytes
 Hardware stack levels used:    1
 This function calls:
		Nothing
 This function is called by:
		_ISR
		_UART1_Read_String
 This function uses a non-reentrant model



MODULE INFORMATION

Module		Function		Class		Link	Load	Size
pic16f87xa.c
		_Lcd_Write_String		CODE           	044F	0000	39
		_Lcd_String    		CODE           	01E7	0000	100
		_Lcd_Init      		CODE           	024A	0000	98
		_UART1_Write   		CODE           	0505	0000	20
		_Lcd_Write_Char		CODE           	03AB	0000	63
		_UART1_Data_Ready		CODE           	0542	0000	7
		_Lcd_Cmd       		CODE           	04BA	0000	30
		_UART1_Init    		CODE           	0475	0000	36
		_Lcd_Set_Cursor		CODE           	0359	0000	83
		_Lcd_Clear     		CODE           	0529	0000	12
		_UART1_Read    		CODE           	053C	0000	7
		_Lcd_Port      		CODE           	04D7	0000	25

pic16f87xa.c estimated size: 520

shared
		__stringtab    		STRING         	0300	0000	17
		__initialization		CODE           	0015	0000	71

shared estimated size: 88

tx.c
		_ISR           		CODE           	03E9	0000	63
		_main          		CODE           	005F	0000	393

tx.c estimated size: 456

