Microchip MPLAB XC8 Compiler V1.45 ()

Linker command line:

-W-3 --edf=C:\Program Files\Microchip\xc8\v1.45\dat\en_msgs.txt -cs \
  -h+dist/default/production\grid.X.production.sym \
  --cmf=dist/default/production\grid.X.production.cmf -z -Q16F877A \
  -oC:\Users\SPIRO\AppData\Local\Temp\s9ok.2 \
  -Mdist/default/production/grid.X.production.map -E1 -ver=XC8 \
  -ASTACK=0110h-016fh -pstack=STACK -ACODE=00h-07FFhx4 -ASTRCODE=00h-01FFFh \
  -ASTRING=00h-0FFhx32 -ACONST=00h-0FFhx32 -AENTRY=00h-0FFhx32 \
  -ACOMMON=070h-07Fh -ABANK0=020h-06Fh -ABANK1=0A0h-0EFh \
  -ABANK2=0110h-016Fh -ABANK3=0190h-01EFh \
  -ARAM=020h-06Fh,0A0h-0EFh,0110h-016Fh,0190h-01EFh \
  -AABS1=020h-07Fh,0A0h-0EFh,0110h-016Fh,0190h-01EFh -ASFR0=00h-01Fh \
  -ASFR1=080h-09Fh -ASFR2=0100h-010Fh -ASFR3=0180h-018Fh \
  -preset_vec=00h,intentry,init,end_init -ppowerup=CODE -pcinit=CODE \
  -pfunctab=ENTRY -ACONFIG=02007h-02007h -pconfig=CONFIG -DCONFIG=2 \
  -AIDLOC=02000h-02003h -pidloc=IDLOC -DIDLOC=2 -AEEDATA=00h-0FFh/02100h \
  -peeprom_data=EEDATA -DEEDATA=2 -DCODE=2 -DSTRCODE=2 -DSTRING=2 -DCONST=2 \
  -DENTRY=2 -k C:\Users\SPIRO\AppData\Local\Temp\s9ok.obj \
  dist/default/production\grid.X.production.obj 

Object code version is 3.11

Machine type is 16F877A



                Name                               Link     Load   Length Selector   Space Scale
C:\Users\SPIRO\AppData\Local\Temp\s9ok.obj
                end_init                              0        0        3        0       0
                config                             2007     2007        1     400E       0
dist/default/production\grid.X.production.obj
                cinit                               7DF      7DF       21      FBE       0
                text14                              166      166        E      2CC       0
                text13                              24A      24A       30      494       0
                text12                              185      185       1A      30A       0
                text11                              19F      19F       1B      33E       0
                text10                              15B      15B        B      2B6       0
                text9                               3AB      3AB       5C      756       0
                text8                               361      361       4A      6C2       0
                text7                               2AE      2AE       3A      55C       0
                text6                               324      324       3D      648       0
                text5                               1BA      1BA       1D      374       0
                text4                               1D7      1D7       21      3AE       0
                text3                               2E8      2E8       3C      5D0       0
                text2                               27A      27A       34      4F4       0
                text1                               407      407       D6      80E       0
                maintext                            4DD      4DD      302      9BA       0
                cstackBANK0                          47       47       16       20       1
                cstackCOMMON                         70       70        E       70       1
                cstackBANK3                         190      190       5C      190       1
                inittext                            174      174       11      2E8       0
                dataBANK1                            A0       A0       2B       A0       1
                dataBANK0                            20       20       27       20       1
                bssBANK0                             5D       5D        4       20       1
                strings                               3        3       81        6       0
                idataBANK1                          21F      21F       2B      43E       0
                idataBANK0                          1F8      1F8       27      3F0       0

TOTAL           Name                               Link     Load   Length     Space
        CLASS   STACK          

        CLASS   CODE           
                end_init                              0        0        3         0
                cinit                               7DF      7DF       21         0
                text14                              166      166        E         0
                text13                              24A      24A       30         0
                text12                              185      185       1A         0
                text11                              19F      19F       1B         0
                text10                              15B      15B        B         0
                text9                               3AB      3AB       5C         0
                text8                               361      361       4A         0
                text7                               2AE      2AE       3A         0
                text6                               324      324       3D         0
                text5                               1BA      1BA       1D         0
                text4                               1D7      1D7       21         0
                text3                               2E8      2E8       3C         0
                text2                               27A      27A       34         0
                text1                               407      407       D6         0
                maintext                            4DD      4DD      302         0
                inittext                            174      174       11         0
                idataBANK1                          21F      21F       2B         0
                idataBANK0                          1F8      1F8       27         0

        CLASS   STRCODE        

        CLASS   STRING         
                strings                               3        3       81         0

        CLASS   CONST          

        CLASS   ENTRY          

        CLASS   COMMON         
                cstackCOMMON                         70       70        E         1

        CLASS   BANK0          
                cstackBANK0                          47       47       16         1
                dataBANK0                            20       20       27         1
                bssBANK0                             5D       5D        4         1

        CLASS   BANK1          
                dataBANK1                            A0       A0       2B         1

        CLASS   BANK2          

        CLASS   BANK3          
                cstackBANK3                         190      190       5C         1

        CLASS   RAM            

        CLASS   ABS1           
                abs_s1                               7E       7E        2         1

        CLASS   SFR0           

        CLASS   SFR1           

        CLASS   SFR2           

        CLASS   SFR3           

        CLASS   CONFIG         
                config                             2007     2007        1         0

        CLASS   IDLOC          

        CLASS   EEDATA         



SEGMENTS        Name                           Load    Length   Top    Selector   Space  Class     Delta

                reset_vec                      000000  000003  000003         0       0  CODE        2
                strings                        000003  000081  000084         6       0  STRING      2
                dataBANK0                      000020  000041  000061        20       1  BANK0       1
                cstackCOMMON                   000070  00000E  00007E        70       1  COMMON      1
                dataBANK1                      0000A0  00002B  0000CB        A0       1  BANK1       1
                cstackBANK3                    000190  00005C  0001EC       190       1  BANK3       1
                text10                         00015B  00000B  000166       2B6       0  CODE        2
                text14                         000166  00000E  000174       2CC       0  CODE        2
                inittext                       000174  000011  000185       2E8       0  CODE        2
                text12                         000185  00001A  00019F       30A       0  CODE        2
                text11                         00019F  00001B  0001BA       33E       0  CODE        2
                text5                          0001BA  00001D  0001D7       374       0  CODE        2
                text4                          0001D7  000021  0001F8       3AE       0  CODE        2
                idataBANK0                     0001F8  000027  00021F       3F0       0  CODE        2
                idataBANK1                     00021F  00002B  00024A       43E       0  CODE        2
                text13                         00024A  000030  00027A       494       0  CODE        2
                text2                          00027A  000034  0002AE       4F4       0  CODE        2
                text7                          0002AE  00003A  0002E8       55C       0  CODE        2
                text3                          0002E8  00003C  000324       5D0       0  CODE        2
                text6                          000324  00003D  000361       648       0  CODE        2
                text8                          000361  00004A  0003AB       6C2       0  CODE        2
                text9                          0003AB  00005C  000407       756       0  CODE        2
                text1                          000407  0000D6  0004DD       80E       0  CODE        2
                maintext                       0004DD  000302  0007DF       9BA       0  CODE        2
                cinit                          0007DF  000021  000800       FBE       0  CODE        2
                config                         002007  000001  002008      400E       0  CONFIG      2


UNUSED ADDRESS RANGES

        Name                Unused          Largest block    Delta
        BANK0            0061-006F              F           1
        BANK1            00CB-00EF             25           1
        BANK2            0110-016F             60           1
        BANK3            01EC-01EF              4           1
        CODE             0084-015A             D7           2
                         0800-1FFF            800
        CONST            0084-015A             7C           2
                         0800-1FFF            100
        EEDATA           2100-21FF            100           2
        ENTRY            0084-015A             7C           2
                         0800-1FFF            100
        IDLOC            2000-2003              4           2
        RAM              0061-006F              F           1
                         00CB-00EF             25
                         0110-016F             60
                         01EC-01EF              4
        SFR0             0000-001F             20           1
        SFR1             0080-009F             20           1
        SFR2             0100-010F             10           1
        SFR3             0180-018F             10           1
        STACK            0110-016F             60           1
        STRCODE          0084-015A             D7           2
                         0800-1FFF           1800
        STRING           0084-015A             7C           2
                         0800-1FFF            100

                                  Symbol Table

?_ADC_Read                 cstackCOMMON 0070
?___lwdiv                  cstackCOMMON 0076
?___lwmod                  cstackBANK0  0047
?___wmul                   cstackCOMMON 0070
?_sprintf                  cstackBANK0  004D
ADC_Read@channel           cstackCOMMON 0074
Lcd_Cmd@a                  cstackCOMMON 0073
Lcd_Port@a                 cstackCOMMON 0070
Lcd_Set_Cursor@a           cstackCOMMON 0077
Lcd_Set_Cursor@b           cstackCOMMON 0074
Lcd_Set_Cursor@temp        cstackCOMMON 007A
Lcd_Set_Cursor@y           cstackCOMMON 0079
Lcd_Set_Cursor@z           cstackCOMMON 0078
Lcd_Write_Char@a           cstackCOMMON 0074
Lcd_Write_Char@temp        cstackCOMMON 0072
Lcd_Write_Char@y           cstackCOMMON 0073
Lcd_Write_String@a         cstackCOMMON 0075
Lcd_Write_String@i         cstackCOMMON 007A
_ADCON0                    (abs)        001F
_ADCON1                    (abs)        009F
_ADC_Init                  text14       0166
_ADC_Read                  text13       024A
_ADRESH                    (abs)        001E
_ADRESL                    (abs)        009E
_AT                        dataBANK0    0044
_BRGH                      (abs)        04C2
_CCP1M2                    (abs)        00BA
_CCP1M3                    (abs)        00BB
_CCP1X                     (abs)        00BD
_CCP1Y                     (abs)        00BC
_CCP2M2                    (abs)        00EA
_CCP2M3                    (abs)        00EB
_CCP2X                     (abs)        00ED
_CCP2Y                     (abs)        00EC
_CCPR1L                    (abs)        0015
_CCPR2L                    (abs)        001B
_CREN                      (abs)        00C4
_GO_nDONE                  (abs)        00FA
_Lcd_Clear                 text10       015B
_Lcd_Cmd                   text11       019F
_Lcd_Init                  text9        03AB
_Lcd_Port                  text12       0185
_Lcd_Set_Cursor            text8        0361
_Lcd_Write_Char            text7        02AE
_Lcd_Write_String          text6        0324
_PORTA                     (abs)        0005
_PORTB                     (abs)        0006
_PORTC                     (abs)        0007
_PR2                       (abs)        0092
_RB1                       (abs)        0031
_RB2                       (abs)        0032
_RB3                       (abs)        0033
_RB4                       (abs)        0034
_RB5                       (abs)        0035
_RB6                       (abs)        0036
_RB7                       (abs)        0037
_RCIF                      (abs)        0065
_RCREG                     (abs)        001A
_RCSTA                     (abs)        0018
_RD0                       (abs)        0040
_RD1                       (abs)        0041
_RD2                       (abs)        0042
_RD4                       (abs)        0044
_RD5                       (abs)        0045
_RD6                       (abs)        0046
_RD7                       (abs)        0047
_SPBRG                     (abs)        0099
_SPEN                      (abs)        00C7
_SYNC                      (abs)        04C4
_T2CKPS0                   (abs)        0090
_T2CKPS1                   (abs)        0091
_TMR2ON                    (abs)        0092
_TRISA                     (abs)        0085
_TRISB                     (abs)        0086
_TRISC1                    (abs)        0439
_TRISC2                    (abs)        043A
_TRISC6                    (abs)        043E
_TRISC7                    (abs)        043F
_TRISD                     (abs)        0088
_TRMT                      (abs)        04C1
_TXEN                      (abs)        04C5
_TXREG                     (abs)        0019
_TXSTA                     (abs)        0098
_UART_Init                 text5        01BA
__CFG_BOREN$OFF            (abs)        0000
__CFG_CP$OFF               (abs)        0000
__CFG_CPD$OFF              (abs)        0000
__CFG_FOSC$HS              (abs)        0000
__CFG_LVP$OFF              (abs)        0000
__CFG_PWRTE$OFF            (abs)        0000
__CFG_WDTE$OFF             (abs)        0000
__CFG_WRT$OFF              (abs)        0000
__Habs1                    abs1         0000
__Hbank0                   bank0        0000
__Hbank1                   bank1        0000
__Hbank2                   bank2        0000
__Hbank3                   bank3        0000
__HbssBANK0                bssBANK0     0000
__Hcinit                   cinit        0800
__Hclrtext                 clrtext      0000
__Hcode                    code         0000
__Hcommon                  common       0000
__Hconfig                  config       2008
__HcstackBANK0             cstackBANK0  0000
__HcstackBANK3             cstackBANK3  0000
__HcstackCOMMON            cstackCOMMON 0000
__HdataBANK0               dataBANK0    0000
__HdataBANK1               dataBANK1    0000
__Heeprom_data             eeprom_data  0000
__Hend_init                end_init     0003
__Hfunctab                 functab      0000
__HidataBANK0              idataBANK0   0000
__HidataBANK1              idataBANK1   0000
__Hidloc                   idloc        0000
__Hinit                    init         0000
__Hinittext                inittext     0000
__Hintentry                intentry     0000
__Hmaintext                maintext     0000
__Hpowerup                 powerup      0000
__Hram                     ram          0000
__Hreset_vec               reset_vec    0000
__Hsfr0                    sfr0         0000
__Hsfr1                    sfr1         0000
__Hsfr2                    sfr2         0000
__Hsfr3                    sfr3         0000
__Hspace_0                 (abs)        2008
__Hspace_1                 (abs)        01EC
__Hspace_2                 (abs)        0000
__Hspace_3                 (abs)        0000
__Hstack                   stack        0000
__Hstrings                 strings      0000
__Htext                    text         0000
__Labs1                    abs1         0000
__Lbank0                   bank0        0000
__Lbank1                   bank1        0000
__Lbank2                   bank2        0000
__Lbank3                   bank3        0000
__LbssBANK0                bssBANK0     0000
__Lcinit                   cinit        07DF
__Lclrtext                 clrtext      0000
__Lcode                    code         0000
__Lcommon                  common       0000
__Lconfig                  config       2007
__LcstackBANK0             cstackBANK0  0000
__LcstackBANK3             cstackBANK3  0000
__LcstackCOMMON            cstackCOMMON 0000
__LdataBANK0               dataBANK0    0000
__LdataBANK1               dataBANK1    0000
__Leeprom_data             eeprom_data  0000
__Lend_init                end_init     0000
__Lfunctab                 functab      0000
__LidataBANK0              idataBANK0   0000
__LidataBANK1              idataBANK1   0000
__Lidloc                   idloc        0000
__Linit                    init         0000
__Linittext                inittext     0000
__Lintentry                intentry     0000
__Lmaintext                maintext     0000
__Lpowerup                 powerup      0000
__Lram                     ram          0000
__Lreset_vec               reset_vec    0000
__Lsfr0                    sfr0         0000
__Lsfr1                    sfr1         0000
__Lsfr2                    sfr2         0000
__Lsfr3                    sfr3         0000
__Lspace_0                 (abs)        0000
__Lspace_1                 (abs)        0000
__Lspace_2                 (abs)        0000
__Lspace_3                 (abs)        0000
__Lstack                   stack        0000
__Lstrings                 strings      0000
__Ltext                    text         0000
__S0                       (abs)        2008
__S1                       (abs)        01EC
__S2                       (abs)        0000
__S3                       (abs)        0000
___int_sp                  stack        0000
___latbits                 (abs)        0002
___lwdiv                   text3        02E8
___lwdiv@counter           cstackCOMMON 007D
___lwdiv@dividend          cstackCOMMON 0078
___lwdiv@divisor           cstackCOMMON 0076
___lwdiv@quotient          cstackCOMMON 007B
___lwmod                   text2        027A
___lwmod@counter           cstackBANK0  004C
___lwmod@dividend          cstackBANK0  0049
___lwmod@divisor           cstackBANK0  0047
___sp                      stack        0000
___wmul                    text4        01D7
___wmul@multiplicand       cstackCOMMON 0072
___wmul@multiplier         cstackCOMMON 0070
___wmul@product            cstackCOMMON 0074
__end_of_ADC_Init          text14       0174
__end_of_ADC_Read          text13       027A
__end_of_Lcd_Clear         text10       0166
__end_of_Lcd_Cmd           text11       01BA
__end_of_Lcd_Init          text9        0407
__end_of_Lcd_Port          text12       019F
__end_of_Lcd_Set_Cursor    text8        03AB
__end_of_Lcd_Write_Char    text7        02E8
__end_of_Lcd_Write_String  text6        0361
__end_of_UART_Init         text5        01D7
__end_of___lwdiv           text3        0324
__end_of___lwmod           text2        02AE
__end_of___wmul            text4        01F8
__end_of__initialization   cinit        07FC
__end_of__stringtab        strings      0013
__end_of_dpowers           strings      001D
__end_of_main              maintext     07DF
__end_of_sprintf           text1        04DD
__initialization           cinit        07DF
__pbssBANK0                bssBANK0     005D
__pcstackBANK0             cstackBANK0  0047
__pcstackBANK3             cstackBANK3  0190
__pcstackCOMMON            cstackCOMMON 0070
__pdataBANK0               dataBANK0    0020
__pdataBANK1               dataBANK1    00A0
__pidataBANK0              idataBANK0   01F8
__pidataBANK1              idataBANK1   021F
__pmaintext                maintext     04DD
__pstrings                 strings      0003
__ptext1                   text1        0407
__ptext10                  text10       015B
__ptext11                  text11       019F
__ptext12                  text12       0185
__ptext13                  text13       024A
__ptext14                  text14       0166
__ptext2                   text2        027A
__ptext3                   text3        02E8
__ptext4                   text4        01D7
__ptext5                   text5        01BA
__ptext6                   text6        0324
__ptext7                   text7        02AE
__ptext8                   text8        0361
__ptext9                   text9        03AB
__size_of_ADC_Init         (abs)        0000
__size_of_ADC_Read         (abs)        0000
__size_of_Lcd_Clear        (abs)        0000
__size_of_Lcd_Cmd          (abs)        0000
__size_of_Lcd_Init         (abs)        0000
__size_of_Lcd_Port         (abs)        0000
__size_of_Lcd_Set_Cursor   (abs)        0000
__size_of_Lcd_Write_Char   (abs)        0000
__size_of_Lcd_Write_String (abs)        0000
__size_of_UART_Init        (abs)        0000
__size_of___lwdiv          (abs)        0000
__size_of___lwmod          (abs)        0000
__size_of___wmul           (abs)        0000
__size_of_main             (abs)        0000
__size_of_sprintf          (abs)        0000
__stringbase               strings      0012
__stringtab                strings      0003
_dpowers                   strings      0013
_freq                      bssBANK0     005D
_main                      maintext     04DD
_mode_text                 dataBANK0    0035
_noecho                    dataBANK0    003F
_sprintf                   text1        0407
btemp                      (abs)        007E
end_of_initialization      cinit        07FC
init_fetch0                inittext     0174
init_ram0                  inittext     0178
intlevel0                  functab      0000
intlevel1                  functab      0000
intlevel2                  functab      0000
intlevel3                  functab      0000
intlevel4                  functab      0000
intlevel5                  functab      0000
main@a                     cstackBANK3  01E8
main@a2                    cstackBANK3  01EA
main@a3                    cstackBANK3  01E6
main@a4                    cstackBANK3  01E4
main@d                     cstackBANK3  0190
main@d2                    cstackBANK3  01A4
main@d3                    cstackBANK3  01B8
main@d4                    cstackBANK3  01CC
main@i                     cstackBANK3  01E0
main@j                     cstackBANK3  01E2
reset_vec                  reset_vec    0000
sprintf@ap                 cstackBANK0  0053
sprintf@c                  cstackBANK0  0059
sprintf@f                  cstackBANK0  004D
sprintf@flag               cstackBANK0  0054
sprintf@prec               cstackBANK0  0055
sprintf@sp                 cstackBANK0  0058
sprintf@val                cstackBANK0  0056
stackhi                    (abs)        0000
stacklo                    (abs)        0000
start                      init         0000
start_initialization       cinit        07DF
wtemp0                     (abs)        007E


FUNCTION INFORMATION:

 *************** function _main *****************
 Defined at:
		line 26 in file "grid.c"
 Parameters:    Size  Location     Type
		None
 Auto vars:     Size  Location     Type
  d4             20   60[BANK3 ] unsigned char [20]
  d3             20   40[BANK3 ] unsigned char [20]
  d2             20   20[BANK3 ] unsigned char [20]
  d              20    0[BANK3 ] unsigned char [20]
  a2              2   90[BANK3 ] unsigned int 
  a               2   88[BANK3 ] unsigned int 
  a3              2   86[BANK3 ] unsigned int 
  a4              2   84[BANK3 ] unsigned int 
  j               2   82[BANK3 ] unsigned int 
  i               2   80[BANK3 ] unsigned int 
 Return value:  Size  Location     Type
                  1    wreg      void 
 Registers used:
		wreg, fsr0l, fsr0h, status,2, status,0, btemp+1, pclath, cstack
 Tracked objects:
		On entry : 
		On exit  : 
		Unchanged: 
 Data sizes:     COMMON   BANK0   BANK1   BANK3   BANK2
      Params:         0       0       0       0       0
      Locals:         0       0       0      92       0
      Temps:          0       3       0       0       0
      Totals:         0       3       0      92       0
Total ram usage:       95 bytes
 Hardware stack levels required when called:    3
 This function calls:
		_ADC_Init
		_ADC_Read
		_Lcd_Clear
		_Lcd_Init
		_Lcd_Set_Cursor
		_Lcd_Write_Char
		_Lcd_Write_String
		_UART_Init
		___lwdiv
		___wmul
		_sprintf
 This function is called by:
		Startup code after reset
 This function uses a non-reentrant model


 *************** function _sprintf *****************
 Defined at:
		line 492 in file "C:\Program Files\Microchip\xc8\v1.45\sources\common\doprnt.c"
 Parameters:    Size  Location     Type
  sp              1    wreg     PTR unsigned char 
		 -> main@d4(20), main@d3(20), main@d2(20), main@d(20), 
  f               1    6[BANK0 ] PTR const unsigned char 
		 -> STR_7(9), STR_6(15), STR_5(16), STR_4(16), 
 Auto vars:     Size  Location     Type
  sp              1   17[BANK0 ] PTR unsigned char 
		 -> main@d4(20), main@d3(20), main@d2(20), main@d(20), 
  tmpval          4    0        struct .
  val             2   15[BANK0 ] unsigned int 
  cp              2    0        PTR const unsigned char 
  len             2    0        unsigned int 
  c               1   18[BANK0 ] char 
  prec            1   14[BANK0 ] char 
  flag            1   13[BANK0 ] unsigned char 
  ap              1   12[BANK0 ] PTR void [1]
		 -> ?_sprintf(2), 
 Return value:  Size  Location     Type
                  2    6[BANK0 ] int 
 Registers used:
		wreg, fsr0l, fsr0h, status,2, status,0, btemp+1, pclath, cstack
 Tracked objects:
		On entry : 
		On exit  : 
		Unchanged: 
 Data sizes:     COMMON   BANK0   BANK1   BANK3   BANK2
      Params:         0       3       0       0       0
      Locals:         0       7       0       0       0
      Temps:          0       3       0       0       0
      Totals:         0      13       0       0       0
Total ram usage:       13 bytes
 Hardware stack levels used:    1
 Hardware stack levels required when called:    1
 This function calls:
		___lwdiv
		___lwmod
 This function is called by:
		_main
 This function uses a non-reentrant model


 *************** function ___lwmod *****************
 Defined at:
		line 6 in file "C:\Program Files\Microchip\xc8\v1.45\sources\common\lwmod.c"
 Parameters:    Size  Location     Type
  divisor         2    0[BANK0 ] unsigned int 
  dividend        2    2[BANK0 ] unsigned int 
 Auto vars:     Size  Location     Type
  counter         1    5[BANK0 ] unsigned char 
 Return value:  Size  Location     Type
                  2    0[BANK0 ] unsigned int 
 Registers used:
		wreg, status,2, status,0
 Tracked objects:
		On entry : 
		On exit  : 
		Unchanged: 
 Data sizes:     COMMON   BANK0   BANK1   BANK3   BANK2
      Params:         0       4       0       0       0
      Locals:         0       1       0       0       0
      Temps:          0       1       0       0       0
      Totals:         0       6       0       0       0
Total ram usage:        6 bytes
 Hardware stack levels used:    1
 This function calls:
		Nothing
 This function is called by:
		_sprintf
 This function uses a non-reentrant model


 *************** function ___lwdiv *****************
 Defined at:
		line 6 in file "C:\Program Files\Microchip\xc8\v1.45\sources\common\lwdiv.c"
 Parameters:    Size  Location     Type
  divisor         2    6[COMMON] unsigned int 
  dividend        2    8[COMMON] unsigned int 
 Auto vars:     Size  Location     Type
  quotient        2   11[COMMON] unsigned int 
  counter         1   13[COMMON] unsigned char 
 Return value:  Size  Location     Type
                  2    6[COMMON] unsigned int 
 Registers used:
		wreg, status,2, status,0
 Tracked objects:
		On entry : 
		On exit  : 
		Unchanged: 
 Data sizes:     COMMON   BANK0   BANK1   BANK3   BANK2
      Params:         4       0       0       0       0
      Locals:         3       0       0       0       0
      Temps:          1       0       0       0       0
      Totals:         8       0       0       0       0
Total ram usage:        8 bytes
 Hardware stack levels used:    1
 This function calls:
		Nothing
 This function is called by:
		_main
		_sprintf
 This function uses a non-reentrant model


 *************** function ___wmul *****************
 Defined at:
		line 15 in file "C:\Program Files\Microchip\xc8\v1.45\sources\common\Umul16.c"
 Parameters:    Size  Location     Type
  multiplier      2    0[COMMON] unsigned int 
  multiplicand    2    2[COMMON] unsigned int 
 Auto vars:     Size  Location     Type
  product         2    4[COMMON] unsigned int 
 Return value:  Size  Location     Type
                  2    0[COMMON] unsigned int 
 Registers used:
		wreg, status,2, status,0
 Tracked objects:
		On entry : 
		On exit  : 
		Unchanged: 
 Data sizes:     COMMON   BANK0   BANK1   BANK3   BANK2
      Params:         4       0       0       0       0
      Locals:         2       0       0       0       0
      Temps:          0       0       0       0       0
      Totals:         6       0       0       0       0
Total ram usage:        6 bytes
 Hardware stack levels used:    1
 This function calls:
		Nothing
 This function is called by:
		_main
 This function uses a non-reentrant model


 *************** function _UART_Init *****************
 Defined at:
		line 27 in file "lib.h"
 Parameters:    Size  Location     Type
		None
 Auto vars:     Size  Location     Type
		None
 Return value:  Size  Location     Type
                  1    wreg      void 
 Registers used:
		wreg
 Tracked objects:
		On entry : 
		On exit  : 
		Unchanged: 
 Data sizes:     COMMON   BANK0   BANK1   BANK3   BANK2
      Params:         0       0       0       0       0
      Locals:         0       0       0       0       0
      Temps:          0       0       0       0       0
      Totals:         0       0       0       0       0
Total ram usage:        0 bytes
 Hardware stack levels used:    1
 This function calls:
		Nothing
 This function is called by:
		_main
		_GSM_Init
		_GSM_Send
 This function uses a non-reentrant model


 *************** function _Lcd_Write_String *****************
 Defined at:
		line 233 in file "lib.h"
 Parameters:    Size  Location     Type
  a               2    5[COMMON] PTR unsigned char 
		 -> STR_9(14), STR_8(15), main@d4(20), main@d3(20), 
		 -> main@d2(20), main@d(20), STR_3(8), 
 Auto vars:     Size  Location     Type
  i               2   10[COMMON] int 
 Return value:  Size  Location     Type
                  1    wreg      void 
 Registers used:
		wreg, fsr0l, fsr0h, status,2, status,0, btemp+1, pclath, cstack
 Tracked objects:
		On entry : 
		On exit  : 
		Unchanged: 
 Data sizes:     COMMON   BANK0   BANK1   BANK3   BANK2
      Params:         2       0       0       0       0
      Locals:         2       0       0       0       0
      Temps:          3       0       0       0       0
      Totals:         7       0       0       0       0
Total ram usage:        7 bytes
 Hardware stack levels used:    1
 Hardware stack levels required when called:    2
 This function calls:
		_Lcd_Write_Char
 This function is called by:
		_main
 This function uses a non-reentrant model


 *************** function _Lcd_Write_Char *****************
 Defined at:
		line 216 in file "lib.h"
 Parameters:    Size  Location     Type
  a               1    wreg     unsigned char 
 Auto vars:     Size  Location     Type
  a               1    4[COMMON] unsigned char 
  y               1    3[COMMON] unsigned char 
  temp            1    2[COMMON] unsigned char 
 Return value:  Size  Location     Type
                  1    wreg      void 
 Registers used:
		wreg, status,2, status,0, pclath, cstack
 Tracked objects:
		On entry : 
		On exit  : 
		Unchanged: 
 Data sizes:     COMMON   BANK0   BANK1   BANK3   BANK2
      Params:         0       0       0       0       0
      Locals:         3       0       0       0       0
      Temps:          1       0       0       0       0
      Totals:         4       0       0       0       0
Total ram usage:        4 bytes
 Hardware stack levels used:    1
 Hardware stack levels required when called:    1
 This function calls:
		_Lcd_Port
 This function is called by:
		_Lcd_Write_String
		_main
 This function uses a non-reentrant model


 *************** function _Lcd_Set_Cursor *****************
 Defined at:
		line 176 in file "lib.h"
 Parameters:    Size  Location     Type
  a               1    wreg     unsigned char 
  b               1    4[COMMON] unsigned char 
 Auto vars:     Size  Location     Type
  a               1    7[COMMON] unsigned char 
  temp            1   10[COMMON] unsigned char 
  y               1    9[COMMON] unsigned char 
  z               1    8[COMMON] unsigned char 
 Return value:  Size  Location     Type
                  1    wreg      void 
 Registers used:
		wreg, status,2, status,0, pclath, cstack
 Tracked objects:
		On entry : 
		On exit  : 
		Unchanged: 
 Data sizes:     COMMON   BANK0   BANK1   BANK3   BANK2
      Params:         1       0       0       0       0
      Locals:         4       0       0       0       0
      Temps:          2       0       0       0       0
      Totals:         7       0       0       0       0
Total ram usage:        7 bytes
 Hardware stack levels used:    1
 Hardware stack levels required when called:    2
 This function calls:
		_Lcd_Cmd
 This function is called by:
		_main
 This function uses a non-reentrant model


 *************** function _Lcd_Init *****************
 Defined at:
		line 197 in file "lib.h"
 Parameters:    Size  Location     Type
		None
 Auto vars:     Size  Location     Type
		None
 Return value:  Size  Location     Type
                  1    wreg      void 
 Registers used:
		wreg, status,2, status,0, pclath, cstack
 Tracked objects:
		On entry : 
		On exit  : 
		Unchanged: 
 Data sizes:     COMMON   BANK0   BANK1   BANK3   BANK2
      Params:         0       0       0       0       0
      Locals:         0       0       0       0       0
      Temps:          2       0       0       0       0
      Totals:         2       0       0       0       0
Total ram usage:        2 bytes
 Hardware stack levels used:    1
 Hardware stack levels required when called:    2
 This function calls:
		_Lcd_Cmd
		_Lcd_Port
 This function is called by:
		_main
 This function uses a non-reentrant model


 *************** function _Lcd_Clear *****************
 Defined at:
		line 170 in file "lib.h"
 Parameters:    Size  Location     Type
		None
 Auto vars:     Size  Location     Type
		None
 Return value:  Size  Location     Type
                  2  192[None  ] int 
 Registers used:
		wreg, status,2, status,0, pclath, cstack
 Tracked objects:
		On entry : 
		On exit  : 
		Unchanged: 
 Data sizes:     COMMON   BANK0   BANK1   BANK3   BANK2
      Params:         0       0       0       0       0
      Locals:         0       0       0       0       0
      Temps:          0       0       0       0       0
      Totals:         0       0       0       0       0
Total ram usage:        0 bytes
 Hardware stack levels used:    1
 Hardware stack levels required when called:    2
 This function calls:
		_Lcd_Cmd
 This function is called by:
		_main
 This function uses a non-reentrant model


 *************** function _Lcd_Cmd *****************
 Defined at:
		line 160 in file "lib.h"
 Parameters:    Size  Location     Type
  a               1    wreg     unsigned char 
 Auto vars:     Size  Location     Type
  a               1    3[COMMON] unsigned char 
 Return value:  Size  Location     Type
                  1    wreg      void 
 Registers used:
		wreg, status,2, status,0, pclath, cstack
 Tracked objects:
		On entry : 
		On exit  : 
		Unchanged: 
 Data sizes:     COMMON   BANK0   BANK1   BANK3   BANK2
      Params:         0       0       0       0       0
      Locals:         1       0       0       0       0
      Temps:          2       0       0       0       0
      Totals:         3       0       0       0       0
Total ram usage:        3 bytes
 Hardware stack levels used:    1
 Hardware stack levels required when called:    1
 This function calls:
		_Lcd_Port
 This function is called by:
		_Lcd_Clear
		_Lcd_Set_Cursor
		_Lcd_Init
		_Lcd_Shift_Right
		_Lcd_Shift_Left
 This function uses a non-reentrant model


 *************** function _Lcd_Port *****************
 Defined at:
		line 138 in file "lib.h"
 Parameters:    Size  Location     Type
  a               1    wreg     unsigned char 
 Auto vars:     Size  Location     Type
  a               1    0[COMMON] unsigned char 
 Return value:  Size  Location     Type
                  1    wreg      void 
 Registers used:
		wreg
 Tracked objects:
		On entry : 
		On exit  : 
		Unchanged: 
 Data sizes:     COMMON   BANK0   BANK1   BANK3   BANK2
      Params:         0       0       0       0       0
      Locals:         1       0       0       0       0
      Temps:          0       0       0       0       0
      Totals:         1       0       0       0       0
Total ram usage:        1 bytes
 Hardware stack levels used:    1
 This function calls:
		Nothing
 This function is called by:
		_Lcd_Cmd
		_Lcd_Init
		_Lcd_Write_Char
 This function uses a non-reentrant model


 *************** function _ADC_Read *****************
 Defined at:
		line 126 in file "lib.h"
 Parameters:    Size  Location     Type
  channel         1    wreg     unsigned char 
 Auto vars:     Size  Location     Type
  channel         1    4[COMMON] unsigned char 
 Return value:  Size  Location     Type
                  2    0[COMMON] unsigned int 
 Registers used:
		wreg, status,2, status,0
 Tracked objects:
		On entry : 
		On exit  : 
		Unchanged: 
 Data sizes:     COMMON   BANK0   BANK1   BANK3   BANK2
      Params:         2       0       0       0       0
      Locals:         1       0       0       0       0
      Temps:          2       0       0       0       0
      Totals:         5       0       0       0       0
Total ram usage:        5 bytes
 Hardware stack levels used:    1
 This function calls:
		Nothing
 This function is called by:
		_main
 This function uses a non-reentrant model


 *************** function _ADC_Init *****************
 Defined at:
		line 118 in file "lib.h"
 Parameters:    Size  Location     Type
		None
 Auto vars:     Size  Location     Type
		None
 Return value:  Size  Location     Type
                  1    wreg      void 
 Registers used:
		wreg, status,2
 Tracked objects:
		On entry : 
		On exit  : 
		Unchanged: 
 Data sizes:     COMMON   BANK0   BANK1   BANK3   BANK2
      Params:         0       0       0       0       0
      Locals:         0       0       0       0       0
      Temps:          0       0       0       0       0
      Totals:         0       0       0       0       0
Total ram usage:        0 bytes
 Hardware stack levels used:    1
 This function calls:
		Nothing
 This function is called by:
		_main
 This function uses a non-reentrant model



MODULE INFORMATION

Module		Function		Class		Link	Load	Size
C:\Program Files\Microchip\xc8\v1.45\sources\common\Umul16.c
		___wmul        		CODE           	01D7	0000	34

C:\Program Files\Microchip\xc8\v1.45\sources\common\Umul16.c estimated size: 34

C:\Program Files\Microchip\xc8\v1.45\sources\common\lwdiv.c
		___lwdiv       		CODE           	02E8	0000	61

C:\Program Files\Microchip\xc8\v1.45\sources\common\lwdiv.c estimated size: 61

lib.h
		_Lcd_Write_String		CODE           	0324	0000	62
		_Lcd_Init      		CODE           	03AB	0000	93
		_Lcd_Write_Char		CODE           	02AE	0000	59
		_UART_Init     		CODE           	01BA	0000	30
		_Lcd_Cmd       		CODE           	019F	0000	28
		_Lcd_Set_Cursor		CODE           	0361	0000	75
		_Lcd_Clear     		CODE           	015B	0000	12
		_Lcd_Port      		CODE           	0185	0000	27
		_ADC_Read      		CODE           	024A	0000	49
		_ADC_Init      		CODE           	0166	0000	15

lib.h estimated size: 450

grid.c
		_main          		CODE           	04DD	0000	771

grid.c estimated size: 771

shared
		__stringtab    		STRING         	0003	0000	17
		_dpowers       		STRING         	0013	0000	11
		__initialization		CODE           	07DF	0000	30

shared estimated size: 58

C:\Program Files\Microchip\xc8\v1.45\sources\common\doprnt.c
		_sprintf       		CODE           	0407	0000	215

C:\Program Files\Microchip\xc8\v1.45\sources\common\doprnt.c estimated size: 215

C:\Program Files\Microchip\xc8\v1.45\sources\common\lwmod.c
		___lwmod       		CODE           	027A	0000	53

C:\Program Files\Microchip\xc8\v1.45\sources\common\lwmod.c estimated size: 53

