Microchip MPLAB XC8 Compiler V1.45 ()

Linker command line:

-W-3 --edf=C:\Program Files\Microchip\xc8\v1.45\dat\en_msgs.txt -cs \
  -h+dist/default/production\keypad.X.production.sym \
  --cmf=dist/default/production\keypad.X.production.cmf -z -Q16F877A \
  -oC:\Users\SPIRO\AppData\Local\Temp\sog.2 \
  -Mdist/default/production/keypad.X.production.map -E1 -ver=XC8 \
  -ASTACK=0128h-016fh -pstack=STACK -ACODE=00h-07FFhx4 -ASTRCODE=00h-01FFFh \
  -ASTRING=00h-0FFhx32 -ACONST=00h-0FFhx32 -AENTRY=00h-0FFhx32 \
  -ACOMMON=070h-07Fh -ABANK0=020h-06Fh -ABANK1=0A0h-0EFh \
  -ABANK2=0110h-016Fh -ABANK3=0190h-01EFh \
  -ARAM=020h-06Fh,0A0h-0EFh,0110h-016Fh,0190h-01EFh \
  -AABS1=020h-07Fh,0A0h-0EFh,0110h-016Fh,0190h-01EFh -ASFR0=00h-01Fh \
  -ASFR1=080h-09Fh -ASFR2=0100h-010Fh -ASFR3=0180h-018Fh \
  -preset_vec=00h,intentry=04h,init,end_init -ppowerup=CODE -pcinit=CODE \
  -pfunctab=ENTRY -ACONFIG=02007h-02007h -pconfig=CONFIG -DCONFIG=2 \
  -AIDLOC=02000h-02003h -pidloc=IDLOC -DIDLOC=2 -AEEDATA=00h-0FFh/02100h \
  -peeprom_data=EEDATA -DEEDATA=2 -DCODE=2 -DSTRCODE=2 -DSTRING=2 -DCONST=2 \
  -DENTRY=2 -k C:\Users\SPIRO\AppData\Local\Temp\sog.obj \
  dist/default/production\keypad.X.production.obj 

Object code version is 3.11

Machine type is 16F877A



                Name                               Link     Load   Length Selector   Space Scale
C:\Users\SPIRO\AppData\Local\Temp\sog.obj
                end_init                             12       12        3        8       0
                reset_vec                             0        0        3        0       0
                config                             2007     2007        1     400E       0
dist/default/production\keypad.X.production.obj
                cinit                                15       15       53        8       0
                intentry                              4        4        E        8       0
                text28                              DA7      DA7       1D     1B4E       0
                text27                              CEA      CEA       13     19D4       0
                text26                              EEA      EEA       3D     1DD4       0
                text25                              4E3      4E3       C6      9C6       0
                text24                              CC0      CC0        6     1980       0
                text23                              3FA      3FA        6        8       0
                text22                              D58      D58       1A     1AB0       0
                text21                              D72      D72       1A     1AE4       0
                text20                              D8C      D8C       1B     1B18       0
                text19                              CCE      CCE        B     199C       0
                text18                              F65      F65       4A     1ECA       0
                text17                              EB0      EB0       3A     1D60       0
                text16                              E1F      E1F       22     1C3E       0
                text15                              28D      28D      16D        8       0
                text14                              DC4      DC4       1D     1B88       0
                text13                              D12      D12       16     1A24       0
                text12                              FAF      FAF       51     1F5E       0
                text11                              72D      72D       63      9C6       0
                text10                              D28      D28       18     1A50       0
                text9                               DE1      DE1       1D     1BC2       0
                text8                               7F1      7F1        B      9C6       0
                text7                               790      790       61      9C6       0
                text6                               6C3      6C3       6A      9C6       0
                text5                               F27      F27       3E     1E4E       0
                text4                               E63      E63       26     1CC6       0
                text3                               647      647       7C      9C6       0
                text2                               5A9      5A9       9E      9C6       0
                text1                               E89      E89       27     1D12       0
                maintext                             68       68      225        8       0
                cstackBANK0                          54       54       12       20       1
                cstackCOMMON                         70       70        D       70       1
                cstackBANK1                          EA       EA        5       A0       1
                cstackBANK3                         1DA      1DA        3      190       1
                clrtext                             CC6      CC6        8     198C       0
                inittext                            CD9      CD9       11     19B2       0
                dataBANK2                           110      110       18      110       1
                dataBANK3                           1B8      1B8       22      190       1
                bssBANK3                            190      190       28      190       1
                dataBANK1                            D5       D5       15       A0       1
                bssBANK1                             A0       A0       35       A0       1
                dataBANK0                            20       20       21       20       1
                bssBANK0                             41       41       13       20       1
                bssCOMMON                            7D       7D        1       70       1
                strings                             400      400       E3      800       0
                idataBANK3                          E41      E41       22     1C82       0
                idataBANK2                          D40      D40       18     1A80       0
                idataBANK1                          CFD      CFD       15     19FA       0
                idataBANK0                          DFE      DFE       21     1BFC       0

TOTAL           Name                               Link     Load   Length     Space
        CLASS   STACK          

        CLASS   CODE           
                end_init                             12       12        3         0
                cinit                                15       15       53         0
                intentry                              4        4        E         0
                reset_vec                             0        0        3         0
                text28                              DA7      DA7       1D         0
                text27                              CEA      CEA       13         0
                text26                              EEA      EEA       3D         0
                text25                              4E3      4E3       C6         0
                text24                              CC0      CC0        6         0
                text23                              3FA      3FA        6         0
                text22                              D58      D58       1A         0
                text21                              D72      D72       1A         0
                text20                              D8C      D8C       1B         0
                text19                              CCE      CCE        B         0
                text18                              F65      F65       4A         0
                text17                              EB0      EB0       3A         0
                text16                              E1F      E1F       22         0
                text15                              28D      28D      16D         0
                text14                              DC4      DC4       1D         0
                text13                              D12      D12       16         0
                text12                              FAF      FAF       51         0
                text11                              72D      72D       63         0
                text10                              D28      D28       18         0
                text9                               DE1      DE1       1D         0
                text8                               7F1      7F1        B         0
                text7                               790      790       61         0
                text6                               6C3      6C3       6A         0
                text5                               F27      F27       3E         0
                text4                               E63      E63       26         0
                text3                               647      647       7C         0
                text2                               5A9      5A9       9E         0
                text1                               E89      E89       27         0
                maintext                             68       68      225         0
                clrtext                             CC6      CC6        8         0
                inittext                            CD9      CD9       11         0
                idataBANK3                          E41      E41       22         0
                idataBANK2                          D40      D40       18         0
                idataBANK1                          CFD      CFD       15         0
                idataBANK0                          DFE      DFE       21         0

        CLASS   STRCODE        

        CLASS   STRING         
                strings                             400      400       E3         0

        CLASS   CONST          

        CLASS   ENTRY          

        CLASS   COMMON         
                cstackCOMMON                         70       70        D         1
                bssCOMMON                            7D       7D        1         1

        CLASS   BANK0          
                cstackBANK0                          54       54       12         1
                dataBANK0                            20       20       21         1
                bssBANK0                             41       41       13         1

        CLASS   BANK1          
                cstackBANK1                          EA       EA        5         1
                dataBANK1                            D5       D5       15         1
                bssBANK1                             A0       A0       35         1

        CLASS   BANK2          
                dataBANK2                           110      110       18         1

        CLASS   BANK3          
                cstackBANK3                         1DA      1DA        3         1
                dataBANK3                           1B8      1B8       22         1
                bssBANK3                            190      190       28         1

        CLASS   RAM            

        CLASS   ABS1           
                abs_s1                               7E       7E        2         1

        CLASS   SFR0           

        CLASS   SFR1           

        CLASS   SFR2           

        CLASS   SFR3           

        CLASS   CONFIG         
                config                             2007     2007        1         0

        CLASS   IDLOC          

        CLASS   EEDATA         



SEGMENTS        Name                           Load    Length   Top    Selector   Space  Class     Delta

                reset_vec                      000000  000003  000003         0       0  CODE        2
                intentry                       000004  0003FC  000400         8       0  CODE        2
                dataBANK0                      000020  000046  000066        20       1  BANK0       1
                cstackCOMMON                   000070  00000E  00007E        70       1  COMMON      1
                bssBANK1                       0000A0  00004F  0000EF        A0       1  BANK1       1
                dataBANK2                      000110  000018  000128       110       1  BANK2       1
                bssBANK3                       000190  00004D  0001DD       190       1  BANK3       1
                strings                        000400  0000E3  0004E3       800       0  STRING      2
                text25                         0004E3  000319  0007FC       9C6       0  CODE        2
                text24                         000CC0  000006  000CC6      1980       0  CODE        2
                clrtext                        000CC6  000008  000CCE      198C       0  CODE        2
                text19                         000CCE  00000B  000CD9      199C       0  CODE        2
                inittext                       000CD9  000011  000CEA      19B2       0  CODE        2
                text27                         000CEA  000013  000CFD      19D4       0  CODE        2
                idataBANK1                     000CFD  000015  000D12      19FA       0  CODE        2
                text13                         000D12  000016  000D28      1A24       0  CODE        2
                text10                         000D28  000018  000D40      1A50       0  CODE        2
                idataBANK2                     000D40  000018  000D58      1A80       0  CODE        2
                text22                         000D58  00001A  000D72      1AB0       0  CODE        2
                text21                         000D72  00001A  000D8C      1AE4       0  CODE        2
                text20                         000D8C  00001B  000DA7      1B18       0  CODE        2
                text28                         000DA7  00001D  000DC4      1B4E       0  CODE        2
                text14                         000DC4  00001D  000DE1      1B88       0  CODE        2
                text9                          000DE1  00001D  000DFE      1BC2       0  CODE        2
                idataBANK0                     000DFE  000021  000E1F      1BFC       0  CODE        2
                text16                         000E1F  000022  000E41      1C3E       0  CODE        2
                idataBANK3                     000E41  000022  000E63      1C82       0  CODE        2
                text4                          000E63  000026  000E89      1CC6       0  CODE        2
                text1                          000E89  000027  000EB0      1D12       0  CODE        2
                text17                         000EB0  00003A  000EEA      1D60       0  CODE        2
                text26                         000EEA  00003D  000F27      1DD4       0  CODE        2
                text5                          000F27  00003E  000F65      1E4E       0  CODE        2
                text18                         000F65  00004A  000FAF      1ECA       0  CODE        2
                text12                         000FAF  000051  001000      1F5E       0  CODE        2
                config                         002007  000001  002008      400E       0  CONFIG      2


UNUSED ADDRESS RANGES

        Name                Unused          Largest block    Delta
        BANK0            0066-006F              A           1
        BANK1            00EF-00EF              1           1
        BANK2            0128-016F             48           1
        BANK3            01DD-01EF             13           1
        CODE             0003-0003              1           2
                         07FC-0CBF              4
                         1000-1FFF            800
        CONST            0003-0003              1           2
                         07FC-0CBF            100
                         1000-1FFF            100
        EEDATA           2100-21FF            100           2
        ENTRY            0003-0003              1           2
                         07FC-0CBF            100
                         1000-1FFF            100
        IDLOC            2000-2003              4           2
        RAM              0066-006F              A           1
                         00EF-00EF              1
                         0128-016F             48
                         01DD-01EF             13
        SFR0             0000-001F             20           1
        SFR1             0080-009F             20           1
        SFR2             0100-010F             10           1
        SFR3             0180-018F             10           1
        STACK            0128-016F             48           1
        STRCODE          0003-0003              1           2
                         07FC-0CBF            4C4
                         1000-1FFF           1000
        STRING           0003-0003              1           2
                         07FC-0CBF            100
                         1000-1FFF            100

                                  Symbol Table

?_strcmp                     cstackBANK0  005E
GSM_Send@m                   cstackCOMMON 007A
GSM_Send@n                   cstackCOMMON 007C
Lcd_Cmd@a                    cstackBANK0  0061
Lcd_Port@a                   cstackBANK0  005E
Lcd_Set_Cursor@a             cstackBANK1  00EA
Lcd_Set_Cursor@b             cstackBANK0  0062
Lcd_Set_Cursor@temp          cstackBANK1  00ED
Lcd_Set_Cursor@y             cstackBANK1  00EC
Lcd_Set_Cursor@z             cstackBANK1  00EB
Lcd_Write_Char@a             cstackBANK0  0062
Lcd_Write_Char@temp          cstackBANK0  0060
Lcd_Write_Char@y             cstackBANK0  0061
Lcd_Write_String@a           cstackBANK0  0065
Lcd_Write_String@i           cstackBANK0  0063
UART_Send@i                  cstackBANK1  00EA
UART_Send@s                  cstackBANK0  0061
UART_Write@data              cstackBANK0  0060
_ADCON0                      (abs)        001F
_ADCON1                      (abs)        009F
_ADRESH                      (abs)        001E
_ADRESL                      (abs)        009E
_AT                          dataBANK0    003E
_BRGH                        (abs)        04C2
_CCP1M2                      (abs)        00BA
_CCP1M3                      (abs)        00BB
_CCP1X                       (abs)        00BD
_CCP1Y                       (abs)        00BC
_CCP2M2                      (abs)        00EA
_CCP2M3                      (abs)        00EB
_CCP2X                       (abs)        00ED
_CCP2Y                       (abs)        00EC
_CCPR1L                      (abs)        0015
_CCPR2L                      (abs)        001B
_CREN                        (abs)        00C4
_GIE                         (abs)        005F
_GO_nDONE                    (abs)        00FA
_GSM_Init                    text11       072D
_GSM_Send                    text25       04E3
_INTE                        (abs)        005C
_INTEDG                      (abs)        040E
_INTF                        (abs)        0059
_ISR                         text15       028D
_Lcd_Clear                   text8        07F1
_Lcd_Cmd                     text9        0DE1
_Lcd_Init                    text7        0790
_Lcd_Port                    text10       0D28
_Lcd_Set_Cursor              text6        06C3
_Lcd_Write_Char              text5        0F27
_Lcd_Write_String            text4        0E63
_PEIE                        (abs)        005E
_PORTA                       (abs)        0005
_PORTC                       (abs)        0007
_PORTD                       (abs)        0008
_PR2                         (abs)        0092
_RB2                         (abs)        0032
_RB3                         (abs)        0033
_RB4                         (abs)        0034
_RB5                         (abs)        0035
_RB6                         (abs)        0036
_RB7                         (abs)        0037
_RC0                         (abs)        0038
_RC1                         (abs)        0039
_RC2                         (abs)        003A
_RC3                         (abs)        003B
_RCIE                        (abs)        0465
_RCIF                        (abs)        0065
_RCREG                       (abs)        001A
_RCSTA                       (abs)        0018
_RD0                         (abs)        0040
_RD1                         (abs)        0041
_RD2                         (abs)        0042
_RD4                         (abs)        0044
_RD5                         (abs)        0045
_RD6                         (abs)        0046
_RD7                         (abs)        0047
_SPBRG                       (abs)        0099
_SPEN                        (abs)        00C7
_SYNC                        (abs)        04C4
_T2CKPS0                     (abs)        0090
_T2CKPS1                     (abs)        0091
_TMR2ON                      (abs)        0092
_TRISA                       (abs)        0085
_TRISB2                      (abs)        0432
_TRISB3                      (abs)        0433
_TRISB4                      (abs)        0434
_TRISB5                      (abs)        0435
_TRISB6                      (abs)        0436
_TRISB7                      (abs)        0437
_TRISC0                      (abs)        0438
_TRISC1                      (abs)        0439
_TRISC2                      (abs)        043A
_TRISC3                      (abs)        043B
_TRISC6                      (abs)        043E
_TRISC7                      (abs)        043F
_TRISD                       (abs)        0088
_TRMT                        (abs)        04C1
_TXEN                        (abs)        04C5
_TXREG                       (abs)        0019
_TXSTA                       (abs)        0098
_UART_Data_Ready             text24       0CC0
_UART_Init                   text14       0DC4
_UART_Read                   text23       03FA
_UART_Send                   text12       0FAF
_UART_Write                  text13       0D12
__CFG_BOREN$OFF              (abs)        0000
__CFG_CP$OFF                 (abs)        0000
__CFG_CPD$OFF                (abs)        0000
__CFG_FOSC$HS                (abs)        0000
__CFG_LVP$OFF                (abs)        0000
__CFG_PWRTE$OFF              (abs)        0000
__CFG_WDTE$OFF               (abs)        0000
__CFG_WRT$OFF                (abs)        0000
__Habs1                      abs1         0000
__Hbank0                     bank0        0000
__Hbank1                     bank1        0000
__Hbank2                     bank2        0000
__Hbank3                     bank3        0000
__HbssBANK0                  bssBANK0     0000
__HbssBANK1                  bssBANK1     0000
__HbssBANK3                  bssBANK3     0000
__HbssCOMMON                 bssCOMMON    0000
__Hcinit                     cinit        0068
__Hclrtext                   clrtext      0000
__Hcode                      code         0000
__Hcommon                    common       0000
__Hconfig                    config       2008
__HcstackBANK0               cstackBANK0  0000
__HcstackBANK1               cstackBANK1  0000
__HcstackBANK3               cstackBANK3  0000
__HcstackCOMMON              cstackCOMMON 0000
__HdataBANK0                 dataBANK0    0000
__HdataBANK1                 dataBANK1    0000
__HdataBANK2                 dataBANK2    0000
__HdataBANK3                 dataBANK3    0000
__Heeprom_data               eeprom_data  0000
__Hend_init                  end_init     0015
__Hfunctab                   functab      0000
__HidataBANK0                idataBANK0   0000
__HidataBANK1                idataBANK1   0000
__HidataBANK2                idataBANK2   0000
__HidataBANK3                idataBANK3   0000
__Hidloc                     idloc        0000
__Hinit                      init         0012
__Hinittext                  inittext     0000
__Hintentry                  intentry     0012
__Hmaintext                  maintext     0000
__Hpowerup                   powerup      0000
__Hram                       ram          0000
__Hreset_vec                 reset_vec    0003
__Hsfr0                      sfr0         0000
__Hsfr1                      sfr1         0000
__Hsfr2                      sfr2         0000
__Hsfr3                      sfr3         0000
__Hspace_0                   (abs)        2008
__Hspace_1                   (abs)        01DD
__Hspace_2                   (abs)        0000
__Hspace_3                   (abs)        0000
__Hstack                     stack        0000
__Hstrings                   strings      0000
__Htext                      text         0000
__Labs1                      abs1         0000
__Lbank0                     bank0        0000
__Lbank1                     bank1        0000
__Lbank2                     bank2        0000
__Lbank3                     bank3        0000
__LbssBANK0                  bssBANK0     0000
__LbssBANK1                  bssBANK1     0000
__LbssBANK3                  bssBANK3     0000
__LbssCOMMON                 bssCOMMON    0000
__Lcinit                     cinit        0015
__Lclrtext                   clrtext      0000
__Lcode                      code         0000
__Lcommon                    common       0000
__Lconfig                    config       2007
__LcstackBANK0               cstackBANK0  0000
__LcstackBANK1               cstackBANK1  0000
__LcstackBANK3               cstackBANK3  0000
__LcstackCOMMON              cstackCOMMON 0000
__LdataBANK0                 dataBANK0    0000
__LdataBANK1                 dataBANK1    0000
__LdataBANK2                 dataBANK2    0000
__LdataBANK3                 dataBANK3    0000
__Leeprom_data               eeprom_data  0000
__Lend_init                  end_init     0012
__Lfunctab                   functab      0000
__LidataBANK0                idataBANK0   0000
__LidataBANK1                idataBANK1   0000
__LidataBANK2                idataBANK2   0000
__LidataBANK3                idataBANK3   0000
__Lidloc                     idloc        0000
__Linit                      init         0012
__Linittext                  inittext     0000
__Lintentry                  intentry     0004
__Lmaintext                  maintext     0000
__Lpowerup                   powerup      0000
__Lram                       ram          0000
__Lreset_vec                 reset_vec    0000
__Lsfr0                      sfr0         0000
__Lsfr1                      sfr1         0000
__Lsfr2                      sfr2         0000
__Lsfr3                      sfr3         0000
__Lspace_0                   (abs)        0000
__Lspace_1                   (abs)        0000
__Lspace_2                   (abs)        0000
__Lspace_3                   (abs)        0000
__Lstack                     stack        0000
__Lstrings                   strings      0000
__Ltext                      text         0000
__S0                         (abs)        2008
__S1                         (abs)        01DD
__S2                         (abs)        0000
__S3                         (abs)        0000
___int_sp                    stack        0000
___latbits                   (abs)        0002
___sp                        stack        0000
__end_of_GSM_Init            text11       0790
__end_of_GSM_Send            text25       05A9
__end_of_ISR                 text15       03FA
__end_of_Lcd_Clear           text8        07FC
__end_of_Lcd_Cmd             text9        0DFE
__end_of_Lcd_Init            text7        07F1
__end_of_Lcd_Port            text10       0D40
__end_of_Lcd_Set_Cursor      text6        072D
__end_of_Lcd_Write_Char      text5        0F65
__end_of_Lcd_Write_String    text4        0E89
__end_of_UART_Data_Ready     text24       0CC6
__end_of_UART_Init           text14       0DE1
__end_of_UART_Read           text23       0400
__end_of_UART_Send           text12       1000
__end_of_UART_Write          text13       0D28
__end_of__initialization     cinit        0064
__end_of__stringtab          strings      0410
__end_of_findKey             text3        06C3
__end_of_main                maintext     028D
__end_of_readKeyboard        text2        0647
__end_of_strcmp              text1        0EB0
__end_of_strcpy              text22       0D72
__end_ofi1_Lcd_Clear         text19       0CD9
__end_ofi1_Lcd_Cmd           text20       0DA7
__end_ofi1_Lcd_Port          text21       0D8C
__end_ofi1_Lcd_Set_Cursor    text18       0FAF
__end_ofi1_Lcd_Write_Char    text17       0EEA
__end_ofi1_Lcd_Write_String  text16       0E41
__end_ofi1_UART_Init         text28       0DC4
__end_ofi1_UART_Send         text26       0F27
__end_ofi1_UART_Write        text27       0CFD
__initialization             cinit        0015
__pbssBANK0                  bssBANK0     0041
__pbssBANK1                  bssBANK1     00A0
__pbssBANK3                  bssBANK3     0190
__pbssCOMMON                 bssCOMMON    007D
__pcstackBANK0               cstackBANK0  0054
__pcstackBANK1               cstackBANK1  00EA
__pcstackBANK3               cstackBANK3  01DA
__pcstackCOMMON              cstackCOMMON 0070
__pdataBANK0                 dataBANK0    0020
__pdataBANK1                 dataBANK1    00D5
__pdataBANK2                 dataBANK2    0110
__pdataBANK3                 dataBANK3    01B8
__pidataBANK0                idataBANK0   0DFE
__pidataBANK1                idataBANK1   0CFD
__pidataBANK2                idataBANK2   0D40
__pidataBANK3                idataBANK3   0E41
__pintentry                  intentry     0004
__pmaintext                  maintext     0068
__pstrings                   strings      0400
__ptext1                     text1        0E89
__ptext10                    text10       0D28
__ptext11                    text11       072D
__ptext12                    text12       0FAF
__ptext13                    text13       0D12
__ptext14                    text14       0DC4
__ptext15                    text15       028D
__ptext16                    text16       0E1F
__ptext17                    text17       0EB0
__ptext18                    text18       0F65
__ptext19                    text19       0CCE
__ptext2                     text2        05A9
__ptext20                    text20       0D8C
__ptext21                    text21       0D72
__ptext22                    text22       0D58
__ptext23                    text23       03FA
__ptext24                    text24       0CC0
__ptext25                    text25       04E3
__ptext26                    text26       0EEA
__ptext27                    text27       0CEA
__ptext28                    text28       0DA7
__ptext3                     text3        0647
__ptext4                     text4        0E63
__ptext5                     text5        0F27
__ptext6                     text6        06C3
__ptext7                     text7        0790
__ptext8                     text8        07F1
__ptext9                     text9        0DE1
__size_of_GSM_Init           (abs)        0000
__size_of_GSM_Send           (abs)        0000
__size_of_ISR                (abs)        0000
__size_of_Lcd_Clear          (abs)        0000
__size_of_Lcd_Cmd            (abs)        0000
__size_of_Lcd_Init           (abs)        0000
__size_of_Lcd_Port           (abs)        0000
__size_of_Lcd_Set_Cursor     (abs)        0000
__size_of_Lcd_Write_Char     (abs)        0000
__size_of_Lcd_Write_String   (abs)        0000
__size_of_UART_Data_Ready    (abs)        0000
__size_of_UART_Init          (abs)        0000
__size_of_UART_Read          (abs)        0000
__size_of_UART_Send          (abs)        0000
__size_of_UART_Write         (abs)        0000
__size_of_findKey            (abs)        0000
__size_of_main               (abs)        0000
__size_of_readKeyboard       (abs)        0000
__size_of_strcmp             (abs)        0000
__size_of_strcpy             (abs)        0000
__size_ofi1_Lcd_Clear        (abs)        0000
__size_ofi1_Lcd_Cmd          (abs)        0000
__size_ofi1_Lcd_Port         (abs)        0000
__size_ofi1_Lcd_Set_Cursor   (abs)        0000
__size_ofi1_Lcd_Write_Char   (abs)        0000
__size_ofi1_Lcd_Write_String (abs)        0000
__size_ofi1_UART_Init        (abs)        0000
__size_ofi1_UART_Send        (abs)        0000
__size_ofi1_UART_Write       (abs)        0000
__stringbase                 strings      040F
__stringtab                  strings      0400
_a                           bssCOMMON    007D
_a1                          dataBANK0    0034
_b                           dataBANK0    002F
_c1                          dataBANK0    002A
_findKey                     text3        0647
_freq                        bssBANK0     0050
_i                           bssBANK0     0045
_j                           bssBANK0     0047
_k                           bssBANK0     0049
_main                        maintext     0068
_mode_text                   dataBANK1    00E0
_noecho                      dataBANK0    0039
_readKeyboard                text2        05A9
_rf1                         dataBANK1    00D5
_rfid                        bssBANK1     00A0
_strcmp                      text1        0E89
_strcpy                      text22       0D58
_t3                          bssBANK0     0043
_temp                        bssBANK1     00CB
_x                           bssBANK0     004F
_z                           bssBANK1     00C1
btemp                        (abs)        007E
clear_ram0                   clrtext      0CC6
end_of_initialization        cinit        0064
findKey@a                    cstackBANK0  005E
findKey@b                    cstackBANK0  0060
i1Lcd_Cmd@a                  cstackCOMMON 0073
i1Lcd_Port@a                 cstackCOMMON 0070
i1Lcd_Set_Cursor@a           cstackCOMMON 0077
i1Lcd_Set_Cursor@b           cstackCOMMON 0074
i1Lcd_Set_Cursor@temp        cstackCOMMON 007A
i1Lcd_Set_Cursor@y           cstackCOMMON 0079
i1Lcd_Set_Cursor@z           cstackCOMMON 0078
i1Lcd_Write_Char@a           cstackCOMMON 0074
i1Lcd_Write_Char@temp        cstackCOMMON 0072
i1Lcd_Write_Char@y           cstackCOMMON 0073
i1Lcd_Write_String@a         cstackCOMMON 0075
i1Lcd_Write_String@i         cstackCOMMON 0076
i1UART_Send@i                cstackCOMMON 0078
i1UART_Send@s                cstackCOMMON 0073
i1UART_Write@data            cstackCOMMON 0072
i1_Lcd_Clear                 text19       0CCE
i1_Lcd_Cmd                   text20       0D8C
i1_Lcd_Port                  text21       0D72
i1_Lcd_Set_Cursor            text18       0F65
i1_Lcd_Write_Char            text17       0EB0
i1_Lcd_Write_String          text16       0E1F
i1_UART_Init                 text28       0DA7
i1_UART_Send                 text26       0EEA
i1_UART_Write                text27       0CEA
init_fetch0                  inittext     0CD9
init_ram0                    inittext     0CDD
interrupt_function           intentry     0004
intlevel0                    functab      0000
intlevel1                    functab      0000
intlevel2                    functab      0000
intlevel3                    functab      0000
intlevel4                    functab      0000
intlevel5                    functab      0000
readKeyboard@i               cstackBANK1  00EA
reset_vec                    reset_vec    0000
saved_w                      (abs)        007E
stackhi                      (abs)        0000
stacklo                      (abs)        0000
start                        init         0012
start_initialization         cinit        0015
strcmp@r                     cstackBANK0  0062
strcmp@s1                    cstackBANK0  0063
strcmp@s2                    cstackBANK0  005E
strcpy@cp                    cstackCOMMON 0072
strcpy@from                  cstackCOMMON 0070
strcpy@to                    cstackCOMMON 0073
wtemp0                       (abs)        007E


FUNCTION INFORMATION:

 *************** function _main *****************
 Defined at:
		line 34 in file "keypad.c"
 Parameters:    Size  Location     Type
		None
 Auto vars:     Size  Location     Type
		None
 Return value:  Size  Location     Type
                  1    wreg      void 
 Registers used:
		wreg, fsr0l, fsr0h, status,2, status,0, btemp+1, pclath, cstack
 Tracked objects:
		On entry : 
		On exit  : 
		Unchanged: 
 Data sizes:     COMMON   BANK0   BANK1   BANK3   BANK2
      Params:         0       0       0       0       0
      Locals:         0       0       0       0       0
      Temps:          0       0       0       3       0
      Totals:         0       0       0       3       0
Total ram usage:        3 bytes
 Hardware stack levels required when called:    7
 This function calls:
		_GSM_Init
		_Lcd_Clear
		_Lcd_Init
		_Lcd_Set_Cursor
		_Lcd_Write_Char
		_Lcd_Write_String
		_UART_Init
		_readKeyboard
		_strcmp
 This function is called by:
		Startup code after reset
 This function uses a non-reentrant model


 *************** function _strcmp *****************
 Defined at:
		line 33 in file "C:\Program Files\Microchip\xc8\v1.45\sources\common\strcmp.c"
 Parameters:    Size  Location     Type
  s1              1    wreg     PTR const unsigned char 
		 -> z(10), 
  s2              1   10[BANK0 ] PTR const unsigned char 
		 -> temp(10), 
 Auto vars:     Size  Location     Type
  s1              1   15[BANK0 ] PTR const unsigned char 
		 -> z(10), 
  r               1   14[BANK0 ] char 
 Return value:  Size  Location     Type
                  2   10[BANK0 ] int 
 Registers used:
		wreg, fsr0l, fsr0h, status,2, status,0
 Tracked objects:
		On entry : 
		On exit  : 
		Unchanged: 
 Data sizes:     COMMON   BANK0   BANK1   BANK3   BANK2
      Params:         0       2       0       0       0
      Locals:         0       2       0       0       0
      Temps:          0       2       0       0       0
      Totals:         0       6       0       0       0
Total ram usage:        6 bytes
 Hardware stack levels used:    1
 Hardware stack levels required when called:    4
 This function calls:
		Nothing
 This function is called by:
		_main
 This function uses a non-reentrant model


 *************** function _readKeyboard *****************
 Defined at:
		line 398 in file "lib.h"
 Parameters:    Size  Location     Type
		None
 Auto vars:     Size  Location     Type
  i               2    0[BANK1 ] unsigned int 
 Return value:  Size  Location     Type
                  1    wreg      unsigned char 
 Registers used:
		wreg, status,2, status,0, pclath, cstack
 Tracked objects:
		On entry : 
		On exit  : 
		Unchanged: 
 Data sizes:     COMMON   BANK0   BANK1   BANK3   BANK2
      Params:         0       0       0       0       0
      Locals:         0       0       2       0       0
      Temps:          0       3       0       0       0
      Totals:         0       3       2       0       0
Total ram usage:        5 bytes
 Hardware stack levels used:    1
 Hardware stack levels required when called:    5
 This function calls:
		_findKey
 This function is called by:
		_main
 This function uses a non-reentrant model


 *************** function _findKey *****************
 Defined at:
		line 340 in file "lib.h"
 Parameters:    Size  Location     Type
  a               2   10[BANK0 ] unsigned short 
  b               2   12[BANK0 ] unsigned short 
 Auto vars:     Size  Location     Type
		None
 Return value:  Size  Location     Type
                  1    wreg      unsigned char 
 Registers used:
		wreg, status,2, status,0
 Tracked objects:
		On entry : 
		On exit  : 
		Unchanged: 
 Data sizes:     COMMON   BANK0   BANK1   BANK3   BANK2
      Params:         0       4       0       0       0
      Locals:         0       0       0       0       0
      Temps:          0       0       0       0       0
      Totals:         0       4       0       0       0
Total ram usage:        4 bytes
 Hardware stack levels used:    1
 Hardware stack levels required when called:    4
 This function calls:
		Nothing
 This function is called by:
		_readKeyboard
 This function uses a non-reentrant model


 *************** function _Lcd_Write_String *****************
 Defined at:
		line 233 in file "lib.h"
 Parameters:    Size  Location     Type
  a               1    wreg     PTR unsigned char 
		 -> STR_18(11), STR_14(15), STR_11(10), STR_10(9), 
		 -> STR_9(17), STR_8(12), STR_7(15), STR_6(15), 
		 -> STR_5(15), STR_4(9), STR_3(15), 
 Auto vars:     Size  Location     Type
  a               1   17[BANK0 ] PTR unsigned char 
		 -> STR_18(11), STR_14(15), STR_11(10), STR_10(9), 
		 -> STR_9(17), STR_8(12), STR_7(15), STR_6(15), 
		 -> STR_5(15), STR_4(9), STR_3(15), 
  i               2   15[BANK0 ] int 
 Return value:  Size  Location     Type
                  1    wreg      void 
 Registers used:
		wreg, fsr0l, fsr0h, status,2, status,0, pclath, cstack
 Tracked objects:
		On entry : 
		On exit  : 
		Unchanged: 
 Data sizes:     COMMON   BANK0   BANK1   BANK3   BANK2
      Params:         0       0       0       0       0
      Locals:         0       3       0       0       0
      Temps:          0       0       0       0       0
      Totals:         0       3       0       0       0
Total ram usage:        3 bytes
 Hardware stack levels used:    1
 Hardware stack levels required when called:    6
 This function calls:
		_Lcd_Write_Char
 This function is called by:
		_main
 This function uses a non-reentrant model


 *************** function _Lcd_Write_Char *****************
 Defined at:
		line 216 in file "lib.h"
 Parameters:    Size  Location     Type
  a               1    wreg     unsigned char 
 Auto vars:     Size  Location     Type
  a               1   14[BANK0 ] unsigned char 
  y               1   13[BANK0 ] unsigned char 
  temp            1   12[BANK0 ] unsigned char 
 Return value:  Size  Location     Type
                  1    wreg      void 
 Registers used:
		wreg, status,2, status,0, pclath, cstack
 Tracked objects:
		On entry : 
		On exit  : 
		Unchanged: 
 Data sizes:     COMMON   BANK0   BANK1   BANK3   BANK2
      Params:         0       0       0       0       0
      Locals:         0       3       0       0       0
      Temps:          0       1       0       0       0
      Totals:         0       4       0       0       0
Total ram usage:        4 bytes
 Hardware stack levels used:    1
 Hardware stack levels required when called:    5
 This function calls:
		_Lcd_Port
 This function is called by:
		_Lcd_Write_String
		_main
 This function uses a non-reentrant model


 *************** function _Lcd_Set_Cursor *****************
 Defined at:
		line 176 in file "lib.h"
 Parameters:    Size  Location     Type
  a               1    wreg     unsigned char 
  b               1   14[BANK0 ] unsigned char 
 Auto vars:     Size  Location     Type
  a               1    0[BANK1 ] unsigned char 
  temp            1    3[BANK1 ] unsigned char 
  y               1    2[BANK1 ] unsigned char 
  z               1    1[BANK1 ] unsigned char 
 Return value:  Size  Location     Type
                  1    wreg      void 
 Registers used:
		wreg, status,2, status,0, pclath, cstack
 Tracked objects:
		On entry : 
		On exit  : 
		Unchanged: 
 Data sizes:     COMMON   BANK0   BANK1   BANK3   BANK2
      Params:         0       1       0       0       0
      Locals:         0       0       4       0       0
      Temps:          0       2       0       0       0
      Totals:         0       3       4       0       0
Total ram usage:        7 bytes
 Hardware stack levels used:    1
 Hardware stack levels required when called:    6
 This function calls:
		_Lcd_Cmd
 This function is called by:
		_main
 This function uses a non-reentrant model


 *************** function _Lcd_Init *****************
 Defined at:
		line 197 in file "lib.h"
 Parameters:    Size  Location     Type
		None
 Auto vars:     Size  Location     Type
		None
 Return value:  Size  Location     Type
                  1    wreg      void 
 Registers used:
		wreg, status,2, status,0, pclath, cstack
 Tracked objects:
		On entry : 
		On exit  : 
		Unchanged: 
 Data sizes:     COMMON   BANK0   BANK1   BANK3   BANK2
      Params:         0       0       0       0       0
      Locals:         0       0       0       0       0
      Temps:          0       2       0       0       0
      Totals:         0       2       0       0       0
Total ram usage:        2 bytes
 Hardware stack levels used:    1
 Hardware stack levels required when called:    6
 This function calls:
		_Lcd_Cmd
		_Lcd_Port
 This function is called by:
		_main
 This function uses a non-reentrant model


 *************** function _Lcd_Clear *****************
 Defined at:
		line 170 in file "lib.h"
 Parameters:    Size  Location     Type
		None
 Auto vars:     Size  Location     Type
		None
 Return value:  Size  Location     Type
                  2  226[None  ] int 
 Registers used:
		wreg, status,2, status,0, pclath, cstack
 Tracked objects:
		On entry : 
		On exit  : 
		Unchanged: 
 Data sizes:     COMMON   BANK0   BANK1   BANK3   BANK2
      Params:         0       0       0       0       0
      Locals:         0       0       0       0       0
      Temps:          0       0       0       0       0
      Totals:         0       0       0       0       0
Total ram usage:        0 bytes
 Hardware stack levels used:    1
 Hardware stack levels required when called:    6
 This function calls:
		_Lcd_Cmd
 This function is called by:
		_main
 This function uses a non-reentrant model


 *************** function _Lcd_Cmd *****************
 Defined at:
		line 160 in file "lib.h"
 Parameters:    Size  Location     Type
  a               1    wreg     unsigned char 
 Auto vars:     Size  Location     Type
  a               1   13[BANK0 ] unsigned char 
 Return value:  Size  Location     Type
                  1    wreg      void 
 Registers used:
		wreg, status,2, status,0, pclath, cstack
 Tracked objects:
		On entry : 
		On exit  : 
		Unchanged: 
 Data sizes:     COMMON   BANK0   BANK1   BANK3   BANK2
      Params:         0       0       0       0       0
      Locals:         0       1       0       0       0
      Temps:          0       2       0       0       0
      Totals:         0       3       0       0       0
Total ram usage:        3 bytes
 Hardware stack levels used:    1
 Hardware stack levels required when called:    5
 This function calls:
		_Lcd_Port
 This function is called by:
		_Lcd_Clear
		_Lcd_Set_Cursor
		_Lcd_Init
		_Lcd_Shift_Right
		_Lcd_Shift_Left
 This function uses a non-reentrant model


 *************** function _Lcd_Port *****************
 Defined at:
		line 138 in file "lib.h"
 Parameters:    Size  Location     Type
  a               1    wreg     unsigned char 
 Auto vars:     Size  Location     Type
  a               1   10[BANK0 ] unsigned char 
 Return value:  Size  Location     Type
                  1    wreg      void 
 Registers used:
		wreg
 Tracked objects:
		On entry : 
		On exit  : 
		Unchanged: 
 Data sizes:     COMMON   BANK0   BANK1   BANK3   BANK2
      Params:         0       0       0       0       0
      Locals:         0       1       0       0       0
      Temps:          0       0       0       0       0
      Totals:         0       1       0       0       0
Total ram usage:        1 bytes
 Hardware stack levels used:    1
 Hardware stack levels required when called:    4
 This function calls:
		Nothing
 This function is called by:
		_Lcd_Cmd
		_Lcd_Init
		_Lcd_Write_Char
 This function uses a non-reentrant model


 *************** function _GSM_Init *****************
 Defined at:
		line 73 in file "lib.h"
 Parameters:    Size  Location     Type
		None
 Auto vars:     Size  Location     Type
  i               2    0        int 
 Return value:  Size  Location     Type
                  1    wreg      void 
 Registers used:
		wreg, fsr0l, fsr0h, status,2, status,0, btemp+1, pclath, cstack
 Tracked objects:
		On entry : 
		On exit  : 
		Unchanged: 
 Data sizes:     COMMON   BANK0   BANK1   BANK3   BANK2
      Params:         0       0       0       0       0
      Locals:         0       0       0       0       0
      Temps:          0       0       3       0       0
      Totals:         0       0       3       0       0
Total ram usage:        3 bytes
 Hardware stack levels used:    1
 Hardware stack levels required when called:    6
 This function calls:
		_UART_Init
		_UART_Send
		_UART_Write
 This function is called by:
		_main
 This function uses a non-reentrant model


 *************** function _UART_Send *****************
 Defined at:
		line 50 in file "lib.h"
 Parameters:    Size  Location     Type
  s               2   13[BANK0 ] PTR unsigned char 
		 -> STR_17(11), c1(5), STR_16(11), b(5), 
		 -> STR_15(11), a1(5), STR_13(57), STR_12(11), 
		 -> STR_2(2), STR_1(10), mode_text(10), noecho(5), 
		 -> AT(3), 
 Auto vars:     Size  Location     Type
  i               2    0[BANK1 ] int 
 Return value:  Size  Location     Type
                  1    wreg      void 
 Registers used:
		wreg, fsr0l, fsr0h, status,2, status,0, btemp+1, pclath, cstack
 Tracked objects:
		On entry : 
		On exit  : 
		Unchanged: 
 Data sizes:     COMMON   BANK0   BANK1   BANK3   BANK2
      Params:         0       2       0       0       0
      Locals:         0       0       2       0       0
      Temps:          0       3       0       0       0
      Totals:         0       5       2       0       0
Total ram usage:        7 bytes
 Hardware stack levels used:    1
 Hardware stack levels required when called:    5
 This function calls:
		_UART_Write
 This function is called by:
		_GSM_Init
 This function uses a non-reentrant model


 *************** function _UART_Write *****************
 Defined at:
		line 42 in file "lib.h"
 Parameters:    Size  Location     Type
  data            1    wreg     unsigned char 
 Auto vars:     Size  Location     Type
  data            1   12[BANK0 ] unsigned char 
 Return value:  Size  Location     Type
                  1    wreg      void 
 Registers used:
		wreg
 Tracked objects:
		On entry : 
		On exit  : 
		Unchanged: 
 Data sizes:     COMMON   BANK0   BANK1   BANK3   BANK2
      Params:         0       0       0       0       0
      Locals:         0       1       0       0       0
      Temps:          0       2       0       0       0
      Totals:         0       3       0       0       0
Total ram usage:        3 bytes
 Hardware stack levels used:    1
 Hardware stack levels required when called:    4
 This function calls:
		Nothing
 This function is called by:
		_UART_Send
		_GSM_Init
 This function uses a non-reentrant model


 *************** function _UART_Init *****************
 Defined at:
		line 27 in file "lib.h"
 Parameters:    Size  Location     Type
		None
 Auto vars:     Size  Location     Type
		None
 Return value:  Size  Location     Type
                  1    wreg      void 
 Registers used:
		wreg
 Tracked objects:
		On entry : 
		On exit  : 
		Unchanged: 
 Data sizes:     COMMON   BANK0   BANK1   BANK3   BANK2
      Params:         0       0       0       0       0
      Locals:         0       0       0       0       0
      Temps:          0       0       0       0       0
      Totals:         0       0       0       0       0
Total ram usage:        0 bytes
 Hardware stack levels used:    1
 Hardware stack levels required when called:    4
 This function calls:
		Nothing
 This function is called by:
		_GSM_Init
		_main
 This function uses a non-reentrant model


 *************** function _ISR *****************
 Defined at:
		line 139 in file "keypad.c"
 Parameters:    Size  Location     Type
		None
 Auto vars:     Size  Location     Type
		None
 Return value:  Size  Location     Type
                  1    wreg      void 
 Registers used:
		wreg, fsr0l, fsr0h, status,2, status,0, btemp+1, pclath, cstack
 Tracked objects:
		On entry : 
		On exit  : 
		Unchanged: 
 Data sizes:     COMMON   BANK0   BANK1   BANK3   BANK2
      Params:         0       0       0       0       0
      Locals:         0       0       0       0       0
      Temps:          0       7       0       0       0
      Totals:         0       7       0       0       0
Total ram usage:        7 bytes
 Hardware stack levels used:    1
 Hardware stack levels required when called:    3
 This function calls:
		_GSM_Send
		_UART_Data_Ready
		_UART_Read
		_strcpy
		i1_Lcd_Clear
		i1_Lcd_Set_Cursor
		i1_Lcd_Write_String
 This function is called by:
		Interrupt level 1
 This function uses a non-reentrant model


 *************** function i1_Lcd_Write_String *****************
 Defined at:
		line 233 in file "lib.h"
 Parameters:    Size  Location     Type
  a               1    wreg     PTR unsigned char 
		 -> STR_18(11), STR_14(15), STR_11(10), STR_10(9), 
		 -> STR_9(17), STR_8(12), STR_7(15), STR_6(15), 
		 -> STR_5(15), STR_4(9), STR_3(15), 
 Auto vars:     Size  Location     Type
  a               1    5[COMMON] PTR unsigned char 
		 -> STR_18(11), STR_14(15), STR_11(10), STR_10(9), 
		 -> STR_9(17), STR_8(12), STR_7(15), STR_6(15), 
		 -> STR_5(15), STR_4(9), STR_3(15), 
  Lcd_Write_St    2    6[COMMON] int 
 Return value:  Size  Location     Type
                  1    wreg      void 
 Registers used:
		wreg, fsr0l, fsr0h, status,2, status,0, pclath, cstack
 Tracked objects:
		On entry : 
		On exit  : 
		Unchanged: 
 Data sizes:     COMMON   BANK0   BANK1   BANK3   BANK2
      Params:         0       0       0       0       0
      Locals:         3       0       0       0       0
      Temps:          0       0       0       0       0
      Totals:         3       0       0       0       0
Total ram usage:        3 bytes
 Hardware stack levels used:    1
 Hardware stack levels required when called:    2
 This function calls:
		i1_Lcd_Write_Char
 This function is called by:
		_ISR
 This function uses a non-reentrant model


 *************** function i1_Lcd_Write_Char *****************
 Defined at:
		line 216 in file "lib.h"
 Parameters:    Size  Location     Type
  a               1    wreg     unsigned char 
 Auto vars:     Size  Location     Type
  a               1    4[COMMON] unsigned char 
  Lcd_Write_Ch    1    3[COMMON] unsigned char 
  Lcd_Write_Ch    1    2[COMMON] unsigned char 
 Return value:  Size  Location     Type
                  1    wreg      void 
 Registers used:
		wreg, status,2, status,0, pclath, cstack
 Tracked objects:
		On entry : 
		On exit  : 
		Unchanged: 
 Data sizes:     COMMON   BANK0   BANK1   BANK3   BANK2
      Params:         0       0       0       0       0
      Locals:         3       0       0       0       0
      Temps:          1       0       0       0       0
      Totals:         4       0       0       0       0
Total ram usage:        4 bytes
 Hardware stack levels used:    1
 Hardware stack levels required when called:    1
 This function calls:
		i1_Lcd_Port
 This function is called by:
		i1_Lcd_Write_String
 This function uses a non-reentrant model


 *************** function i1_Lcd_Set_Cursor *****************
 Defined at:
		line 176 in file "lib.h"
 Parameters:    Size  Location     Type
  a               1    wreg     unsigned char 
  b               1    4[COMMON] unsigned char 
 Auto vars:     Size  Location     Type
  a               1    7[COMMON] unsigned char 
  Lcd_Set_Curs    1   10[COMMON] unsigned char 
  Lcd_Set_Curs    1    9[COMMON] unsigned char 
  Lcd_Set_Curs    1    8[COMMON] unsigned char 
 Return value:  Size  Location     Type
                  1    wreg      void 
 Registers used:
		wreg, status,2, status,0, pclath, cstack
 Tracked objects:
		On entry : 
		On exit  : 
		Unchanged: 
 Data sizes:     COMMON   BANK0   BANK1   BANK3   BANK2
      Params:         1       0       0       0       0
      Locals:         4       0       0       0       0
      Temps:          2       0       0       0       0
      Totals:         7       0       0       0       0
Total ram usage:        7 bytes
 Hardware stack levels used:    1
 Hardware stack levels required when called:    2
 This function calls:
		i1_Lcd_Cmd
 This function is called by:
		_ISR
 This function uses a non-reentrant model


 *************** function i1_Lcd_Clear *****************
 Defined at:
		line 170 in file "lib.h"
 Parameters:    Size  Location     Type
		None
 Auto vars:     Size  Location     Type
		None
 Return value:  Size  Location     Type
                  2    0[None  ] int 
 Registers used:
		wreg, status,2, status,0, pclath, cstack
 Tracked objects:
		On entry : 
		On exit  : 
		Unchanged: 
 Data sizes:     COMMON   BANK0   BANK1   BANK3   BANK2
      Params:         0       0       0       0       0
      Locals:         0       0       0       0       0
      Temps:          0       0       0       0       0
      Totals:         0       0       0       0       0
Total ram usage:        0 bytes
 Hardware stack levels used:    1
 Hardware stack levels required when called:    2
 This function calls:
		i1_Lcd_Cmd
 This function is called by:
		_ISR
 This function uses a non-reentrant model


 *************** function i1_Lcd_Cmd *****************
 Defined at:
		line 160 in file "lib.h"
 Parameters:    Size  Location     Type
  a               1    wreg     unsigned char 
 Auto vars:     Size  Location     Type
  a               1    3[COMMON] unsigned char 
 Return value:  Size  Location     Type
                  1    wreg      void 
 Registers used:
		wreg, status,2, status,0, pclath, cstack
 Tracked objects:
		On entry : 
		On exit  : 
		Unchanged: 
 Data sizes:     COMMON   BANK0   BANK1   BANK3   BANK2
      Params:         0       0       0       0       0
      Locals:         1       0       0       0       0
      Temps:          2       0       0       0       0
      Totals:         3       0       0       0       0
Total ram usage:        3 bytes
 Hardware stack levels used:    1
 Hardware stack levels required when called:    1
 This function calls:
		i1_Lcd_Port
 This function is called by:
		i1_Lcd_Clear
		i1_Lcd_Set_Cursor
 This function uses a non-reentrant model


 *************** function i1_Lcd_Port *****************
 Defined at:
		line 138 in file "lib.h"
 Parameters:    Size  Location     Type
  a               1    wreg     unsigned char 
 Auto vars:     Size  Location     Type
  a               1    0[COMMON] unsigned char 
 Return value:  Size  Location     Type
                  1    wreg      void 
 Registers used:
		wreg
 Tracked objects:
		On entry : 
		On exit  : 
		Unchanged: 
 Data sizes:     COMMON   BANK0   BANK1   BANK3   BANK2
      Params:         0       0       0       0       0
      Locals:         1       0       0       0       0
      Temps:          0       0       0       0       0
      Totals:         1       0       0       0       0
Total ram usage:        1 bytes
 Hardware stack levels used:    1
 This function calls:
		Nothing
 This function is called by:
		i1_Lcd_Cmd
		i1_Lcd_Write_Char
 This function uses a non-reentrant model


 *************** function _strcpy *****************
 Defined at:
		line 8 in file "C:\Program Files\Microchip\xc8\v1.45\sources\common\strcpy.c"
 Parameters:    Size  Location     Type
  to              1    wreg     PTR unsigned char 
		 -> temp(10), 
  from            1    0[COMMON] PTR const unsigned char 
		 -> c1(5), b(5), a1(5), 
 Auto vars:     Size  Location     Type
  to              1    3[COMMON] PTR unsigned char 
		 -> temp(10), 
  cp              1    2[COMMON] PTR unsigned char 
		 -> temp(10), 
 Return value:  Size  Location     Type
                  1    wreg      PTR unsigned char 
 Registers used:
		wreg, fsr0l, fsr0h, status,2, status,0
 Tracked objects:
		On entry : 
		On exit  : 
		Unchanged: 
 Data sizes:     COMMON   BANK0   BANK1   BANK3   BANK2
      Params:         1       0       0       0       0
      Locals:         2       0       0       0       0
      Temps:          1       0       0       0       0
      Totals:         4       0       0       0       0
Total ram usage:        4 bytes
 Hardware stack levels used:    1
 This function calls:
		Nothing
 This function is called by:
		_ISR
 This function uses a non-reentrant model


 *************** function _UART_Read *****************
 Defined at:
		line 60 in file "lib.h"
 Parameters:    Size  Location     Type
		None
 Auto vars:     Size  Location     Type
		None
 Return value:  Size  Location     Type
                  1    wreg      unsigned char 
 Registers used:
		wreg
 Tracked objects:
		On entry : 
		On exit  : 
		Unchanged: 
 Data sizes:     COMMON   BANK0   BANK1   BANK3   BANK2
      Params:         0       0       0       0       0
      Locals:         0       0       0       0       0
      Temps:          0       0       0       0       0
      Totals:         0       0       0       0       0
Total ram usage:        0 bytes
 Hardware stack levels used:    1
 This function calls:
		Nothing
 This function is called by:
		_ISR
		_UART_Read_Text
 This function uses a non-reentrant model


 *************** function _UART_Data_Ready *****************
 Defined at:
		line 56 in file "lib.h"
 Parameters:    Size  Location     Type
		None
 Auto vars:     Size  Location     Type
		None
 Return value:  Size  Location     Type
                  1    wreg      unsigned char 
 Registers used:
		wreg
 Tracked objects:
		On entry : 
		On exit  : 
		Unchanged: 
 Data sizes:     COMMON   BANK0   BANK1   BANK3   BANK2
      Params:         0       0       0       0       0
      Locals:         0       0       0       0       0
      Temps:          0       0       0       0       0
      Totals:         0       0       0       0       0
Total ram usage:        0 bytes
 Hardware stack levels used:    1
 This function calls:
		Nothing
 This function is called by:
		_ISR
 This function uses a non-reentrant model


 *************** function _GSM_Send *****************
 Defined at:
		line 89 in file "lib.h"
 Parameters:    Size  Location     Type
  n               1    wreg     PTR unsigned char 
		 -> STR_17(11), STR_16(11), STR_15(11), STR_12(11), 
  m               2   10[COMMON] PTR unsigned char 
		 -> c1(5), b(5), a1(5), STR_13(57), 
 Auto vars:     Size  Location     Type
  n               1   12[COMMON] PTR unsigned char 
		 -> STR_17(11), STR_16(11), STR_15(11), STR_12(11), 
  i               2    0        int 
 Return value:  Size  Location     Type
                  1    wreg      void 
 Registers used:
		wreg, fsr0l, fsr0h, status,2, status,0, btemp+1, pclath, cstack
 Tracked objects:
		On entry : 
		On exit  : 
		Unchanged: 
 Data sizes:     COMMON   BANK0   BANK1   BANK3   BANK2
      Params:         2       0       0       0       0
      Locals:         1       0       0       0       0
      Temps:          0       3       0       0       0
      Totals:         3       3       0       0       0
Total ram usage:        6 bytes
 Hardware stack levels used:    1
 Hardware stack levels required when called:    2
 This function calls:
		i1_UART_Init
		i1_UART_Send
		i1_UART_Write
 This function is called by:
		_ISR
 This function uses a non-reentrant model


 *************** function i1_UART_Send *****************
 Defined at:
		line 50 in file "lib.h"
 Parameters:    Size  Location     Type
  s               2    3[COMMON] PTR unsigned char 
		 -> STR_17(11), c1(5), STR_16(11), b(5), 
		 -> STR_15(11), a1(5), STR_13(57), STR_12(11), 
		 -> STR_2(2), STR_1(10), mode_text(10), noecho(5), 
		 -> AT(3), 
 Auto vars:     Size  Location     Type
  UART_Send       2    8[COMMON] int 
 Return value:  Size  Location     Type
                  1    wreg      void 
 Registers used:
		wreg, fsr0l, fsr0h, status,2, status,0, btemp+1, pclath, cstack
 Tracked objects:
		On entry : 
		On exit  : 
		Unchanged: 
 Data sizes:     COMMON   BANK0   BANK1   BANK3   BANK2
      Params:         2       0       0       0       0
      Locals:         2       0       0       0       0
      Temps:          3       0       0       0       0
      Totals:         7       0       0       0       0
Total ram usage:        7 bytes
 Hardware stack levels used:    1
 Hardware stack levels required when called:    1
 This function calls:
		i1_UART_Write
 This function is called by:
		_GSM_Send
 This function uses a non-reentrant model


 *************** function i1_UART_Write *****************
 Defined at:
		line 42 in file "lib.h"
 Parameters:    Size  Location     Type
  data            1    wreg     unsigned char 
 Auto vars:     Size  Location     Type
  data            1    2[COMMON] unsigned char 
 Return value:  Size  Location     Type
                  1    wreg      void 
 Registers used:
		wreg
 Tracked objects:
		On entry : 
		On exit  : 
		Unchanged: 
 Data sizes:     COMMON   BANK0   BANK1   BANK3   BANK2
      Params:         0       0       0       0       0
      Locals:         1       0       0       0       0
      Temps:          2       0       0       0       0
      Totals:         3       0       0       0       0
Total ram usage:        3 bytes
 Hardware stack levels used:    1
 This function calls:
		Nothing
 This function is called by:
		_GSM_Send
		i1_UART_Send
 This function uses a non-reentrant model


 *************** function i1_UART_Init *****************
 Defined at:
		line 27 in file "lib.h"
 Parameters:    Size  Location     Type
		None
 Auto vars:     Size  Location     Type
		None
 Return value:  Size  Location     Type
                  1    wreg      void 
 Registers used:
		wreg
 Tracked objects:
		On entry : 
		On exit  : 
		Unchanged: 
 Data sizes:     COMMON   BANK0   BANK1   BANK3   BANK2
      Params:         0       0       0       0       0
      Locals:         0       0       0       0       0
      Temps:          0       0       0       0       0
      Totals:         0       0       0       0       0
Total ram usage:        0 bytes
 Hardware stack levels used:    1
 This function calls:
		Nothing
 This function is called by:
		_GSM_Send
 This function uses a non-reentrant model



MODULE INFORMATION

Module		Function		Class		Link	Load	Size
keypad.c
		_ISR           		CODE           	028D	0000	366
		_main          		CODE           	0068	0000	550

keypad.c estimated size: 916

lib.h
		_Lcd_Write_String		CODE           	0E63	0000	39
		_Lcd_Init      		CODE           	0790	0000	98
		_UART_Read     		CODE           	03FA	0000	7
		_Lcd_Write_Char		CODE           	0F27	0000	63
		_UART_Data_Ready		CODE           	0CC0	0000	7
		_readKeyboard  		CODE           	05A9	0000	159
		_UART_Init     		CODE           	0DC4	0000	30
		_Lcd_Cmd       		CODE           	0DE1	0000	30
		_UART_Send     		CODE           	0FAF	0000	82
		_Lcd_Set_Cursor		CODE           	06C3	0000	107
		_findKey       		CODE           	0647	0000	125
		_Lcd_Clear     		CODE           	07F1	0000	12
		_GSM_Init      		CODE           	072D	0000	100
		_GSM_Send      		CODE           	04E3	0000	199
		_UART_Write    		CODE           	0D12	0000	23
		_Lcd_Port      		CODE           	0D28	0000	25

lib.h estimated size: 1106

C:\Program Files\Microchip\xc8\v1.45\sources\common\strcmp.c
		_strcmp        		CODE           	0E89	0000	40

C:\Program Files\Microchip\xc8\v1.45\sources\common\strcmp.c estimated size: 40

C:\Program Files\Microchip\xc8\v1.45\sources\common\strcpy.c
		_strcpy        		CODE           	0D58	0000	27

C:\Program Files\Microchip\xc8\v1.45\sources\common\strcpy.c estimated size: 27

shared
		__stringtab    		STRING         	0400	0000	17
		i1_UART_Send   		CODE           	0EEA	0000	62
		i1_UART_Init   		CODE           	0DA7	0000	30
		i1_Lcd_Write_Char		CODE           	0EB0	0000	59
		i1_UART_Write  		CODE           	0CEA	0000	20
		i1_Lcd_Port    		CODE           	0D72	0000	27
		i1_Lcd_Cmd     		CODE           	0D8C	0000	28
		i1_Lcd_Clear   		CODE           	0CCE	0000	12
		__initialization		CODE           	0015	0000	80
		i1_Lcd_Set_Cursor		CODE           	0F65	0000	75
		i1_Lcd_Write_String		CODE           	0E1F	0000	35

shared estimated size: 445

