Microchip MPLAB XC8 Compiler V1.45 ()

Linker command line:

-W-3 --edf=C:\Program Files (x86)\Microchip\xc8\v1.45\dat\en_msgs.txt -cs \
  -h+dist/default/production\gprs2.X.production.sym \
  --cmf=dist/default/production\gprs2.X.production.cmf -z -Q16F877A \
  -oC:\Users\Acer\AppData\Local\Temp\s3eg.2 \
  -Mdist/default/production/gprs2.X.production.map -E1 -ver=XC8 \
  -ASTACK=015Ch-016fh -pstack=STACK -ACODE=00h-07FFhx4 -ASTRCODE=00h-01FFFh \
  -ASTRING=00h-0FFhx32 -ACONST=00h-0FFhx32 -AENTRY=00h-0FFhx32 \
  -ACOMMON=070h-07Fh -ABANK0=020h-06Fh -ABANK1=0A0h-0EFh \
  -ABANK2=0110h-016Fh -ABANK3=0190h-01EFh \
  -ARAM=020h-06Fh,0A0h-0EFh,0110h-016Fh,0190h-01EFh \
  -AABS1=020h-07Fh,0A0h-0EFh,0110h-016Fh,0190h-01EFh -ASFR0=00h-01Fh \
  -ASFR1=080h-09Fh -ASFR2=0100h-010Fh -ASFR3=0180h-018Fh \
  -preset_vec=00h,intentry,init,end_init -ppowerup=CODE -pcinit=CODE \
  -pfunctab=ENTRY -ACONFIG=02007h-02007h -pconfig=CONFIG -DCONFIG=2 \
  -AIDLOC=02000h-02003h -pidloc=IDLOC -DIDLOC=2 -AEEDATA=00h-0FFh/02100h \
  -peeprom_data=EEDATA -DEEDATA=2 -DCODE=2 -DSTRCODE=2 -DSTRING=2 -DCONST=2 \
  -DENTRY=2 -k C:\Users\Acer\AppData\Local\Temp\s3eg.obj \
  dist/default/production\gprs2.X.production.obj 

Object code version is 3.11

Machine type is 16F877A



                Name                               Link     Load   Length Selector   Space Scale
C:\Users\Acer\AppData\Local\Temp\s3eg.obj
                end_init                              0        0        3        0       0
                config                             2007     2007        1     400E       0
dist/default/production\gprs2.X.production.obj
                cinit                               7B0      7B0       50      F60       0
                text20                              EBC      EBC       1A     1D78       0
                text19                              ED6      ED6       1B     1DAC       0
                text18                                4        4        B        8       0
                text17                              147      147       5C      28E       0
                text16                              F89      F89       3A     1F12       0
                text15                              203      203       7F      406       0
                text14                              E7E      E7E        6     1CFC       0
                text13                              E9C      E9C        F     1D38       0
                text12                              EF1      EF1       23     1DE2       0
                text11                              F37      F37       25     1E6E       0
                text10                              463      463      1A6      8C6       0
                text9                               609      609      1A7      C12       0
                text8                               E84      E84        8     1D08       0
                text7                                79       79       42       F2       0
                text6                               282      282       AF      504       0
                text5                                FD       FD       4A      1FA       0
                text4                               FC3      FC3       3D     1F86       0
                text3                               F14      F14       23     1E28       0
                text2                               E8C      E8C        8     1D18       0
                text1                                BB       BB       42      176       0
                maintext                            331      331      132      662       0
                cstackBANK0                          4D       4D       1A       20       1
                cstackCOMMON                         70       70        E       70       1
                clrtext                             E94      E94        8     1D28       0
                inittext                            EAB      EAB       11     1D56       0
                dataBANK2                           110      110       2D      110       1
                bssBANK2                            13D      13D       1F      110       1
                dataBANK3                           190      190       60      190       1
                dataBANK1                            A0       A0       3D       A0       1
                bssBANK1                             DD       DD        D       A0       1
                dataBANK0                            20       20       2D       20       1
                bssBANK0                             67       67        6       20       1
                stringtext                          800      800      168       10       0
                strings                             968      968       12     12D0       0
                idataBANK3                          1A3      1A3       60      346       0
                idataBANK2                          F5C      F5C       2D     1EB8       0
                idataBANK1                           3C       3C       3D       78       0
                idataBANK0                            F        F       2D       1E       0

TOTAL           Name                               Link     Load   Length     Space
        CLASS   STACK          

        CLASS   CODE           
                end_init                              0        0        3         0
                cinit                               7B0      7B0       50         0
                text20                              EBC      EBC       1A         0
                text19                              ED6      ED6       1B         0
                text18                                4        4        B         0
                text17                              147      147       5C         0
                text16                              F89      F89       3A         0
                text15                              203      203       7F         0
                text14                              E7E      E7E        6         0
                text13                              E9C      E9C        F         0
                text12                              EF1      EF1       23         0
                text11                              F37      F37       25         0
                text10                              463      463      1A6         0
                text9                               609      609      1A7         0
                text8                               E84      E84        8         0
                text7                                79       79       42         0
                text6                               282      282       AF         0
                text5                                FD       FD       4A         0
                text4                               FC3      FC3       3D         0
                text3                               F14      F14       23         0
                text2                               E8C      E8C        8         0
                text1                                BB       BB       42         0
                maintext                            331      331      132         0
                clrtext                             E94      E94        8         0
                inittext                            EAB      EAB       11         0
                idataBANK3                          1A3      1A3       60         0
                idataBANK2                          F5C      F5C       2D         0
                idataBANK1                           3C       3C       3D         0
                idataBANK0                            F        F       2D         0

        CLASS   STRCODE        
                stringtext                          800      800      168         0

        CLASS   STRING         
                strings                             968      968       12         0

        CLASS   CONST          

        CLASS   ENTRY          

        CLASS   COMMON         
                cstackCOMMON                         70       70        E         1

        CLASS   BANK0          
                cstackBANK0                          4D       4D       1A         1
                dataBANK0                            20       20       2D         1
                bssBANK0                             67       67        6         1

        CLASS   BANK1          
                dataBANK1                            A0       A0       3D         1
                bssBANK1                             DD       DD        D         1

        CLASS   BANK2          
                dataBANK2                           110      110       2D         1
                bssBANK2                            13D      13D       1F         1

        CLASS   BANK3          
                dataBANK3                           190      190       60         1

        CLASS   RAM            

        CLASS   ABS1           
                abs_s1                               7E       7E        2         1

        CLASS   SFR0           

        CLASS   SFR1           

        CLASS   SFR2           

        CLASS   SFR3           

        CLASS   CONFIG         
                config                             2007     2007        1         0

        CLASS   IDLOC          

        CLASS   EEDATA         



SEGMENTS        Name                           Load    Length   Top    Selector   Space  Class     Delta

                reset_vec                      000000  000003  000003         0       0  CODE        2
                text18                         000004  00000B  00000F         8       0  CODE        2
                idataBANK0                     00000F  00002D  00003C        1E       0  CODE        2
                dataBANK0                      000020  00004D  00006D        20       1  BANK0       1
                cstackCOMMON                   000070  00000E  00007E        70       1  COMMON      1
                idataBANK1                     00003C  00003D  000079        78       0  CODE        2
                dataBANK1                      0000A0  00004A  0000EA        A0       1  BANK1       1
                text7                          000079  000042  0000BB        F2       0  CODE        2
                dataBANK2                      000110  00004C  00015C       110       1  BANK2       1
                text1                          0000BB  000042  0000FD       176       0  CODE        2
                dataBANK3                      000190  000060  0001F0       190       1  BANK3       1
                text5                          0000FD  00004A  000147       1FA       0  CODE        2
                text17                         000147  00005C  0001A3       28E       0  CODE        2
                idataBANK3                     0001A3  000060  000203       346       0  CODE        2
                text15                         000203  00007F  000282       406       0  CODE        2
                text6                          000282  0000AF  000331       504       0  CODE        2
                maintext                       000331  000132  000463       662       0  CODE        2
                text10                         000463  0001A6  000609       8C6       0  CODE        2
                text9                          000609  0001A7  0007B0       C12       0  CODE        2
                cinit                          0007B0  000050  000800       F60       0  CODE        2
                stringtext                     000800  000168  000968        10       0  STRCODE     2
                strings                        000968  000012  00097A      12D0       0  STRING      2
                text14                         000E7E  000006  000E84      1CFC       0  CODE        2
                text8                          000E84  000008  000E8C      1D08       0  CODE        2
                text2                          000E8C  000008  000E94      1D18       0  CODE        2
                clrtext                        000E94  000008  000E9C      1D28       0  CODE        2
                text13                         000E9C  00000F  000EAB      1D38       0  CODE        2
                inittext                       000EAB  000011  000EBC      1D56       0  CODE        2
                text20                         000EBC  00001A  000ED6      1D78       0  CODE        2
                text19                         000ED6  00001B  000EF1      1DAC       0  CODE        2
                text12                         000EF1  000023  000F14      1DE2       0  CODE        2
                text3                          000F14  000023  000F37      1E28       0  CODE        2
                text11                         000F37  000025  000F5C      1E6E       0  CODE        2
                idataBANK2                     000F5C  00002D  000F89      1EB8       0  CODE        2
                text16                         000F89  00003A  000FC3      1F12       0  CODE        2
                text4                          000FC3  00003D  001000      1F86       0  CODE        2
                config                         002007  000001  002008      400E       0  CONFIG      2


UNUSED ADDRESS RANGES

        Name                Unused          Largest block    Delta
        BANK0            006D-006F              3           1
        BANK1            00EA-00EF              6           1
        BANK2            015C-016F             14           1
        CODE             0003-0003              1           2
                         097A-0E7D            504
                         1000-1FFF            800
        CONST            0003-0003              1           2
                         097A-0E7D            100
                         1000-1FFF            100
        EEDATA           2100-21FF            100           2
        ENTRY            0003-0003              1           2
                         097A-0E7D            100
                         1000-1FFF            100
        IDLOC            2000-2003              4           2
        RAM              006D-006F              3           1
                         00EA-00EF              6
                         015C-016F             14
        SFR0             0000-001F             20           1
        SFR1             0080-009F             20           1
        SFR2             0100-010F             10           1
        SFR3             0180-018F             10           1
        STACK            015C-016F             14           1
        STRCODE          0003-0003              1           2
                         097A-0E7D            504
                         1000-1FFF           1000
        STRING           0003-0003              1           2
                         097A-0E7D            100
                         1000-1FFF            100

                                  Symbol Table

?_strcmp                   cstackCOMMON 0070
GPRS1_Check_OK@F1362       dataBANK0    002F
GPRS1_Init@F1338           dataBANK0    0032
GPRS1_Init@c               cstackBANK0  0061
GPRS1_Init@gprs_data       cstackBANK0  0053
GPRS1_Init@gprs_value      cstackBANK0  0060
GPRS1_Init@response        cstackBANK0  005B
GPRS1_Init@value           cstackBANK0  005E
GPRS1_Update@l             cstackCOMMON 0075
GPRS1_Update@n             cstackCOMMON 0074
GPRS1_Update@r             cstackCOMMON 0079
Lcd_Cmd@a                  cstackCOMMON 0073
Lcd_Port@a                 cstackCOMMON 0070
Lcd_Set_Cursor@a           cstackCOMMON 0077
Lcd_Set_Cursor@b           cstackCOMMON 0074
Lcd_Set_Cursor@temp        cstackCOMMON 007A
Lcd_Set_Cursor@y           cstackCOMMON 0079
Lcd_Set_Cursor@z           cstackCOMMON 0078
Lcd_String@a               cstackBANK0  004D
Lcd_String@b               cstackCOMMON 0075
Lcd_String@c               cstackCOMMON 0076
Lcd_String@i               cstackBANK0  004E
Lcd_String@temp            cstackBANK0  0052
Lcd_String@y               cstackBANK0  0051
Lcd_String@z               cstackBANK0  0050
Lcd_Write_Char@a           cstackCOMMON 0074
Lcd_Write_Char@temp        cstackCOMMON 0072
Lcd_Write_Char@y           cstackCOMMON 0073
Lcd_Write_String@a         cstackCOMMON 0075
Lcd_Write_String@i         cstackCOMMON 007A
UART1_Send@s               cstackCOMMON 0072
UART1_Write@data           cstackCOMMON 0071
UART2_Read@DataValue       cstackCOMMON 0072
UART2_Read@i               cstackCOMMON 0073
UART3_Read@DataValue3      cstackCOMMON 0072
UART3_Read@i               cstackCOMMON 0073
_AT                        dataBANK0    004A
_BRGH                      (abs)        04C2
_CREN                      (abs)        00C4
_GPRS1_Init                text10       0463
_GPRS1_Update              text9        0609
_GPS_Send3                 text6        0282
_Lcd_Clear                 text18       0004
_Lcd_Cmd                   text19       0ED6
_Lcd_Init                  text17       0147
_Lcd_Port                  text20       0EBC
_Lcd_Set_Cursor            text5        00FD
_Lcd_String                text15       0203
_Lcd_Write_Char            text16       0F89
_Lcd_Write_String          text4        0FC3
_OERR                      (abs)        00C1
_PORTD                     (abs)        0008
_RB1                       (abs)        0031
_RB2                       (abs)        0032
_RB3                       (abs)        0033
_RB4                       (abs)        0034
_RCIF                      (abs)        0065
_RCREG                     (abs)        001A
_RCSTA                     (abs)        0018
_RD0                       (abs)        0040
_RD1                       (abs)        0041
_RD2                       (abs)        0042
_RD4                       (abs)        0044
_RD5                       (abs)        0045
_RD6                       (abs)        0046
_RD7                       (abs)        0047
_RX9                       (abs)        00C6
_SPBRG                     (abs)        0099
_SPEN                      (abs)        00C7
_SYNC                      (abs)        04C4
_TRISB1                    (abs)        0431
_TRISB2                    (abs)        0432
_TRISB3                    (abs)        0433
_TRISB4                    (abs)        0434
_TRISC6                    (abs)        043E
_TRISC7                    (abs)        043F
_TRISD                     (abs)        0088
_TRMT                      (abs)        04C1
_TX9                       (abs)        04C6
_TXEN                      (abs)        04C5
_TXREG                     (abs)        0019
_TXSTA                     (abs)        0098
_UART1_Data_Ready          text14       0E7E
_UART1_Init                text3        0F14
_UART1_Send                text12       0EF1
_UART1_Write               text13       0E9C
_UART2_Init                text2        0E8C
_UART2_Read                text1        00BB
_UART3_Init                text8        0E84
_UART3_Read                text7        0079
__CFG_BOREN$OFF            (abs)        0000
__CFG_CP$OFF               (abs)        0000
__CFG_CPD$OFF              (abs)        0000
__CFG_FOSC$HS              (abs)        0000
__CFG_LVP$OFF              (abs)        0000
__CFG_PWRTE$OFF            (abs)        0000
__CFG_WDTE$OFF             (abs)        0000
__CFG_WRT$OFF              (abs)        0000
__Habs1                    abs1         0000
__Hbank0                   bank0        0000
__Hbank1                   bank1        0000
__Hbank2                   bank2        0000
__Hbank3                   bank3        0000
__HbssBANK0                bssBANK0     0000
__HbssBANK1                bssBANK1     0000
__HbssBANK2                bssBANK2     0000
__Hcinit                   cinit        0800
__Hclrtext                 clrtext      0000
__Hcode                    code         0000
__Hcommon                  common       0000
__Hconfig                  config       2008
__HcstackBANK0             cstackBANK0  0000
__HcstackCOMMON            cstackCOMMON 0000
__HdataBANK0               dataBANK0    0000
__HdataBANK1               dataBANK1    0000
__HdataBANK2               dataBANK2    0000
__HdataBANK3               dataBANK3    0000
__Heeprom_data             eeprom_data  0000
__Hend_init                end_init     0003
__Hfunctab                 functab      0000
__HidataBANK0              idataBANK0   0000
__HidataBANK1              idataBANK1   0000
__HidataBANK2              idataBANK2   0000
__HidataBANK3              idataBANK3   0000
__Hidloc                   idloc        0000
__Hinit                    init         0000
__Hinittext                inittext     0000
__Hintentry                intentry     0000
__Hmaintext                maintext     0000
__Hpowerup                 powerup      0000
__Hram                     ram          0000
__Hreset_vec               reset_vec    0000
__Hsfr0                    sfr0         0000
__Hsfr1                    sfr1         0000
__Hsfr2                    sfr2         0000
__Hsfr3                    sfr3         0000
__Hspace_0                 (abs)        2008
__Hspace_1                 (abs)        01F0
__Hspace_2                 (abs)        0000
__Hspace_3                 (abs)        0000
__Hstack                   stack        0000
__Hstrings                 strings      0000
__Hstringtext              stringtext   0000
__Htext                    text         0000
__Labs1                    abs1         0000
__Lbank0                   bank0        0000
__Lbank1                   bank1        0000
__Lbank2                   bank2        0000
__Lbank3                   bank3        0000
__LbssBANK0                bssBANK0     0000
__LbssBANK1                bssBANK1     0000
__LbssBANK2                bssBANK2     0000
__Lcinit                   cinit        07B0
__Lclrtext                 clrtext      0000
__Lcode                    code         0000
__Lcommon                  common       0000
__Lconfig                  config       2007
__LcstackBANK0             cstackBANK0  0000
__LcstackCOMMON            cstackCOMMON 0000
__LdataBANK0               dataBANK0    0000
__LdataBANK1               dataBANK1    0000
__LdataBANK2               dataBANK2    0000
__LdataBANK3               dataBANK3    0000
__Leeprom_data             eeprom_data  0000
__Lend_init                end_init     0000
__Lfunctab                 functab      0000
__LidataBANK0              idataBANK0   0000
__LidataBANK1              idataBANK1   0000
__LidataBANK2              idataBANK2   0000
__LidataBANK3              idataBANK3   0000
__Lidloc                   idloc        0000
__Linit                    init         0000
__Linittext                inittext     0000
__Lintentry                intentry     0000
__Lmaintext                maintext     0000
__Lpowerup                 powerup      0000
__Lram                     ram          0000
__Lreset_vec               reset_vec    0000
__Lsfr0                    sfr0         0000
__Lsfr1                    sfr1         0000
__Lsfr2                    sfr2         0000
__Lsfr3                    sfr3         0000
__Lspace_0                 (abs)        0000
__Lspace_1                 (abs)        0000
__Lspace_2                 (abs)        0000
__Lspace_3                 (abs)        0000
__Lstack                   stack        0000
__Lstrings                 strings      0000
__Lstringtext              stringtext   0000
__Ltext                    text         0000
__S0                       (abs)        2008
__S1                       (abs)        01F0
__S2                       (abs)        0000
__S3                       (abs)        0000
___int_sp                  stack        0000
___latbits                 (abs)        0002
___sp                      stack        0000
__end_of_GPRS1_Init        text10       0609
__end_of_GPRS1_Update      text9        07B0
__end_of_GPS_Send3         text6        0331
__end_of_Lcd_Clear         text18       000F
__end_of_Lcd_Cmd           text19       0EF1
__end_of_Lcd_Init          text17       01A3
__end_of_Lcd_Port          text20       0ED6
__end_of_Lcd_Set_Cursor    text5        0147
__end_of_Lcd_String        text15       0282
__end_of_Lcd_Write_Char    text16       0FC3
__end_of_Lcd_Write_String  text4        1000
__end_of_UART1_Data_Ready  text14       0E84
__end_of_UART1_Init        text3        0F37
__end_of_UART1_Send        text12       0F14
__end_of_UART1_Write       text13       0EAB
__end_of_UART2_Init        text2        0E94
__end_of_UART2_Read        text1        00FD
__end_of_UART3_Init        text8        0E8C
__end_of_UART3_Read        text7        00BB
__end_of__initialization   cinit        07FC
__end_of__stringtab        strings      097A
__end_of_main              maintext     0463
__end_of_strcmp            text11       0F5C
__initialization           cinit        07B0
__pbssBANK0                bssBANK0     0067
__pbssBANK1                bssBANK1     00DD
__pbssBANK2                bssBANK2     013D
__pcstackBANK0             cstackBANK0  004D
__pcstackCOMMON            cstackCOMMON 0070
__pdataBANK0               dataBANK0    0020
__pdataBANK1               dataBANK1    00A0
__pdataBANK2               dataBANK2    0110
__pdataBANK3               dataBANK3    0190
__pidataBANK0              idataBANK0   000F
__pidataBANK1              idataBANK1   003C
__pidataBANK2              idataBANK2   0F5C
__pidataBANK3              idataBANK3   01A3
__pmaintext                maintext     0331
__pstrings                 strings      0968
__pstringtext              stringtext   0800
__ptext1                   text1        00BB
__ptext10                  text10       0463
__ptext11                  text11       0F37
__ptext12                  text12       0EF1
__ptext13                  text13       0E9C
__ptext14                  text14       0E7E
__ptext15                  text15       0203
__ptext16                  text16       0F89
__ptext17                  text17       0147
__ptext18                  text18       0004
__ptext19                  text19       0ED6
__ptext2                   text2        0E8C
__ptext20                  text20       0EBC
__ptext3                   text3        0F14
__ptext4                   text4        0FC3
__ptext5                   text5        00FD
__ptext6                   text6        0282
__ptext7                   text7        0079
__ptext8                   text8        0E84
__ptext9                   text9        0609
__size_of_GPRS1_Init       (abs)        0000
__size_of_GPRS1_Update     (abs)        0000
__size_of_GPS_Send3        (abs)        0000
__size_of_Lcd_Clear        (abs)        0000
__size_of_Lcd_Cmd          (abs)        0000
__size_of_Lcd_Init         (abs)        0000
__size_of_Lcd_Port         (abs)        0000
__size_of_Lcd_Set_Cursor   (abs)        0000
__size_of_Lcd_String       (abs)        0000
__size_of_Lcd_Write_Char   (abs)        0000
__size_of_Lcd_Write_String (abs)        0000
__size_of_UART1_Data_Ready (abs)        0000
__size_of_UART1_Init       (abs)        0000
__size_of_UART1_Send       (abs)        0000
__size_of_UART1_Write      (abs)        0000
__size_of_UART2_Init       (abs)        0000
__size_of_UART2_Read       (abs)        0000
__size_of_UART3_Init       (abs)        0000
__size_of_UART3_Read       (abs)        0000
__size_of_main             (abs)        0000
__size_of_strcmp           (abs)        0000
__stringbase               strings      097A
__stringtab                strings      0968
_a1                        dataBANK1    00B9
_b1                        dataBANK0    0045
_gprs_location             dataBANK2    011C
_gprs_value4               dataBANK1    00AC
_gprs_value5_ip            dataBANK0    0038
_gprs_web1                 dataBANK1    00D1
_gprs_web5                 dataBANK2    012D
_gprs_web6                 dataBANK1    00C5
_gps_flag                  bssBANK0     0069
_j                         bssBANK0     0067
_locate                    bssBANK2     013D
_main                      maintext     0331
_rfid                      bssBANK1     00DD
_rgps                      bssBANK0     006B
_strcmp                    text11       0F37
btemp                      (abs)        007E
clear_ram0                 clrtext      0E94
end_of_initialization      cinit        07FC
init_fetch0                inittext     0EAB
init_ram0                  inittext     0EAF
intlevel0                  functab      0000
intlevel1                  functab      0000
intlevel2                  functab      0000
intlevel3                  functab      0000
intlevel4                  functab      0000
intlevel5                  functab      0000
main@a                     cstackBANK0  0066
reset_vec                  reset_vec    0000
stackhi                    (abs)        0000
stacklo                    (abs)        0000
start                      init         0000
start_initialization       cinit        07B0
strcmp@r                   cstackCOMMON 0074
strcmp@s1                  cstackCOMMON 0075
strcmp@s2                  cstackCOMMON 0070
wtemp0                     (abs)        007E


FUNCTION INFORMATION:

 *************** function _main *****************
 Defined at:
		line 29 in file "gprs2.c"
 Parameters:    Size  Location     Type
		None
 Auto vars:     Size  Location     Type
  a               1   25[BANK0 ] unsigned char 
 Return value:  Size  Location     Type
                  1    wreg      void 
 Registers used:
		wreg, fsr0l, fsr0h, status,2, status,0, btemp+1, pclath, cstack
 Tracked objects:
		On entry : 
		On exit  : 
		Unchanged: 
 Data sizes:     COMMON   BANK0   BANK1   BANK3   BANK2
      Params:         0       0       0       0       0
      Locals:         0       1       0       0       0
      Temps:          0       3       0       0       0
      Totals:         0       4       0       0       0
Total ram usage:        4 bytes
 Hardware stack levels required when called:    4
 This function calls:
		_GPRS1_Init
		_GPRS1_Update
		_GPS_Send3
		_Lcd_Clear
		_Lcd_Init
		_Lcd_Set_Cursor
		_Lcd_String
		_Lcd_Write_String
		_UART1_Init
		_UART2_Init
		_UART2_Read
		_UART3_Init
 This function is called by:
		Startup code after reset
 This function uses a non-reentrant model


 *************** function _UART2_Read *****************
 Defined at:
		line 285 in file "pic16f87xa.c"
 Parameters:    Size  Location     Type
		None
 Auto vars:     Size  Location     Type
  i               1    3[COMMON] unsigned char 
  DataValue       1    2[COMMON] unsigned char 
 Return value:  Size  Location     Type
                  1    wreg      unsigned char 
 Registers used:
		wreg, status,2, status,0
 Tracked objects:
		On entry : 
		On exit  : 
		Unchanged: 
 Data sizes:     COMMON   BANK0   BANK1   BANK3   BANK2
      Params:         0       0       0       0       0
      Locals:         2       0       0       0       0
      Temps:          2       0       0       0       0
      Totals:         4       0       0       0       0
Total ram usage:        4 bytes
 Hardware stack levels used:    1
 This function calls:
		Nothing
 This function is called by:
		_main
 This function uses a non-reentrant model


 *************** function _UART2_Init *****************
 Defined at:
		line 255 in file "pic16f87xa.c"
 Parameters:    Size  Location     Type
		None
 Auto vars:     Size  Location     Type
		None
 Return value:  Size  Location     Type
                  1    wreg      void 
 Registers used:
		None
 Tracked objects:
		On entry : 
		On exit  : 
		Unchanged: 
 Data sizes:     COMMON   BANK0   BANK1   BANK3   BANK2
      Params:         0       0       0       0       0
      Locals:         0       0       0       0       0
      Temps:          0       0       0       0       0
      Totals:         0       0       0       0       0
Total ram usage:        0 bytes
 Hardware stack levels used:    1
 This function calls:
		Nothing
 This function is called by:
		_main
 This function uses a non-reentrant model


 *************** function _UART1_Init *****************
 Defined at:
		line 167 in file "pic16f87xa.c"
 Parameters:    Size  Location     Type
		None
 Auto vars:     Size  Location     Type
		None
 Return value:  Size  Location     Type
                  1    wreg      void 
 Registers used:
		wreg
 Tracked objects:
		On entry : 
		On exit  : 
		Unchanged: 
 Data sizes:     COMMON   BANK0   BANK1   BANK3   BANK2
      Params:         0       0       0       0       0
      Locals:         0       0       0       0       0
      Temps:          0       0       0       0       0
      Totals:         0       0       0       0       0
Total ram usage:        0 bytes
 Hardware stack levels used:    1
 This function calls:
		Nothing
 This function is called by:
		_main
 This function uses a non-reentrant model


 *************** function _Lcd_Write_String *****************
 Defined at:
		line 138 in file "pic16f87xa.c"
 Parameters:    Size  Location     Type
  a               2    5[COMMON] PTR unsigned char 
		 -> STR_20(12), STR_19(11), STR_18(12), STR_17(12), 
 Auto vars:     Size  Location     Type
  i               2   10[COMMON] int 
 Return value:  Size  Location     Type
                  1    wreg      void 
 Registers used:
		wreg, fsr0l, fsr0h, status,2, status,0, btemp+1, pclath, cstack
 Tracked objects:
		On entry : 
		On exit  : 
		Unchanged: 
 Data sizes:     COMMON   BANK0   BANK1   BANK3   BANK2
      Params:         2       0       0       0       0
      Locals:         2       0       0       0       0
      Temps:          3       0       0       0       0
      Totals:         7       0       0       0       0
Total ram usage:        7 bytes
 Hardware stack levels used:    1
 Hardware stack levels required when called:    2
 This function calls:
		_Lcd_Write_Char
 This function is called by:
		_main
 This function uses a non-reentrant model


 *************** function _Lcd_Set_Cursor *****************
 Defined at:
		line 47 in file "pic16f87xa.c"
 Parameters:    Size  Location     Type
  a               1    wreg     unsigned char 
  b               1    4[COMMON] unsigned char 
 Auto vars:     Size  Location     Type
  a               1    7[COMMON] unsigned char 
  temp            1   10[COMMON] unsigned char 
  y               1    9[COMMON] unsigned char 
  z               1    8[COMMON] unsigned char 
 Return value:  Size  Location     Type
                  1    wreg      void 
 Registers used:
		wreg, status,2, status,0, pclath, cstack
 Tracked objects:
		On entry : 
		On exit  : 
		Unchanged: 
 Data sizes:     COMMON   BANK0   BANK1   BANK3   BANK2
      Params:         1       0       0       0       0
      Locals:         4       0       0       0       0
      Temps:          2       0       0       0       0
      Totals:         7       0       0       0       0
Total ram usage:        7 bytes
 Hardware stack levels used:    1
 Hardware stack levels required when called:    2
 This function calls:
		_Lcd_Cmd
 This function is called by:
		_main
 This function uses a non-reentrant model


 *************** function _GPS_Send3 *****************
 Defined at:
		line 458 in file "pic16f87xa.c"
 Parameters:    Size  Location     Type
		None
 Auto vars:     Size  Location     Type
		None
 Return value:  Size  Location     Type
                  1    wreg      void 
 Registers used:
		wreg, fsr0l, fsr0h, status,2, status,0, btemp+1, pclath, cstack
 Tracked objects:
		On entry : 
		On exit  : 
		Unchanged: 
 Data sizes:     COMMON   BANK0   BANK1   BANK3   BANK2
      Params:         0       0       0       0       0
      Locals:         0       0       0       0       0
      Temps:          1       0       0       0       0
      Totals:         1       0       0       0       0
Total ram usage:        1 bytes
 Hardware stack levels used:    1
 Hardware stack levels required when called:    1
 This function calls:
		_UART3_Init
		_UART3_Read
 This function is called by:
		_main
 This function uses a non-reentrant model


 *************** function _UART3_Read *****************
 Defined at:
		line 320 in file "pic16f87xa.c"
 Parameters:    Size  Location     Type
		None
 Auto vars:     Size  Location     Type
  i               1    3[COMMON] unsigned char 
  DataValue3      1    2[COMMON] unsigned char 
 Return value:  Size  Location     Type
                  1    wreg      unsigned char 
 Registers used:
		wreg, status,2, status,0
 Tracked objects:
		On entry : 
		On exit  : 
		Unchanged: 
 Data sizes:     COMMON   BANK0   BANK1   BANK3   BANK2
      Params:         0       0       0       0       0
      Locals:         2       0       0       0       0
      Temps:          2       0       0       0       0
      Totals:         4       0       0       0       0
Total ram usage:        4 bytes
 Hardware stack levels used:    1
 This function calls:
		Nothing
 This function is called by:
		_GPS_Send3
 This function uses a non-reentrant model


 *************** function _UART3_Init *****************
 Defined at:
		line 269 in file "pic16f87xa.c"
 Parameters:    Size  Location     Type
		None
 Auto vars:     Size  Location     Type
		None
 Return value:  Size  Location     Type
                  1    wreg      void 
 Registers used:
		None
 Tracked objects:
		On entry : 
		On exit  : 
		Unchanged: 
 Data sizes:     COMMON   BANK0   BANK1   BANK3   BANK2
      Params:         0       0       0       0       0
      Locals:         0       0       0       0       0
      Temps:          0       0       0       0       0
      Totals:         0       0       0       0       0
Total ram usage:        0 bytes
 Hardware stack levels used:    1
 This function calls:
		Nothing
 This function is called by:
		_GPS_Send3
		_main
 This function uses a non-reentrant model


 *************** function _GPRS1_Update *****************
 Defined at:
		line 588 in file "pic16f87xa.c"
 Parameters:    Size  Location     Type
  r               1    wreg     PTR unsigned char 
		 -> a1(12), 
  n               1    4[COMMON] PTR unsigned char 
		 -> b1(5), 
  l               1    5[COMMON] PTR unsigned char 
		 -> locate(31), 
 Auto vars:     Size  Location     Type
  r               1    9[COMMON] PTR unsigned char 
		 -> a1(12), 
 Return value:  Size  Location     Type
                  1    wreg      void 
 Registers used:
		wreg, fsr0l, fsr0h, status,2, status,0, btemp+1, pclath, cstack
 Tracked objects:
		On entry : 
		On exit  : 
		Unchanged: 
 Data sizes:     COMMON   BANK0   BANK1   BANK3   BANK2
      Params:         2       0       0       0       0
      Locals:         1       0       0       0       0
      Temps:          3       0       0       0       0
      Totals:         6       0       0       0       0
Total ram usage:        6 bytes
 Hardware stack levels used:    1
 Hardware stack levels required when called:    2
 This function calls:
		_UART1_Send
		_UART1_Write
 This function is called by:
		_main
 This function uses a non-reentrant model


 *************** function _GPRS1_Init *****************
 Defined at:
		line 358 in file "pic16f87xa.c"
 Parameters:    Size  Location     Type
		None
 Auto vars:     Size  Location     Type
  c               2   20[BANK0 ] unsigned short 
  gprs_data       8    6[BANK0 ] unsigned char [8]
  response        3   14[BANK0 ] unsigned char [3]
  value           2   17[BANK0 ] int 
  gprs_value      1   19[BANK0 ] unsigned char 
 Return value:  Size  Location     Type
                  1    wreg      void 
 Registers used:
		wreg, fsr0l, fsr0h, status,2, status,0, btemp+1, pclath, cstack
 Tracked objects:
		On entry : 
		On exit  : 
		Unchanged: 
 Data sizes:     COMMON   BANK0   BANK1   BANK3   BANK2
      Params:         0       0       0       0       0
      Locals:         0      16       0       0       0
      Temps:          3       0       0       0       0
      Totals:         3      16       0       0       0
Total ram usage:       19 bytes
 Hardware stack levels used:    1
 Hardware stack levels required when called:    3
 This function calls:
		_Lcd_Clear
		_Lcd_Init
		_Lcd_String
		_UART1_Data_Ready
		_UART1_Send
		_UART1_Write
		_strcmp
 This function is called by:
		_main
 This function uses a non-reentrant model


 *************** function _strcmp *****************
 Defined at:
		line 33 in file "C:\Program Files (x86)\Microchip\xc8\v1.45\sources\common\strcmp.c"
 Parameters:    Size  Location     Type
  s1              1    wreg     PTR const unsigned char 
		 -> GPRS1_Check_OK@gprs_data(8), GPRS1_Init@gprs_data(8), 
  s2              1    0[COMMON] PTR const unsigned char 
		 -> GPRS1_Check_OK@response(3), GPRS1_Init@response(3), 
 Auto vars:     Size  Location     Type
  s1              1    5[COMMON] PTR const unsigned char 
		 -> GPRS1_Check_OK@gprs_data(8), GPRS1_Init@gprs_data(8), 
  r               1    4[COMMON] char 
 Return value:  Size  Location     Type
                  2    0[COMMON] int 
 Registers used:
		wreg, fsr0l, fsr0h, status,2, status,0
 Tracked objects:
		On entry : 
		On exit  : 
		Unchanged: 
 Data sizes:     COMMON   BANK0   BANK1   BANK3   BANK2
      Params:         2       0       0       0       0
      Locals:         2       0       0       0       0
      Temps:          2       0       0       0       0
      Totals:         6       0       0       0       0
Total ram usage:        6 bytes
 Hardware stack levels used:    1
 This function calls:
		Nothing
 This function is called by:
		_GPRS1_Init
		_GPRS1_Check_OK
 This function uses a non-reentrant model


 *************** function _UART1_Send *****************
 Defined at:
		line 192 in file "pic16f87xa.c"
 Parameters:    Size  Location     Type
  s               2    2[COMMON] PTR unsigned char 
		 -> b1(5), a1(12), gprs_web6(12), gprs_web5(16), 
		 -> STR_14(20), STR_13(4), STR_12(9), STR_11(9), 
		 -> STR_10(90), STR_9(20), gprs_web1(12), gprs_location(17), 
		 -> gprs_value5_ip(13), locate(31), gprs_value4(13), STR_5(36), 
		 -> STR_4(27), STR_3(30), AT(3), 
 Auto vars:     Size  Location     Type
		None
 Return value:  Size  Location     Type
                  1    wreg      void 
 Registers used:
		wreg, fsr0l, fsr0h, status,2, status,0, btemp+1, pclath, cstack
 Tracked objects:
		On entry : 
		On exit  : 
		Unchanged: 
 Data sizes:     COMMON   BANK0   BANK1   BANK3   BANK2
      Params:         2       0       0       0       0
      Locals:         0       0       0       0       0
      Temps:          0       0       0       0       0
      Totals:         2       0       0       0       0
Total ram usage:        2 bytes
 Hardware stack levels used:    1
 Hardware stack levels required when called:    1
 This function calls:
		_UART1_Write
 This function is called by:
		_GPRS1_Init
		_GPRS1_Update
		_GPRS1_Check_OK
		_GPRS1_Location
 This function uses a non-reentrant model


 *************** function _UART1_Write *****************
 Defined at:
		line 184 in file "pic16f87xa.c"
 Parameters:    Size  Location     Type
  data            1    wreg     unsigned char 
 Auto vars:     Size  Location     Type
  data            1    1[COMMON] unsigned char 
 Return value:  Size  Location     Type
                  1    wreg      void 
 Registers used:
		wreg
 Tracked objects:
		On entry : 
		On exit  : 
		Unchanged: 
 Data sizes:     COMMON   BANK0   BANK1   BANK3   BANK2
      Params:         0       0       0       0       0
      Locals:         1       0       0       0       0
      Temps:          1       0       0       0       0
      Totals:         2       0       0       0       0
Total ram usage:        2 bytes
 Hardware stack levels used:    1
 This function calls:
		Nothing
 This function is called by:
		_UART1_Send
		_GPRS1_Init
		_GPRS1_Update
		_GPRS1_Check_OK
		_GPRS1_Location
 This function uses a non-reentrant model


 *************** function _UART1_Data_Ready *****************
 Defined at:
		line 203 in file "pic16f87xa.c"
 Parameters:    Size  Location     Type
		None
 Auto vars:     Size  Location     Type
		None
 Return value:  Size  Location     Type
                  1    wreg      unsigned char 
 Registers used:
		wreg
 Tracked objects:
		On entry : 
		On exit  : 
		Unchanged: 
 Data sizes:     COMMON   BANK0   BANK1   BANK3   BANK2
      Params:         0       0       0       0       0
      Locals:         0       0       0       0       0
      Temps:          0       0       0       0       0
      Totals:         0       0       0       0       0
Total ram usage:        0 bytes
 Hardware stack levels used:    1
 This function calls:
		Nothing
 This function is called by:
		_GPRS1_Init
		_UART1_Read_String
		_GPRS1_Check_OK
 This function uses a non-reentrant model


 *************** function _Lcd_String *****************
 Defined at:
		line 144 in file "pic16f87xa.c"
 Parameters:    Size  Location     Type
  a               1    wreg     unsigned char 
  b               1    5[COMMON] unsigned char 
  c               2    6[COMMON] PTR unsigned char 
		 -> STR_16(11), STR_15(9), STR_8(4), STR_7(16), 
		 -> STR_6(16), STR_2(15), STR_1(17), 
 Auto vars:     Size  Location     Type
  a               1    0[BANK0 ] unsigned char 
  i               2    1[BANK0 ] int 
  temp            1    5[BANK0 ] unsigned char 
  y               1    4[BANK0 ] unsigned char 
  z               1    3[BANK0 ] unsigned char 
 Return value:  Size  Location     Type
                  1    wreg      void 
 Registers used:
		wreg, fsr0l, fsr0h, status,2, status,0, btemp+1, pclath, cstack
 Tracked objects:
		On entry : 
		On exit  : 
		Unchanged: 
 Data sizes:     COMMON   BANK0   BANK1   BANK3   BANK2
      Params:         3       0       0       0       0
      Locals:         0       6       0       0       0
      Temps:          3       0       0       0       0
      Totals:         6       6       0       0       0
Total ram usage:       12 bytes
 Hardware stack levels used:    1
 Hardware stack levels required when called:    2
 This function calls:
		_Lcd_Cmd
		_Lcd_Write_Char
 This function is called by:
		_GPRS1_Init
		_main
		_GPRS1_Location
 This function uses a non-reentrant model


 *************** function _Lcd_Write_Char *****************
 Defined at:
		line 87 in file "pic16f87xa.c"
 Parameters:    Size  Location     Type
  a               1    wreg     unsigned char 
 Auto vars:     Size  Location     Type
  a               1    4[COMMON] unsigned char 
  y               1    3[COMMON] unsigned char 
  temp            1    2[COMMON] unsigned char 
 Return value:  Size  Location     Type
                  1    wreg      void 
 Registers used:
		wreg, status,2, status,0, pclath, cstack
 Tracked objects:
		On entry : 
		On exit  : 
		Unchanged: 
 Data sizes:     COMMON   BANK0   BANK1   BANK3   BANK2
      Params:         0       0       0       0       0
      Locals:         3       0       0       0       0
      Temps:          1       0       0       0       0
      Totals:         4       0       0       0       0
Total ram usage:        4 bytes
 Hardware stack levels used:    1
 Hardware stack levels required when called:    1
 This function calls:
		_Lcd_Port
 This function is called by:
		_Lcd_Write_String
		_Lcd_String
 This function uses a non-reentrant model


 *************** function _Lcd_Init *****************
 Defined at:
		line 68 in file "pic16f87xa.c"
 Parameters:    Size  Location     Type
		None
 Auto vars:     Size  Location     Type
		None
 Return value:  Size  Location     Type
                  1    wreg      void 
 Registers used:
		wreg, status,2, status,0, pclath, cstack
 Tracked objects:
		On entry : 
		On exit  : 
		Unchanged: 
 Data sizes:     COMMON   BANK0   BANK1   BANK3   BANK2
      Params:         0       0       0       0       0
      Locals:         0       0       0       0       0
      Temps:          2       0       0       0       0
      Totals:         2       0       0       0       0
Total ram usage:        2 bytes
 Hardware stack levels used:    1
 Hardware stack levels required when called:    2
 This function calls:
		_Lcd_Cmd
		_Lcd_Port
 This function is called by:
		_GPRS1_Init
		_main
		_GPRS1_Check_OK
 This function uses a non-reentrant model


 *************** function _Lcd_Clear *****************
 Defined at:
		line 41 in file "pic16f87xa.c"
 Parameters:    Size  Location     Type
		None
 Auto vars:     Size  Location     Type
		None
 Return value:  Size  Location     Type
                  2  132[None  ] int 
 Registers used:
		wreg, status,2, status,0, pclath, cstack
 Tracked objects:
		On entry : 
		On exit  : 
		Unchanged: 
 Data sizes:     COMMON   BANK0   BANK1   BANK3   BANK2
      Params:         0       0       0       0       0
      Locals:         0       0       0       0       0
      Temps:          0       0       0       0       0
      Totals:         0       0       0       0       0
Total ram usage:        0 bytes
 Hardware stack levels used:    1
 Hardware stack levels required when called:    2
 This function calls:
		_Lcd_Cmd
 This function is called by:
		_GPRS1_Init
		_main
		_GPRS1_Location
 This function uses a non-reentrant model


 *************** function _Lcd_Cmd *****************
 Defined at:
		line 31 in file "pic16f87xa.c"
 Parameters:    Size  Location     Type
  a               1    wreg     unsigned char 
 Auto vars:     Size  Location     Type
  a               1    3[COMMON] unsigned char 
 Return value:  Size  Location     Type
                  1    wreg      void 
 Registers used:
		wreg, status,2, status,0, pclath, cstack
 Tracked objects:
		On entry : 
		On exit  : 
		Unchanged: 
 Data sizes:     COMMON   BANK0   BANK1   BANK3   BANK2
      Params:         0       0       0       0       0
      Locals:         1       0       0       0       0
      Temps:          2       0       0       0       0
      Totals:         3       0       0       0       0
Total ram usage:        3 bytes
 Hardware stack levels used:    1
 Hardware stack levels required when called:    1
 This function calls:
		_Lcd_Port
 This function is called by:
		_Lcd_Clear
		_Lcd_Set_Cursor
		_Lcd_Init
		_Lcd_String
		_Lcd_Char
 This function uses a non-reentrant model


 *************** function _Lcd_Port *****************
 Defined at:
		line 9 in file "pic16f87xa.c"
 Parameters:    Size  Location     Type
  a               1    wreg     unsigned char 
 Auto vars:     Size  Location     Type
  a               1    0[COMMON] unsigned char 
 Return value:  Size  Location     Type
                  1    wreg      void 
 Registers used:
		wreg
 Tracked objects:
		On entry : 
		On exit  : 
		Unchanged: 
 Data sizes:     COMMON   BANK0   BANK1   BANK3   BANK2
      Params:         0       0       0       0       0
      Locals:         1       0       0       0       0
      Temps:          0       0       0       0       0
      Totals:         1       0       0       0       0
Total ram usage:        1 bytes
 Hardware stack levels used:    1
 This function calls:
		Nothing
 This function is called by:
		_Lcd_Cmd
		_Lcd_Init
		_Lcd_Write_Char
		_Lcd_Char
 This function uses a non-reentrant model



MODULE INFORMATION

Module		Function		Class		Link	Load	Size
gprs2.c
		_main          		CODE           	0331	0000	307

gprs2.c estimated size: 307

pic16f87xa.c
		_UART3_Read    		CODE           	0079	0000	67
		_Lcd_Write_String		CODE           	0FC3	0000	62
		_Lcd_String    		CODE           	0203	0000	128
		_Lcd_Init      		CODE           	0147	0000	93
		_UART1_Write   		CODE           	0E9C	0000	16
		_Lcd_Write_Char		CODE           	0F89	0000	59
		_UART1_Data_Ready		CODE           	0E7E	0000	7
		_Lcd_Cmd       		CODE           	0ED6	0000	28
		_UART1_Send    		CODE           	0EF1	0000	36
		_UART1_Init    		CODE           	0F14	0000	36
		_GPRS1_Init    		CODE           	0463	0000	423
		_Lcd_Set_Cursor		CODE           	00FD	0000	75
		_UART2_Init    		CODE           	0E8C	0000	9
		_Lcd_Clear     		CODE           	0004	0000	12
		_UART3_Init    		CODE           	0E84	0000	9
		_UART2_Read    		CODE           	00BB	0000	67
		_Lcd_Port      		CODE           	0EBC	0000	27
		_GPRS1_Update  		CODE           	0609	0000	424
		_GPS_Send3     		CODE           	0282	0000	176

pic16f87xa.c estimated size: 1754

shared
		__stringtab    		STRING         	0968	0000	19
		__initialization		CODE           	07B0	0000	77

shared estimated size: 96

C:\Program Files (x86)\Microchip\xc8\v1.45\sources\common\strcmp.c
		_strcmp        		CODE           	0F37	0000	38

C:\Program Files (x86)\Microchip\xc8\v1.45\sources\common\strcmp.c estimated size: 38

