Microchip MPLAB XC8 Compiler V1.45 ()

Linker command line:

-W-3 --edf=C:\Program Files\Microchip\xc8\v1.45\dat\en_msgs.txt -cs \
  -h+dist/default/production\fire.X.production.sym \
  --cmf=dist/default/production\fire.X.production.cmf -z -Q16F877A \
  -oC:\Users\SPIRO\AppData\Local\Temp\s3pk.2 \
  -Mdist/default/production/fire.X.production.map -E1 -ver=XC8 \
  -ASTACK=0110h-016fh -pstack=STACK -ACODE=00h-07FFhx4 -ASTRCODE=00h-01FFFh \
  -ASTRING=00h-0FFhx32 -ACONST=00h-0FFhx32 -AENTRY=00h-0FFhx32 \
  -ACOMMON=070h-07Fh -ABANK0=020h-06Fh -ABANK1=0A0h-0EFh \
  -ABANK2=0110h-016Fh -ABANK3=0190h-01EFh \
  -ARAM=020h-06Fh,0A0h-0EFh,0110h-016Fh,0190h-01EFh \
  -AABS1=020h-07Fh,0A0h-0EFh,0110h-016Fh,0190h-01EFh -ASFR0=00h-01Fh \
  -ASFR1=080h-09Fh -ASFR2=0100h-010Fh -ASFR3=0180h-018Fh \
  -preset_vec=00h,intentry=04h,init,end_init -ppowerup=CODE -pcinit=CODE \
  -pfunctab=ENTRY -ACONFIG=02007h-02007h -pconfig=CONFIG -DCONFIG=2 \
  -AIDLOC=02000h-02003h -pidloc=IDLOC -DIDLOC=2 -AEEDATA=00h-0FFh/02100h \
  -peeprom_data=EEDATA -DEEDATA=2 -DCODE=2 -DSTRCODE=2 -DSTRING=2 -DCONST=2 \
  -DENTRY=2 -k C:\Users\SPIRO\AppData\Local\Temp\s3pk.obj \
  dist/default/production\fire.X.production.obj 

Object code version is 3.11

Machine type is 16F877A



                Name                               Link     Load   Length Selector   Space Scale
C:\Users\SPIRO\AppData\Local\Temp\s3pk.obj
                end_init                             12       12        3        8       0
                reset_vec                             0        0        3        0       0
                config                             2007     2007        1     400E       0
dist/default/production\fire.X.production.obj
                cinit                                15       15        6        8       0
                intentry                              4        4        E        8       0
                text28                              7E6      7E6       1A      8FE       0
                text27                              F88      F88       1B     1F10       0
                text26                              F42      F42        B     1E84       0
                text25                              5A0      5A0       4A      8FE       0
                text24                              720      720       3A      8FE       0
                text23                              6A7      6A7       3D      8FE       0
                text22                              F38      F38        A     1E70       0
                text21                              FDD      FDD       23     1FBA       0
                text20                              6E4      6E4       3C      8FE       0
                text19                              F2F      F2F        9     1E5E       0
                text18                              78E      78E       33      8FE       0
                text17                              F58      F58       18     1EB0       0
                text16                              FA3      FA3       1D     1F46       0
                text15                              F4D      F4D        B     1E9A       0
                text14                              4ED      4ED       61      8FE       0
                text13                              54E      54E       52      8FE       0
                text12                              669      669       3E      8FE       0
                text11                              5EA      5EA       41      8FE       0
                text10                              FC0      FC0       1D     1F80       0
                text9                               3F3      3F3        C        8       0
                text8                               7C1      7C1       25      8FE       0
                text7                               47F      47F       6E      8FE       0
                text6                               292      292       D3        8       0
                text5                               365      365       8E        8       0
                text4                               F70      F70       18     1EE0       0
                text3                               62B      62B       3E      8FE       0
                text2                               75A      75A       34      8FE       0
                text1                               1BC      1BC       D6        8       0
                maintext                             1B       1B      1A1        8       0
                cstackBANK0                          20       20       34       20       1
                cstackCOMMON                         70       70        C       70       1
                cstackBANK1                          A0       A0       16       A0       1
                bssCOMMON                            7C       7C        2       70       1
                strings                             400      400       7F      800       0

TOTAL           Name                               Link     Load   Length     Space
        CLASS   STACK          

        CLASS   CODE           
                end_init                             12       12        3         0
                cinit                                15       15        6         0
                intentry                              4        4        E         0
                reset_vec                             0        0        3         0
                text28                              7E6      7E6       1A         0
                text27                              F88      F88       1B         0
                text26                              F42      F42        B         0
                text25                              5A0      5A0       4A         0
                text24                              720      720       3A         0
                text23                              6A7      6A7       3D         0
                text22                              F38      F38        A         0
                text21                              FDD      FDD       23         0
                text20                              6E4      6E4       3C         0
                text19                              F2F      F2F        9         0
                text18                              78E      78E       33         0
                text17                              F58      F58       18         0
                text16                              FA3      FA3       1D         0
                text15                              F4D      F4D        B         0
                text14                              4ED      4ED       61         0
                text13                              54E      54E       52         0
                text12                              669      669       3E         0
                text11                              5EA      5EA       41         0
                text10                              FC0      FC0       1D         0
                text9                               3F3      3F3        C         0
                text8                               7C1      7C1       25         0
                text7                               47F      47F       6E         0
                text6                               292      292       D3         0
                text5                               365      365       8E         0
                text4                               F70      F70       18         0
                text3                               62B      62B       3E         0
                text2                               75A      75A       34         0
                text1                               1BC      1BC       D6         0
                maintext                             1B       1B      1A1         0

        CLASS   STRCODE        

        CLASS   STRING         
                strings                             400      400       7F         0

        CLASS   CONST          

        CLASS   ENTRY          

        CLASS   COMMON         
                cstackCOMMON                         70       70        C         1
                bssCOMMON                            7C       7C        2         1

        CLASS   BANK0          
                cstackBANK0                          20       20       34         1

        CLASS   BANK1          
                cstackBANK1                          A0       A0       16         1

        CLASS   BANK2          

        CLASS   BANK3          

        CLASS   RAM            

        CLASS   ABS1           
                abs_s1                               7E       7E        2         1

        CLASS   SFR0           

        CLASS   SFR1           

        CLASS   SFR2           

        CLASS   SFR3           

        CLASS   CONFIG         
                config                             2007     2007        1         0

        CLASS   IDLOC          

        CLASS   EEDATA         



SEGMENTS        Name                           Load    Length   Top    Selector   Space  Class     Delta

                reset_vec                      000000  000003  000003         0       0  CODE        2
                intentry                       000004  0003FB  0003FF         8       0  CODE        2
                cstackBANK0                    000020  000034  000054        20       1  BANK0       1
                cstackCOMMON                   000070  00000E  00007E        70       1  COMMON      1
                cstackBANK1                    0000A0  000016  0000B6        A0       1  BANK1       1
                strings                        000400  00007F  00047F       800       0  STRING      2
                text7                          00047F  000381  000800       8FE       0  CODE        2
                text19                         000F2F  000009  000F38      1E5E       0  CODE        2
                text22                         000F38  00000A  000F42      1E70       0  CODE        2
                text26                         000F42  00000B  000F4D      1E84       0  CODE        2
                text15                         000F4D  00000B  000F58      1E9A       0  CODE        2
                text17                         000F58  000018  000F70      1EB0       0  CODE        2
                text4                          000F70  000018  000F88      1EE0       0  CODE        2
                text27                         000F88  00001B  000FA3      1F10       0  CODE        2
                text16                         000FA3  00001D  000FC0      1F46       0  CODE        2
                text10                         000FC0  00001D  000FDD      1F80       0  CODE        2
                text21                         000FDD  000023  001000      1FBA       0  CODE        2
                config                         002007  000001  002008      400E       0  CONFIG      2


UNUSED ADDRESS RANGES

        Name                Unused          Largest block    Delta
        BANK0            0054-006F             1C           1
        BANK1            00B6-00EF             3A           1
        BANK2            0110-016F             60           1
        BANK3            0190-01EF             60           1
        CODE             0003-0003              1           2
                         03FF-03FF              1
                         0800-0F2E            72F
                         1000-1FFF            800
        CONST            0003-0003              1           2
                         03FF-03FF              1
                         0800-0F2E            100
                         1000-1FFF            100
        EEDATA           2100-21FF            100           2
        ENTRY            0003-0003              1           2
                         03FF-03FF              1
                         0800-0F2E            100
                         1000-1FFF            100
        IDLOC            2000-2003              4           2
        RAM              0054-006F             1C           1
                         00B6-00EF             3A
                         0110-016F             60
                         0190-01EF             60
        SFR0             0000-001F             20           1
        SFR1             0080-009F             20           1
        SFR2             0100-010F             10           1
        SFR3             0180-018F             10           1
        STACK            0110-016F             60           1
        STRCODE          0003-0003              1           2
                         03FF-03FF              1
                         0800-0F2E            72F
                         1000-1FFF           1000
        STRING           0003-0003              1           2
                         03FF-03FF              1
                         0800-0F2E            100
                         1000-1FFF            100

                                  Symbol Table

?_ADC_Read                   cstackBANK0  0027
?___ftmul                    cstackBANK0  0033
?___ftpack                   cstackBANK0  0027
?___fttol                    cstackBANK0  0043
?___lwdiv                    cstackBANK0  0027
?___lwmod                    cstackBANK0  002F
?___lwtoft                   cstackBANK0  002F
?_sprintf                    cstackBANK0  0035
ADC_Read@channel             cstackBANK0  002B
Lcd_Cmd@a                    cstackBANK0  002A
Lcd_Port@a                   cstackBANK0  0027
Lcd_Set_Cursor@a             cstackBANK0  002E
Lcd_Set_Cursor@b             cstackBANK0  002B
Lcd_Set_Cursor@temp          cstackBANK0  0031
Lcd_Set_Cursor@y             cstackBANK0  0030
Lcd_Set_Cursor@z             cstackBANK0  002F
Lcd_Write_Char@a             cstackBANK0  002B
Lcd_Write_Char@temp          cstackBANK0  0029
Lcd_Write_Char@y             cstackBANK0  002A
Lcd_Write_String@a           cstackBANK0  002C
Lcd_Write_String@i           cstackBANK0  0031
UART_Send@s                  cstackBANK0  0028
UART_Write@data              cstackBANK0  0027
_ADCON0                      (abs)        001F
_ADCON1                      (abs)        009F
_ADC_Init                    text19       0F2F
_ADC_Read                    text18       078E
_ADRESH                      (abs)        001E
_ADRESL                      (abs)        009E
_BRGH                        (abs)        04C2
_CREN                        (abs)        00C4
_GIE                         (abs)        005F
_GO_nDONE                    (abs)        00FA
_INTE                        (abs)        005C
_INTEDG                      (abs)        040E
_INTF                        (abs)        0059
_Lcd_Clear                   text15       0F4D
_Lcd_Cmd                     text16       0FA3
_Lcd_Init                    text14       04ED
_Lcd_Port                    text17       0F58
_Lcd_Set_Cursor              text13       054E
_Lcd_Write_Char              text12       0669
_Lcd_Write_String            text11       05EA
_PEIE                        (abs)        005E
_RB2                         (abs)        0032
_RCSTA                       (abs)        0018
_RD0                         (abs)        0040
_RD1                         (abs)        0041
_RD2                         (abs)        0042
_RD4                         (abs)        0044
_RD5                         (abs)        0045
_RD6                         (abs)        0046
_RD7                         (abs)        0047
_SPBRG                       (abs)        0099
_SPEN                        (abs)        00C7
_SYNC                        (abs)        04C4
_TRISA                       (abs)        0085
_TRISB2                      (abs)        0432
_TRISC6                      (abs)        043E
_TRISC7                      (abs)        043F
_TRISD                       (abs)        0088
_TRMT                        (abs)        04C1
_TXEN                        (abs)        04C5
_TXREG                       (abs)        0019
_TXSTA                       (abs)        0098
_UART_Init                   text10       0FC0
_UART_Send                   text8        07C1
_UART_Write                  text9        03F3
__CFG_BOREN$OFF              (abs)        0000
__CFG_CP$OFF                 (abs)        0000
__CFG_CPD$OFF                (abs)        0000
__CFG_FOSC$HS                (abs)        0000
__CFG_LVP$OFF                (abs)        0000
__CFG_PWRTE$OFF              (abs)        0000
__CFG_WDTE$OFF               (abs)        0000
__CFG_WRT$OFF                (abs)        0000
__Habs1                      abs1         0000
__Hbank0                     bank0        0000
__Hbank1                     bank1        0000
__Hbank2                     bank2        0000
__Hbank3                     bank3        0000
__HbssCOMMON                 bssCOMMON    0000
__Hcinit                     cinit        001B
__Hclrtext                   clrtext      0000
__Hcode                      code         0000
__Hcommon                    common       0000
__Hconfig                    config       2008
__HcstackBANK0               cstackBANK0  0000
__HcstackBANK1               cstackBANK1  0000
__HcstackCOMMON              cstackCOMMON 0000
__Heeprom_data               eeprom_data  0000
__Hend_init                  end_init     0015
__Hfunctab                   functab      0000
__Hidloc                     idloc        0000
__Hinit                      init         0012
__Hintentry                  intentry     0012
__Hmaintext                  maintext     0000
__Hpowerup                   powerup      0000
__Hram                       ram          0000
__Hreset_vec                 reset_vec    0003
__Hsfr0                      sfr0         0000
__Hsfr1                      sfr1         0000
__Hsfr2                      sfr2         0000
__Hsfr3                      sfr3         0000
__Hspace_0                   (abs)        2008
__Hspace_1                   (abs)        00B6
__Hspace_2                   (abs)        0000
__Hspace_3                   (abs)        0000
__Hstack                     stack        0000
__Hstrings                   strings      0000
__Htext                      text         0000
__Labs1                      abs1         0000
__Lbank0                     bank0        0000
__Lbank1                     bank1        0000
__Lbank2                     bank2        0000
__Lbank3                     bank3        0000
__LbssCOMMON                 bssCOMMON    0000
__Lcinit                     cinit        0015
__Lclrtext                   clrtext      0000
__Lcode                      code         0000
__Lcommon                    common       0000
__Lconfig                    config       2007
__LcstackBANK0               cstackBANK0  0000
__LcstackBANK1               cstackBANK1  0000
__LcstackCOMMON              cstackCOMMON 0000
__Leeprom_data               eeprom_data  0000
__Lend_init                  end_init     0012
__Lfunctab                   functab      0000
__Lidloc                     idloc        0000
__Linit                      init         0012
__Lintentry                  intentry     0004
__Lmaintext                  maintext     0000
__Lpowerup                   powerup      0000
__Lram                       ram          0000
__Lreset_vec                 reset_vec    0000
__Lsfr0                      sfr0         0000
__Lsfr1                      sfr1         0000
__Lsfr2                      sfr2         0000
__Lsfr3                      sfr3         0000
__Lspace_0                   (abs)        0000
__Lspace_1                   (abs)        0000
__Lspace_2                   (abs)        0000
__Lspace_3                   (abs)        0000
__Lstack                     stack        0000
__Lstrings                   strings      0000
__Ltext                      text         0000
__S0                         (abs)        2008
__S1                         (abs)        00B6
__S2                         (abs)        0000
__S3                         (abs)        0000
___ftmul                     text6        0292
___ftmul@cntr                cstackBANK0  0041
___ftmul@exp                 cstackBANK0  003D
___ftmul@f1                  cstackBANK0  0033
___ftmul@f2                  cstackBANK0  0036
___ftmul@f3_as_product       cstackBANK0  003E
___ftmul@sign                cstackBANK0  0042
___ftpack                    text7        047F
___ftpack@arg                cstackBANK0  0027
___ftpack@exp                cstackBANK0  002A
___ftpack@sign               cstackBANK0  002B
___fttol                     text5        0365
___fttol@exp1                cstackBANK0  0050
___fttol@f1                  cstackBANK0  0043
___fttol@lval                cstackBANK0  004C
___fttol@sign1               cstackBANK0  004B
___int_sp                    stack        0000
___latbits                   (abs)        0002
___lwdiv                     text3        062B
___lwdiv@counter             cstackBANK0  002E
___lwdiv@dividend            cstackBANK0  0029
___lwdiv@divisor             cstackBANK0  0027
___lwdiv@quotient            cstackBANK0  002C
___lwmod                     text2        075A
___lwmod@counter             cstackBANK0  0034
___lwmod@dividend            cstackBANK0  0031
___lwmod@divisor             cstackBANK0  002F
___lwtoft                    text4        0F70
___lwtoft@c                  cstackBANK0  002F
___sp                        stack        0000
__end_of_ADC_Init            text19       0F38
__end_of_ADC_Read            text18       07C1
__end_of_Lcd_Clear           text15       0F58
__end_of_Lcd_Cmd             text16       0FC0
__end_of_Lcd_Init            text14       054E
__end_of_Lcd_Port            text17       0F70
__end_of_Lcd_Set_Cursor      text13       05A0
__end_of_Lcd_Write_Char      text12       06A7
__end_of_Lcd_Write_String    text11       062B
__end_of_UART_Init           text10       0FDD
__end_of_UART_Send           text8        07E6
__end_of_UART_Write          text9        03FF
__end_of___ftmul             text6        0365
__end_of___ftpack            text7        04ED
__end_of___fttol             text5        03F3
__end_of___lwdiv             text3        0669
__end_of___lwmod             text2        078E
__end_of___lwtoft            text4        0F88
__end_of__initialization     cinit        0017
__end_of__stringtab          strings      0410
__end_of_button              text20       0720
__end_of_dpowers             strings      041A
__end_of_main                maintext     01BC
__end_of_sprintf             text1        0292
__end_ofi1_Lcd_Clear         text26       0F4D
__end_ofi1_Lcd_Cmd           text27       0FA3
__end_ofi1_Lcd_Port          text28       0800
__end_ofi1_Lcd_Set_Cursor    text25       05EA
__end_ofi1_Lcd_Write_Char    text24       075A
__end_ofi1_Lcd_Write_String  text23       06E4
__end_ofi1_UART_Send         text21       1000
__end_ofi1_UART_Write        text22       0F42
__initialization             cinit        0015
__pbssCOMMON                 bssCOMMON    007C
__pcstackBANK0               cstackBANK0  0020
__pcstackBANK1               cstackBANK1  00A0
__pcstackCOMMON              cstackCOMMON 0070
__pintentry                  intentry     0004
__pmaintext                  maintext     001B
__pstrings                   strings      0400
__ptext1                     text1        01BC
__ptext10                    text10       0FC0
__ptext11                    text11       05EA
__ptext12                    text12       0669
__ptext13                    text13       054E
__ptext14                    text14       04ED
__ptext15                    text15       0F4D
__ptext16                    text16       0FA3
__ptext17                    text17       0F58
__ptext18                    text18       078E
__ptext19                    text19       0F2F
__ptext2                     text2        075A
__ptext20                    text20       06E4
__ptext21                    text21       0FDD
__ptext22                    text22       0F38
__ptext23                    text23       06A7
__ptext24                    text24       0720
__ptext25                    text25       05A0
__ptext26                    text26       0F42
__ptext27                    text27       0F88
__ptext28                    text28       07E6
__ptext3                     text3        062B
__ptext4                     text4        0F70
__ptext5                     text5        0365
__ptext6                     text6        0292
__ptext7                     text7        047F
__ptext8                     text8        07C1
__ptext9                     text9        03F3
__size_of_ADC_Init           (abs)        0000
__size_of_ADC_Read           (abs)        0000
__size_of_Lcd_Clear          (abs)        0000
__size_of_Lcd_Cmd            (abs)        0000
__size_of_Lcd_Init           (abs)        0000
__size_of_Lcd_Port           (abs)        0000
__size_of_Lcd_Set_Cursor     (abs)        0000
__size_of_Lcd_Write_Char     (abs)        0000
__size_of_Lcd_Write_String   (abs)        0000
__size_of_UART_Init          (abs)        0000
__size_of_UART_Send          (abs)        0000
__size_of_UART_Write         (abs)        0000
__size_of___ftmul            (abs)        0000
__size_of___ftpack           (abs)        0000
__size_of___fttol            (abs)        0000
__size_of___lwdiv            (abs)        0000
__size_of___lwmod            (abs)        0000
__size_of___lwtoft           (abs)        0000
__size_of_button             (abs)        0000
__size_of_main               (abs)        0000
__size_of_sprintf            (abs)        0000
__size_ofi1_Lcd_Clear        (abs)        0000
__size_ofi1_Lcd_Cmd          (abs)        0000
__size_ofi1_Lcd_Port         (abs)        0000
__size_ofi1_Lcd_Set_Cursor   (abs)        0000
__size_ofi1_Lcd_Write_Char   (abs)        0000
__size_ofi1_Lcd_Write_String (abs)        0000
__size_ofi1_UART_Send        (abs)        0000
__size_ofi1_UART_Write       (abs)        0000
__stringbase                 strings      040F
__stringtab                  strings      0400
_button                      text20       06E4
_dpowers                     strings      0410
_main                        maintext     001B
_sprintf                     text1        01BC
btemp                        (abs)        007E
end_of_initialization        cinit        0017
i1Lcd_Cmd@a                  cstackCOMMON 0073
i1Lcd_Port@a                 cstackCOMMON 0070
i1Lcd_Set_Cursor@a           cstackCOMMON 0077
i1Lcd_Set_Cursor@b           cstackCOMMON 0074
i1Lcd_Set_Cursor@temp        cstackCOMMON 007A
i1Lcd_Set_Cursor@y           cstackCOMMON 0079
i1Lcd_Set_Cursor@z           cstackCOMMON 0078
i1Lcd_Write_Char@a           cstackCOMMON 0074
i1Lcd_Write_Char@temp        cstackCOMMON 0072
i1Lcd_Write_Char@y           cstackCOMMON 0073
i1Lcd_Write_String@a         cstackCOMMON 0075
i1Lcd_Write_String@i         cstackCOMMON 007A
i1UART_Send@s                cstackCOMMON 0071
i1UART_Write@data            cstackCOMMON 0070
i1_Lcd_Clear                 text26       0F42
i1_Lcd_Cmd                   text27       0F88
i1_Lcd_Port                  text28       07E6
i1_Lcd_Set_Cursor            text25       05A0
i1_Lcd_Write_Char            text24       0720
i1_Lcd_Write_String          text23       06A7
i1_UART_Send                 text21       0FDD
i1_UART_Write                text22       0F38
interrupt_function           intentry     0004
intlevel0                    functab      0000
intlevel1                    functab      0000
intlevel2                    functab      0000
intlevel3                    functab      0000
intlevel4                    functab      0000
intlevel5                    functab      0000
main@a                       cstackBANK1  00B4
main@d                       cstackBANK1  00A0
reset_vec                    reset_vec    0000
saved_w                      (abs)        007E
sprintf@ap                   cstackBANK0  003B
sprintf@c                    cstackBANK0  0041
sprintf@f                    cstackBANK0  0035
sprintf@flag                 cstackBANK0  003C
sprintf@prec                 cstackBANK0  003D
sprintf@sp                   cstackBANK0  0040
sprintf@val                  cstackBANK0  003E
stackhi                      (abs)        0000
stacklo                      (abs)        0000
start                        init         0012
start_initialization         cinit        0015
wtemp0                       (abs)        007E


FUNCTION INFORMATION:

 *************** function _main *****************
 Defined at:
		line 26 in file "fire.c"
 Parameters:    Size  Location     Type
		None
 Auto vars:     Size  Location     Type
  d              20    0[BANK1 ] unsigned char [20]
  a               2   20[BANK1 ] unsigned int 
  b               2    0        unsigned int 
 Return value:  Size  Location     Type
                  1    wreg      void 
 Registers used:
		wreg, fsr0l, fsr0h, status,2, status,0, btemp+1, pclath, cstack
 Tracked objects:
		On entry : 
		On exit  : 
		Unchanged: 
 Data sizes:     COMMON   BANK0   BANK1   BANK3   BANK2
      Params:         0       0       0       0       0
      Locals:         0       0      22       0       0
      Temps:          0       3       0       0       0
      Totals:         0       3      22       0       0
Total ram usage:       25 bytes
 Hardware stack levels required when called:    7
 This function calls:
		_ADC_Init
		_ADC_Read
		_Lcd_Clear
		_Lcd_Init
		_Lcd_Set_Cursor
		_Lcd_Write_String
		_UART_Init
		_UART_Send
		___ftmul
		___fttol
		___lwtoft
		_sprintf
 This function is called by:
		Startup code after reset
 This function uses a non-reentrant model


 *************** function _sprintf *****************
 Defined at:
		line 492 in file "C:\Program Files\Microchip\xc8\v1.45\sources\common\doprnt.c"
 Parameters:    Size  Location     Type
  sp              1    wreg     PTR unsigned char 
		 -> main@d(20), 
  f               1   21[BANK0 ] PTR const unsigned char 
		 -> STR_8(10), 
 Auto vars:     Size  Location     Type
  sp              1   32[BANK0 ] PTR unsigned char 
		 -> main@d(20), 
  tmpval          4    0        struct .
  val             2   30[BANK0 ] unsigned int 
  cp              2    0        PTR const unsigned char 
  len             2    0        unsigned int 
  c               1   33[BANK0 ] char 
  prec            1   29[BANK0 ] char 
  flag            1   28[BANK0 ] unsigned char 
  ap              1   27[BANK0 ] PTR void [1]
		 -> ?_sprintf(2), 
 Return value:  Size  Location     Type
                  2   21[BANK0 ] int 
 Registers used:
		wreg, fsr0l, fsr0h, status,2, status,0, btemp+1, pclath, cstack
 Tracked objects:
		On entry : 
		On exit  : 
		Unchanged: 
 Data sizes:     COMMON   BANK0   BANK1   BANK3   BANK2
      Params:         0       3       0       0       0
      Locals:         0       7       0       0       0
      Temps:          0       3       0       0       0
      Totals:         0      13       0       0       0
Total ram usage:       13 bytes
 Hardware stack levels used:    1
 Hardware stack levels required when called:    5
 This function calls:
		___lwdiv
		___lwmod
 This function is called by:
		_main
 This function uses a non-reentrant model


 *************** function ___lwmod *****************
 Defined at:
		line 6 in file "C:\Program Files\Microchip\xc8\v1.45\sources\common\lwmod.c"
 Parameters:    Size  Location     Type
  divisor         2   15[BANK0 ] unsigned int 
  dividend        2   17[BANK0 ] unsigned int 
 Auto vars:     Size  Location     Type
  counter         1   20[BANK0 ] unsigned char 
 Return value:  Size  Location     Type
                  2   15[BANK0 ] unsigned int 
 Registers used:
		wreg, status,2, status,0
 Tracked objects:
		On entry : 
		On exit  : 
		Unchanged: 
 Data sizes:     COMMON   BANK0   BANK1   BANK3   BANK2
      Params:         0       4       0       0       0
      Locals:         0       1       0       0       0
      Temps:          0       1       0       0       0
      Totals:         0       6       0       0       0
Total ram usage:        6 bytes
 Hardware stack levels used:    1
 Hardware stack levels required when called:    4
 This function calls:
		Nothing
 This function is called by:
		_sprintf
 This function uses a non-reentrant model


 *************** function ___lwdiv *****************
 Defined at:
		line 6 in file "C:\Program Files\Microchip\xc8\v1.45\sources\common\lwdiv.c"
 Parameters:    Size  Location     Type
  divisor         2    7[BANK0 ] unsigned int 
  dividend        2    9[BANK0 ] unsigned int 
 Auto vars:     Size  Location     Type
  quotient        2   12[BANK0 ] unsigned int 
  counter         1   14[BANK0 ] unsigned char 
 Return value:  Size  Location     Type
                  2    7[BANK0 ] unsigned int 
 Registers used:
		wreg, status,2, status,0
 Tracked objects:
		On entry : 
		On exit  : 
		Unchanged: 
 Data sizes:     COMMON   BANK0   BANK1   BANK3   BANK2
      Params:         0       4       0       0       0
      Locals:         0       3       0       0       0
      Temps:          0       1       0       0       0
      Totals:         0       8       0       0       0
Total ram usage:        8 bytes
 Hardware stack levels used:    1
 Hardware stack levels required when called:    4
 This function calls:
		Nothing
 This function is called by:
		_sprintf
 This function uses a non-reentrant model


 *************** function ___lwtoft *****************
 Defined at:
		line 28 in file "C:\Program Files\Microchip\xc8\v1.45\sources\common\lwtoft.c"
 Parameters:    Size  Location     Type
  c               2   15[BANK0 ] unsigned int 
 Auto vars:     Size  Location     Type
		None
 Return value:  Size  Location     Type
                  3   15[BANK0 ] float 
 Registers used:
		wreg, status,2, status,0, pclath, cstack
 Tracked objects:
		On entry : 
		On exit  : 
		Unchanged: 
 Data sizes:     COMMON   BANK0   BANK1   BANK3   BANK2
      Params:         0       3       0       0       0
      Locals:         0       0       0       0       0
      Temps:          0       1       0       0       0
      Totals:         0       4       0       0       0
Total ram usage:        4 bytes
 Hardware stack levels used:    1
 Hardware stack levels required when called:    5
 This function calls:
		___ftpack
 This function is called by:
		_main
 This function uses a non-reentrant model


 *************** function ___fttol *****************
 Defined at:
		line 44 in file "C:\Program Files\Microchip\xc8\v1.45\sources\common\fttol.c"
 Parameters:    Size  Location     Type
  f1              3   35[BANK0 ] float 
 Auto vars:     Size  Location     Type
  lval            4   44[BANK0 ] unsigned long 
  exp1            1   48[BANK0 ] unsigned char 
  sign1           1   43[BANK0 ] unsigned char 
 Return value:  Size  Location     Type
                  4   35[BANK0 ] long 
 Registers used:
		wreg, status,2, status,0
 Tracked objects:
		On entry : 
		On exit  : 
		Unchanged: 
 Data sizes:     COMMON   BANK0   BANK1   BANK3   BANK2
      Params:         0       4       0       0       0
      Locals:         0       6       0       0       0
      Temps:          0       4       0       0       0
      Totals:         0      14       0       0       0
Total ram usage:       14 bytes
 Hardware stack levels used:    1
 Hardware stack levels required when called:    4
 This function calls:
		Nothing
 This function is called by:
		_main
 This function uses a non-reentrant model


 *************** function ___ftmul *****************
 Defined at:
		line 62 in file "C:\Program Files\Microchip\xc8\v1.45\sources\common\ftmul.c"
 Parameters:    Size  Location     Type
  f1              3   19[BANK0 ] float 
  f2              3   22[BANK0 ] float 
 Auto vars:     Size  Location     Type
  f3_as_produc    3   30[BANK0 ] unsigned um
  sign            1   34[BANK0 ] unsigned char 
  cntr            1   33[BANK0 ] unsigned char 
  exp             1   29[BANK0 ] unsigned char 
 Return value:  Size  Location     Type
                  3   19[BANK0 ] float 
 Registers used:
		wreg, status,2, status,0, pclath, cstack
 Tracked objects:
		On entry : 
		On exit  : 
		Unchanged: 
 Data sizes:     COMMON   BANK0   BANK1   BANK3   BANK2
      Params:         0       6       0       0       0
      Locals:         0       6       0       0       0
      Temps:          0       4       0       0       0
      Totals:         0      16       0       0       0
Total ram usage:       16 bytes
 Hardware stack levels used:    1
 Hardware stack levels required when called:    5
 This function calls:
		___ftpack
 This function is called by:
		_main
 This function uses a non-reentrant model


 *************** function ___ftpack *****************
 Defined at:
		line 62 in file "C:\Program Files\Microchip\xc8\v1.45\sources\common\float.c"
 Parameters:    Size  Location     Type
  arg             3    7[BANK0 ] unsigned um
  exp             1   10[BANK0 ] unsigned char 
  sign            1   11[BANK0 ] unsigned char 
 Auto vars:     Size  Location     Type
		None
 Return value:  Size  Location     Type
                  3    7[BANK0 ] float 
 Registers used:
		wreg, status,2, status,0
 Tracked objects:
		On entry : 
		On exit  : 
		Unchanged: 
 Data sizes:     COMMON   BANK0   BANK1   BANK3   BANK2
      Params:         0       5       0       0       0
      Locals:         0       0       0       0       0
      Temps:          0       3       0       0       0
      Totals:         0       8       0       0       0
Total ram usage:        8 bytes
 Hardware stack levels used:    1
 Hardware stack levels required when called:    4
 This function calls:
		Nothing
 This function is called by:
		___ftmul
		___lwtoft
 This function uses a non-reentrant model


 *************** function _UART_Send *****************
 Defined at:
		line 35 in file "lib.h"
 Parameters:    Size  Location     Type
  s               2    8[BANK0 ] PTR unsigned char 
		 -> STR_11(10), main@d(20), STR_7(9), STR_4(10), 
 Auto vars:     Size  Location     Type
		None
 Return value:  Size  Location     Type
                  1    wreg      void 
 Registers used:
		wreg, fsr0l, fsr0h, status,2, status,0, btemp+1, pclath, cstack
 Tracked objects:
		On entry : 
		On exit  : 
		Unchanged: 
 Data sizes:     COMMON   BANK0   BANK1   BANK3   BANK2
      Params:         0       2       0       0       0
      Locals:         0       0       0       0       0
      Temps:          0       0       0       0       0
      Totals:         0       2       0       0       0
Total ram usage:        2 bytes
 Hardware stack levels used:    1
 Hardware stack levels required when called:    5
 This function calls:
		_UART_Write
 This function is called by:
		_main
 This function uses a non-reentrant model


 *************** function _UART_Write *****************
 Defined at:
		line 29 in file "lib.h"
 Parameters:    Size  Location     Type
  data            1    wreg     unsigned char 
 Auto vars:     Size  Location     Type
  data            1    7[BANK0 ] unsigned char 
 Return value:  Size  Location     Type
                  1    wreg      void 
 Registers used:
		wreg
 Tracked objects:
		On entry : 
		On exit  : 
		Unchanged: 
 Data sizes:     COMMON   BANK0   BANK1   BANK3   BANK2
      Params:         0       0       0       0       0
      Locals:         0       1       0       0       0
      Temps:          0       0       0       0       0
      Totals:         0       1       0       0       0
Total ram usage:        1 bytes
 Hardware stack levels used:    1
 Hardware stack levels required when called:    4
 This function calls:
		Nothing
 This function is called by:
		_UART_Send
 This function uses a non-reentrant model


 *************** function _UART_Init *****************
 Defined at:
		line 15 in file "lib.h"
 Parameters:    Size  Location     Type
		None
 Auto vars:     Size  Location     Type
		None
 Return value:  Size  Location     Type
                  1    wreg      void 
 Registers used:
		wreg
 Tracked objects:
		On entry : 
		On exit  : 
		Unchanged: 
 Data sizes:     COMMON   BANK0   BANK1   BANK3   BANK2
      Params:         0       0       0       0       0
      Locals:         0       0       0       0       0
      Temps:          0       0       0       0       0
      Totals:         0       0       0       0       0
Total ram usage:        0 bytes
 Hardware stack levels used:    1
 Hardware stack levels required when called:    4
 This function calls:
		Nothing
 This function is called by:
		_main
 This function uses a non-reentrant model


 *************** function _Lcd_Write_String *****************
 Defined at:
		line 154 in file "lib.h"
 Parameters:    Size  Location     Type
  a               2   12[BANK0 ] PTR unsigned char 
		 -> STR_10(10), STR_9(3), main@d(20), STR_6(9), 
		 -> STR_5(22), STR_3(6), STR_2(14), STR_1(8), 
 Auto vars:     Size  Location     Type
  i               2   17[BANK0 ] int 
 Return value:  Size  Location     Type
                  1    wreg      void 
 Registers used:
		wreg, fsr0l, fsr0h, status,2, status,0, btemp+1, pclath, cstack
 Tracked objects:
		On entry : 
		On exit  : 
		Unchanged: 
 Data sizes:     COMMON   BANK0   BANK1   BANK3   BANK2
      Params:         0       2       0       0       0
      Locals:         0       2       0       0       0
      Temps:          0       3       0       0       0
      Totals:         0       7       0       0       0
Total ram usage:        7 bytes
 Hardware stack levels used:    1
 Hardware stack levels required when called:    6
 This function calls:
		_Lcd_Write_Char
 This function is called by:
		_main
 This function uses a non-reentrant model


 *************** function _Lcd_Write_Char *****************
 Defined at:
		line 137 in file "lib.h"
 Parameters:    Size  Location     Type
  a               1    wreg     unsigned char 
 Auto vars:     Size  Location     Type
  a               1   11[BANK0 ] unsigned char 
  y               1   10[BANK0 ] unsigned char 
  temp            1    9[BANK0 ] unsigned char 
 Return value:  Size  Location     Type
                  1    wreg      void 
 Registers used:
		wreg, status,2, status,0, pclath, cstack
 Tracked objects:
		On entry : 
		On exit  : 
		Unchanged: 
 Data sizes:     COMMON   BANK0   BANK1   BANK3   BANK2
      Params:         0       0       0       0       0
      Locals:         0       3       0       0       0
      Temps:          0       1       0       0       0
      Totals:         0       4       0       0       0
Total ram usage:        4 bytes
 Hardware stack levels used:    1
 Hardware stack levels required when called:    5
 This function calls:
		_Lcd_Port
 This function is called by:
		_Lcd_Write_String
 This function uses a non-reentrant model


 *************** function _Lcd_Set_Cursor *****************
 Defined at:
		line 97 in file "lib.h"
 Parameters:    Size  Location     Type
  a               1    wreg     unsigned char 
  b               1   11[BANK0 ] unsigned char 
 Auto vars:     Size  Location     Type
  a               1   14[BANK0 ] unsigned char 
  temp            1   17[BANK0 ] unsigned char 
  y               1   16[BANK0 ] unsigned char 
  z               1   15[BANK0 ] unsigned char 
 Return value:  Size  Location     Type
                  1    wreg      void 
 Registers used:
		wreg, status,2, status,0, pclath, cstack
 Tracked objects:
		On entry : 
		On exit  : 
		Unchanged: 
 Data sizes:     COMMON   BANK0   BANK1   BANK3   BANK2
      Params:         0       1       0       0       0
      Locals:         0       4       0       0       0
      Temps:          0       2       0       0       0
      Totals:         0       7       0       0       0
Total ram usage:        7 bytes
 Hardware stack levels used:    1
 Hardware stack levels required when called:    6
 This function calls:
		_Lcd_Cmd
 This function is called by:
		_main
 This function uses a non-reentrant model


 *************** function _Lcd_Init *****************
 Defined at:
		line 118 in file "lib.h"
 Parameters:    Size  Location     Type
		None
 Auto vars:     Size  Location     Type
		None
 Return value:  Size  Location     Type
                  1    wreg      void 
 Registers used:
		wreg, status,2, status,0, pclath, cstack
 Tracked objects:
		On entry : 
		On exit  : 
		Unchanged: 
 Data sizes:     COMMON   BANK0   BANK1   BANK3   BANK2
      Params:         0       0       0       0       0
      Locals:         0       0       0       0       0
      Temps:          0       2       0       0       0
      Totals:         0       2       0       0       0
Total ram usage:        2 bytes
 Hardware stack levels used:    1
 Hardware stack levels required when called:    6
 This function calls:
		_Lcd_Cmd
		_Lcd_Port
 This function is called by:
		_main
 This function uses a non-reentrant model


 *************** function _Lcd_Clear *****************
 Defined at:
		line 91 in file "lib.h"
 Parameters:    Size  Location     Type
		None
 Auto vars:     Size  Location     Type
		None
 Return value:  Size  Location     Type
                  2  113[None  ] int 
 Registers used:
		wreg, status,2, status,0, pclath, cstack
 Tracked objects:
		On entry : 
		On exit  : 
		Unchanged: 
 Data sizes:     COMMON   BANK0   BANK1   BANK3   BANK2
      Params:         0       0       0       0       0
      Locals:         0       0       0       0       0
      Temps:          0       0       0       0       0
      Totals:         0       0       0       0       0
Total ram usage:        0 bytes
 Hardware stack levels used:    1
 Hardware stack levels required when called:    6
 This function calls:
		_Lcd_Cmd
 This function is called by:
		_main
 This function uses a non-reentrant model


 *************** function _Lcd_Cmd *****************
 Defined at:
		line 81 in file "lib.h"
 Parameters:    Size  Location     Type
  a               1    wreg     unsigned char 
 Auto vars:     Size  Location     Type
  a               1   10[BANK0 ] unsigned char 
 Return value:  Size  Location     Type
                  1    wreg      void 
 Registers used:
		wreg, status,2, status,0, pclath, cstack
 Tracked objects:
		On entry : 
		On exit  : 
		Unchanged: 
 Data sizes:     COMMON   BANK0   BANK1   BANK3   BANK2
      Params:         0       0       0       0       0
      Locals:         0       1       0       0       0
      Temps:          0       2       0       0       0
      Totals:         0       3       0       0       0
Total ram usage:        3 bytes
 Hardware stack levels used:    1
 Hardware stack levels required when called:    5
 This function calls:
		_Lcd_Port
 This function is called by:
		_Lcd_Clear
		_Lcd_Set_Cursor
		_Lcd_Init
 This function uses a non-reentrant model


 *************** function _Lcd_Port *****************
 Defined at:
		line 59 in file "lib.h"
 Parameters:    Size  Location     Type
  a               1    wreg     unsigned char 
 Auto vars:     Size  Location     Type
  a               1    7[BANK0 ] unsigned char 
 Return value:  Size  Location     Type
                  1    wreg      void 
 Registers used:
		wreg
 Tracked objects:
		On entry : 
		On exit  : 
		Unchanged: 
 Data sizes:     COMMON   BANK0   BANK1   BANK3   BANK2
      Params:         0       0       0       0       0
      Locals:         0       1       0       0       0
      Temps:          0       0       0       0       0
      Totals:         0       1       0       0       0
Total ram usage:        1 bytes
 Hardware stack levels used:    1
 Hardware stack levels required when called:    4
 This function calls:
		Nothing
 This function is called by:
		_Lcd_Cmd
		_Lcd_Init
		_Lcd_Write_Char
 This function uses a non-reentrant model


 *************** function _ADC_Read *****************
 Defined at:
		line 47 in file "lib.h"
 Parameters:    Size  Location     Type
  channel         1    wreg     unsigned char 
 Auto vars:     Size  Location     Type
  channel         1   11[BANK0 ] unsigned char 
 Return value:  Size  Location     Type
                  2    7[BANK0 ] unsigned int 
 Registers used:
		wreg, status,2, status,0
 Tracked objects:
		On entry : 
		On exit  : 
		Unchanged: 
 Data sizes:     COMMON   BANK0   BANK1   BANK3   BANK2
      Params:         0       2       0       0       0
      Locals:         0       1       0       0       0
      Temps:          0       2       0       0       0
      Totals:         0       5       0       0       0
Total ram usage:        5 bytes
 Hardware stack levels used:    1
 Hardware stack levels required when called:    4
 This function calls:
		Nothing
 This function is called by:
		_main
 This function uses a non-reentrant model


 *************** function _ADC_Init *****************
 Defined at:
		line 41 in file "lib.h"
 Parameters:    Size  Location     Type
		None
 Auto vars:     Size  Location     Type
		None
 Return value:  Size  Location     Type
                  1    wreg      void 
 Registers used:
		wreg
 Tracked objects:
		On entry : 
		On exit  : 
		Unchanged: 
 Data sizes:     COMMON   BANK0   BANK1   BANK3   BANK2
      Params:         0       0       0       0       0
      Locals:         0       0       0       0       0
      Temps:          0       0       0       0       0
      Totals:         0       0       0       0       0
Total ram usage:        0 bytes
 Hardware stack levels used:    1
 Hardware stack levels required when called:    4
 This function calls:
		Nothing
 This function is called by:
		_main
 This function uses a non-reentrant model


 *************** function _button *****************
 Defined at:
		line 112 in file "fire.c"
 Parameters:    Size  Location     Type
		None
 Auto vars:     Size  Location     Type
		None
 Return value:  Size  Location     Type
                  1    wreg      void 
 Registers used:
		wreg, fsr0l, fsr0h, status,2, status,0, btemp+1, pclath, cstack
 Tracked objects:
		On entry : 
		On exit  : 
		Unchanged: 
 Data sizes:     COMMON   BANK0   BANK1   BANK3   BANK2
      Params:         0       0       0       0       0
      Locals:         0       0       0       0       0
      Temps:          0       7       0       0       0
      Totals:         0       7       0       0       0
Total ram usage:        7 bytes
 Hardware stack levels used:    1
 Hardware stack levels required when called:    3
 This function calls:
		i1_Lcd_Clear
		i1_Lcd_Set_Cursor
		i1_Lcd_Write_String
		i1_UART_Send
 This function is called by:
		Interrupt level 1
 This function uses a non-reentrant model


 *************** function i1_UART_Send *****************
 Defined at:
		line 35 in file "lib.h"
 Parameters:    Size  Location     Type
  s               2    1[COMMON] PTR unsigned char 
		 -> STR_11(10), main@d(20), STR_7(9), STR_4(10), 
 Auto vars:     Size  Location     Type
		None
 Return value:  Size  Location     Type
                  1    wreg      void 
 Registers used:
		wreg, fsr0l, fsr0h, status,2, status,0, btemp+1, pclath, cstack
 Tracked objects:
		On entry : 
		On exit  : 
		Unchanged: 
 Data sizes:     COMMON   BANK0   BANK1   BANK3   BANK2
      Params:         2       0       0       0       0
      Locals:         0       0       0       0       0
      Temps:          0       0       0       0       0
      Totals:         2       0       0       0       0
Total ram usage:        2 bytes
 Hardware stack levels used:    1
 Hardware stack levels required when called:    1
 This function calls:
		i1_UART_Write
 This function is called by:
		_button
 This function uses a non-reentrant model


 *************** function i1_UART_Write *****************
 Defined at:
		line 29 in file "lib.h"
 Parameters:    Size  Location     Type
  data            1    wreg     unsigned char 
 Auto vars:     Size  Location     Type
  data            1    0[COMMON] unsigned char 
 Return value:  Size  Location     Type
                  1    wreg      void 
 Registers used:
		wreg
 Tracked objects:
		On entry : 
		On exit  : 
		Unchanged: 
 Data sizes:     COMMON   BANK0   BANK1   BANK3   BANK2
      Params:         0       0       0       0       0
      Locals:         1       0       0       0       0
      Temps:          0       0       0       0       0
      Totals:         1       0       0       0       0
Total ram usage:        1 bytes
 Hardware stack levels used:    1
 This function calls:
		Nothing
 This function is called by:
		i1_UART_Send
 This function uses a non-reentrant model


 *************** function i1_Lcd_Write_String *****************
 Defined at:
		line 154 in file "lib.h"
 Parameters:    Size  Location     Type
  a               2    5[COMMON] PTR unsigned char 
		 -> STR_10(10), STR_9(3), main@d(20), STR_6(9), 
		 -> STR_5(22), STR_3(6), STR_2(14), STR_1(8), 
 Auto vars:     Size  Location     Type
  Lcd_Write_St    2   10[COMMON] int 
 Return value:  Size  Location     Type
                  1    wreg      void 
 Registers used:
		wreg, fsr0l, fsr0h, status,2, status,0, btemp+1, pclath, cstack
 Tracked objects:
		On entry : 
		On exit  : 
		Unchanged: 
 Data sizes:     COMMON   BANK0   BANK1   BANK3   BANK2
      Params:         2       0       0       0       0
      Locals:         2       0       0       0       0
      Temps:          3       0       0       0       0
      Totals:         7       0       0       0       0
Total ram usage:        7 bytes
 Hardware stack levels used:    1
 Hardware stack levels required when called:    2
 This function calls:
		i1_Lcd_Write_Char
 This function is called by:
		_button
 This function uses a non-reentrant model


 *************** function i1_Lcd_Write_Char *****************
 Defined at:
		line 137 in file "lib.h"
 Parameters:    Size  Location     Type
  a               1    wreg     unsigned char 
 Auto vars:     Size  Location     Type
  a               1    4[COMMON] unsigned char 
  Lcd_Write_Ch    1    3[COMMON] unsigned char 
  Lcd_Write_Ch    1    2[COMMON] unsigned char 
 Return value:  Size  Location     Type
                  1    wreg      void 
 Registers used:
		wreg, status,2, status,0, pclath, cstack
 Tracked objects:
		On entry : 
		On exit  : 
		Unchanged: 
 Data sizes:     COMMON   BANK0   BANK1   BANK3   BANK2
      Params:         0       0       0       0       0
      Locals:         3       0       0       0       0
      Temps:          1       0       0       0       0
      Totals:         4       0       0       0       0
Total ram usage:        4 bytes
 Hardware stack levels used:    1
 Hardware stack levels required when called:    1
 This function calls:
		i1_Lcd_Port
 This function is called by:
		i1_Lcd_Write_String
 This function uses a non-reentrant model


 *************** function i1_Lcd_Set_Cursor *****************
 Defined at:
		line 97 in file "lib.h"
 Parameters:    Size  Location     Type
  a               1    wreg     unsigned char 
  b               1    4[COMMON] unsigned char 
 Auto vars:     Size  Location     Type
  a               1    7[COMMON] unsigned char 
  Lcd_Set_Curs    1   10[COMMON] unsigned char 
  Lcd_Set_Curs    1    9[COMMON] unsigned char 
  Lcd_Set_Curs    1    8[COMMON] unsigned char 
 Return value:  Size  Location     Type
                  1    wreg      void 
 Registers used:
		wreg, status,2, status,0, pclath, cstack
 Tracked objects:
		On entry : 
		On exit  : 
		Unchanged: 
 Data sizes:     COMMON   BANK0   BANK1   BANK3   BANK2
      Params:         1       0       0       0       0
      Locals:         4       0       0       0       0
      Temps:          2       0       0       0       0
      Totals:         7       0       0       0       0
Total ram usage:        7 bytes
 Hardware stack levels used:    1
 Hardware stack levels required when called:    2
 This function calls:
		i1_Lcd_Cmd
 This function is called by:
		_button
 This function uses a non-reentrant model


 *************** function i1_Lcd_Clear *****************
 Defined at:
		line 91 in file "lib.h"
 Parameters:    Size  Location     Type
		None
 Auto vars:     Size  Location     Type
		None
 Return value:  Size  Location     Type
                  2    0[None  ] int 
 Registers used:
		wreg, status,2, status,0, pclath, cstack
 Tracked objects:
		On entry : 
		On exit  : 
		Unchanged: 
 Data sizes:     COMMON   BANK0   BANK1   BANK3   BANK2
      Params:         0       0       0       0       0
      Locals:         0       0       0       0       0
      Temps:          0       0       0       0       0
      Totals:         0       0       0       0       0
Total ram usage:        0 bytes
 Hardware stack levels used:    1
 Hardware stack levels required when called:    2
 This function calls:
		i1_Lcd_Cmd
 This function is called by:
		_button
 This function uses a non-reentrant model


 *************** function i1_Lcd_Cmd *****************
 Defined at:
		line 81 in file "lib.h"
 Parameters:    Size  Location     Type
  a               1    wreg     unsigned char 
 Auto vars:     Size  Location     Type
  a               1    3[COMMON] unsigned char 
 Return value:  Size  Location     Type
                  1    wreg      void 
 Registers used:
		wreg, status,2, status,0, pclath, cstack
 Tracked objects:
		On entry : 
		On exit  : 
		Unchanged: 
 Data sizes:     COMMON   BANK0   BANK1   BANK3   BANK2
      Params:         0       0       0       0       0
      Locals:         1       0       0       0       0
      Temps:          2       0       0       0       0
      Totals:         3       0       0       0       0
Total ram usage:        3 bytes
 Hardware stack levels used:    1
 Hardware stack levels required when called:    1
 This function calls:
		i1_Lcd_Port
 This function is called by:
		i1_Lcd_Clear
		i1_Lcd_Set_Cursor
 This function uses a non-reentrant model


 *************** function i1_Lcd_Port *****************
 Defined at:
		line 59 in file "lib.h"
 Parameters:    Size  Location     Type
  a               1    wreg     unsigned char 
 Auto vars:     Size  Location     Type
  a               1    0[COMMON] unsigned char 
 Return value:  Size  Location     Type
                  1    wreg      void 
 Registers used:
		wreg
 Tracked objects:
		On entry : 
		On exit  : 
		Unchanged: 
 Data sizes:     COMMON   BANK0   BANK1   BANK3   BANK2
      Params:         0       0       0       0       0
      Locals:         1       0       0       0       0
      Temps:          0       0       0       0       0
      Totals:         1       0       0       0       0
Total ram usage:        1 bytes
 Hardware stack levels used:    1
 This function calls:
		Nothing
 This function is called by:
		i1_Lcd_Cmd
		i1_Lcd_Write_Char
 This function uses a non-reentrant model



MODULE INFORMATION

Module		Function		Class		Link	Load	Size
C:\Program Files\Microchip\xc8\v1.45\sources\common\ftmul.c
		___ftmul       		CODE           	0292	0000	212

C:\Program Files\Microchip\xc8\v1.45\sources\common\ftmul.c estimated size: 212

C:\Program Files\Microchip\xc8\v1.45\sources\common\lwdiv.c
		___lwdiv       		CODE           	062B	0000	63

C:\Program Files\Microchip\xc8\v1.45\sources\common\lwdiv.c estimated size: 63

lib.h
		_Lcd_Write_String		CODE           	05EA	0000	66
		_Lcd_Init      		CODE           	04ED	0000	98
		_Lcd_Write_Char		CODE           	0669	0000	63
		_UART_Init     		CODE           	0FC0	0000	30
		_Lcd_Cmd       		CODE           	0FA3	0000	30
		_UART_Send     		CODE           	07C1	0000	38
		_Lcd_Set_Cursor		CODE           	054E	0000	83
		_Lcd_Clear     		CODE           	0F4D	0000	12
		_UART_Write    		CODE           	03F3	0000	13
		_Lcd_Port      		CODE           	0F58	0000	25
		_ADC_Read      		CODE           	078E	0000	52
		_ADC_Init      		CODE           	0F2F	0000	10

lib.h estimated size: 520

C:\Program Files\Microchip\xc8\v1.45\sources\common\fttol.c
		___fttol       		CODE           	0365	0000	143

C:\Program Files\Microchip\xc8\v1.45\sources\common\fttol.c estimated size: 143

C:\Program Files\Microchip\xc8\v1.45\sources\common\lwtoft.c
		___lwtoft      		CODE           	0F70	0000	25

C:\Program Files\Microchip\xc8\v1.45\sources\common\lwtoft.c estimated size: 25

fire.c
		_main          		CODE           	001B	0000	418
		_button        		CODE           	06E4	0000	61

fire.c estimated size: 479

shared
		__stringtab    		STRING         	0400	0000	17
		_dpowers       		STRING         	0410	0000	11
		i1_UART_Send   		CODE           	0FDD	0000	36
		i1_Lcd_Write_Char		CODE           	0720	0000	59
		i1_UART_Write  		CODE           	0F38	0000	11
		i1_Lcd_Port    		CODE           	07E6	0000	27
		i1_Lcd_Cmd     		CODE           	0F88	0000	28
		i1_Lcd_Clear   		CODE           	0F42	0000	12
		__initialization		CODE           	0015	0000	3
		i1_Lcd_Set_Cursor		CODE           	05A0	0000	75
		i1_Lcd_Write_String		CODE           	06A7	0000	62

shared estimated size: 341

C:\Program Files\Microchip\xc8\v1.45\sources\common\doprnt.c
		_sprintf       		CODE           	01BC	0000	215

C:\Program Files\Microchip\xc8\v1.45\sources\common\doprnt.c estimated size: 215

C:\Program Files\Microchip\xc8\v1.45\sources\common\float.c
		___ftpack      		CODE           	047F	0000	111

C:\Program Files\Microchip\xc8\v1.45\sources\common\float.c estimated size: 111

C:\Program Files\Microchip\xc8\v1.45\sources\common\lwmod.c
		___lwmod       		CODE           	075A	0000	53

C:\Program Files\Microchip\xc8\v1.45\sources\common\lwmod.c estimated size: 53

